 ConEmuTh.x64

 Timestamp is 6041154f (Thu Mar  4 18:13:51 2021)

 Preferred load address is 0000000180000000

 Start         Length     Name                   Class
 0001:00000000 000287b0H .text$mn                CODE
 0001:000287b0 00000040H .text$mn$00             CODE
 0001:000287f0 000005a0H .text$x                 CODE
 0002:00000000 00000658H .idata$5                DATA
 0002:00000658 00000028H .00cfg                  DATA
 0002:00000680 00000008H .CRT$XCA                DATA
 0002:00000688 00000008H .CRT$XCZ                DATA
 0002:00000690 00000008H .CRT$XIA                DATA
 0002:00000698 00000018H .CRT$XIC                DATA
 0002:000006b0 00000008H .CRT$XIZ                DATA
 0002:000006b8 00000008H .CRT$XPA                DATA
 0002:000006c0 00000010H .CRT$XPX                DATA
 0002:000006d0 00000008H .CRT$XPXA               DATA
 0002:000006d8 00000008H .CRT$XPZ                DATA
 0002:000006e0 00000008H .CRT$XTA                DATA
 0002:000006e8 00000008H .CRT$XTZ                DATA
 0002:000006f0 00000000H .gehcont$y              DATA
 0002:000006f0 00000000H .gfids$y                DATA
 0002:000006f0 00009d10H .rdata                  DATA
 0002:0000a400 00000000H .rdata$CastGuardVftablesA DATA
 0002:0000a400 00000000H .rdata$CastGuardVftablesC DATA
 0002:0000a400 0000077cH .rdata$r                DATA
 0002:0000ab7c 0000036cH .rdata$zzzdbg           DATA
 0002:0000aee8 00000008H .rtc$IAA                DATA
 0002:0000aef0 00000008H .rtc$IZZ                DATA
 0002:0000aef8 00000008H .rtc$TAA                DATA
 0002:0000af00 00000008H .rtc$TZZ                DATA
 0002:0000af08 00001c48H .xdata                  DATA
 0002:0000cb50 00000200H .xdata$x                DATA
 0002:0000cd50 0000016cH .edata                  DATA
 0002:0000cebc 0000008cH .idata$2                DATA
 0002:0000cf48 00000018H .idata$3                DATA
 0002:0000cf60 00000658H .idata$4                DATA
 0002:0000d5b8 00000dfaH .idata$6                DATA
 0003:00000000 00000ae0H .data                   DATA
 0003:00000ae0 000001a0H .data$r                 DATA
 0003:00000c80 00000250H .data$rs                DATA
 0003:00000ed0 0002b198H .bss                    DATA
 0004:00000000 000020dcH .pdata                  DATA
 0005:00000000 00000100H _RDATA                  DATA
 0006:00000000 00000130H .rsrc$01                DATA
 0006:00000130 00001560H .rsrc$02                DATA

  Address         Publics by Value              Rva+Base               Lib:Object

 0000:00000000       ___safe_se_handler_table   0000000000000000     <absolute>
 0000:00000000       __guard_longjmp_table      0000000000000000     <absolute>
 0000:00000000       __arm64x_redirection_metadata 0000000000000000     <absolute>
 0000:00000000       __x64_code_ranges_to_entry_points 0000000000000000     <absolute>
 0000:00000000       __guard_iat_table          0000000000000000     <absolute>
 0000:00000000       __guard_fids_count         0000000000000000     <absolute>
 0000:00000000       __guard_iat_count          0000000000000000     <absolute>
 0000:00000000       __guard_longjmp_count      0000000000000000     <absolute>
 0000:00000000       __arm64x_extra_rfe_table   0000000000000000     <absolute>
 0000:00000000       __dynamic_value_reloc_table 0000000000000000     <absolute>
 0000:00000000       __x64_code_ranges_to_entry_points_count 0000000000000000     <absolute>
 0000:00000000       __hybrid_auxiliary_iat     0000000000000000     <absolute>
 0000:00000000       __hybrid_code_map          0000000000000000     <absolute>
 0000:00000000       __volatile_metadata        0000000000000000     <absolute>
 0000:00000000       __arm64x_extra_rfe_table_size 0000000000000000     <absolute>
 0000:00000000       ___safe_se_handler_count   0000000000000000     <absolute>
 0000:00000000       __AbsoluteZero             0000000000000000     <absolute>
 0000:00000000       __guard_fids_table         0000000000000000     <absolute>
 0000:00000000       __guard_eh_cont_count      0000000000000000     <absolute>
 0000:00000000       __arm64x_redirection_metadata_count 0000000000000000     <absolute>
 0000:00000000       __enclave_config           0000000000000000     <absolute>
 0000:00000000       __guard_eh_cont_table      0000000000000000     <absolute>
 0000:00000000       __arm64x_native_entrypoint 0000000000000000     <absolute>
 0000:00000000       __hybrid_code_map_count    0000000000000000     <absolute>
 0000:00000100       __guard_flags              0000000000000100     <absolute>
 0000:00000000       __ImageBase                0000000180000000     <linker-defined>
 0001:00000000       ExitFARW                   0000000180001000 f   ConEmuTh.obj
 0001:00000000       ?ExitFARW3@@YAXPEAX@Z      0000000180001000 f   ConEmuTh.obj
 0001:00000038       ProcessSynchroEventW       0000000180001038 f   ConEmuTh.obj
 0001:00000040       ??$swprintf_c@$0CAA@@@YAHAEAY0CAA@_WPEB_WZZ 0000000180001040 f i ConEmuTh.obj
 0001:0000006c       ??$wcscpy_c@$0CAI@@@YAHAEAY0CAI@_WPEB_W@Z 000000018000106c f i ConEmuTh.obj
 0001:000000b8       ??1?$MFileMapping@UPanelViewSetMapping@@@@QEAA@XZ 00000001800010b8 f i ConEmuTh.obj
 0001:00000234       ?CheckConEmu@@YAHH@Z       0000000180001234 f   ConEmuTh.obj
 0001:0000033c       ?CheckPanelSettings@@YAHH@Z 000000018000133c f   ConEmuTh.obj
 0001:0000036c       ?CheckVarsInitialized@@YAXXZ 000000018000136c f   ConEmuTh.obj
 0001:000004a8       ?CheckWindows@@YA_NXZ      00000001800014a8 f   ConEmuTh.obj
 0001:00000548       ?CloseMap@?$MFileMapping@Utag_DetectedDialog@@@@QEAAXXZ 0000000180001548 f i ConEmuTh.obj
 0001:00000548       ?CloseMap@?$MFileMapping@UPanelViewSetMapping@@@@QEAAXXZ 0000000180001548 f i ConEmuTh.obj
 0001:000005ac       ?EntryPoint@@YAXH_J_N@Z    00000001800015ac f   ConEmuTh.obj
 0001:00000764       ?ExecuteInMainThread@@YAXPEAUConEmuThSynchroArg@@@Z 0000000180001764 f   ConEmuTh.obj
 0001:000007f0       ?ExitPlugin@@YAXXZ         00000001800017f0 f   ConEmuTh.obj
 0001:0000093c       ?FreeItem@CePluginPanelItem@@QEAAXXZ 000000018000193c f   ConEmuTh.obj
 0001:0000095c       ?FreeUserData@CePluginPanelItem@@QEAAXXZ 000000018000195c f   ConEmuTh.obj
 0001:000009a8       ?GetActivePanel@@YAPEAUCeFullPanelInfo@@XZ 00000001800019a8 f   ConEmuTh.obj
 0001:000009ec       ?GetFarRect@@YAHPEAU_SMALL_RECT@@@Z 00000001800019ec f   ConEmuTh.obj
 0001:00000a58       ?GetFocusedThumbnails@@YAPEAUCeFullPanelInfo@@XZ 0000000180001a58 f   ConEmuTh.obj
 0001:00000ab4       ?GetMainThreadId@@YAKXZ    0000000180001ab4 f   ConEmuTh.obj
 0001:00000b64       ?GetMsgW@@YAPEB_WH@Z       0000000180001b64 f   ConEmuTh.obj
 0001:00000b98       ?GetPalette@@YAAEBV?$array@K$0BA@@std@@XZ 0000000180001b98 f   ConEmuTh.obj
 0001:00000ba0       ?GetPluginInfoWcmn@@YAXPEAX@Z 0000000180001ba0 f   ConEmuTh.obj
 0001:00000bc4       ?GetTo@?$MFileMapping@UPanelViewSetMapping@@@@QEAA_NPEAUPanelViewSetMapping@@H@Z 0000000180001bc4 f i ConEmuTh.obj
 0001:00000c94       ?InternalOpenCreate@?$MFileMapping@UPanelViewSetMapping@@@@IEAAPEAUPanelViewSetMapping@@_N0H@Z 0000000180001c94 f i ConEmuTh.obj
 0001:00000c94       ?InternalOpenCreate@?$MFileMapping@Utag_DetectedDialog@@@@IEAAPEAUtag_DetectedDialog@@_N0H@Z 0000000180001c94 f i ConEmuTh.obj
 0001:00000f48       ?IsThumbnailsActive@@YAPEAUCeFullPanelInfo@@H@Z 0000000180001f48 f   ConEmuTh.obj
 0001:00001148       ?LoadFarVersion@@YAHXZ     0000000180002148 f   ConEmuTh.obj
 0001:000014f0       ?LoadPanelItemInfo@@YAXPEAUCeFullPanelInfo@@_J@Z 00000001800024f0 f   ConEmuTh.obj
 0001:00001520       ?LoadThSet@@YAHK@Z         0000000180002520 f   ConEmuTh.obj
 0001:00001830       ?OnPostPeekConsole@@YAHPEAXPEAU_INPUT_RECORD@@KPEAKPEAH@Z 0000000180002830 f   ConEmuTh.obj
 0001:00001870       ?OnPostReadConsole@@YAHPEAXPEAU_INPUT_RECORD@@KPEAKPEAH@Z 0000000180002870 f   ConEmuTh.obj
 0001:000018b4       ?OnPrePeekConsole@@YAHPEAXPEAU_INPUT_RECORD@@KPEAKPEAH@Z 00000001800028b4 f   ConEmuTh.obj
 0001:0000197c       ?OnPreReadConsole@@YAHPEAXPEAU_INPUT_RECORD@@KPEAKPEAH@Z 000000018000297c f   ConEmuTh.obj
 0001:00001998       ?OnPreWriteConsoleOutput@@YAHPEAXPEBU_CHAR_INFO@@U_COORD@@2PEAU_SMALL_RECT@@@Z 0000000180002998 f   ConEmuTh.obj
 0001:00001b14       ?OnReadyForPanelsReload@@YAXXZ 0000000180002b14 f   ConEmuTh.obj
 0001:00001d68       ?OpenPluginWcmn@@YAPEAXH_J_N@Z 0000000180002d68 f   ConEmuTh.obj
 0001:00001dc4       ?OpenW@@YAPEAXPEBUOpenInfo@@@Z 0000000180002dc4 f   ConEmuTh.obj
 0001:00001df4       ?PostMacro@@YAXPEA_W@Z     0000000180002df4 f   ConEmuTh.obj
 0001:00001f7c       ?ProcessConsoleInput@@YAHHPEAU_INPUT_RECORD@@KPEAK@Z 0000000180002f7c f   ConEmuTh.obj
 0001:000022a8       ?ProcessSynchroEventCommon@@YAHHPEAX@Z 00000001800032a8 f   ConEmuTh.obj
 0001:00002458       ?RefreshPalette@@YAAEBV?$array@K$0BA@@std@@_N@Z 0000000180003458 f   ConEmuTh.obj
 0001:000024d0       ?ReloadPanelsInfo@@YAXXZ   00000001800034d0 f   ConEmuTh.obj
 0001:000026b8       ?ReloadResourcesW@@YAXXZ   00000001800036b8 f   ConEmuTh.obj
 0001:00002754       ?ResetUngetBuffer@@YAXXZ   0000000180003754 f   ConEmuTh.obj
 0001:00002764       ?SavePanelViewState@@YAXHK@Z 0000000180003764 f   ConEmuTh.obj
 0001:000027ac       ?SetFrom@?$MFileMapping@Utag_DetectedDialog@@@@QEAA_NPEBUtag_DetectedDialog@@H@Z 00000001800037ac f i ConEmuTh.obj
 0001:000028d4       ?SettingsLoad@@YAHPEB_WPEAK@Z 00000001800038d4 f   ConEmuTh.obj
 0001:00002904       ?SettingsLoadOther@@YAXPEB_W@Z 0000000180003904 f   ConEmuTh.obj
 0001:00002a60       ?SettingsLoadReg@@YAHPEB_W0PEAK@Z 0000000180003a60 f   ConEmuTh.obj
 0001:00002b00       ?SettingsSave@@YAXPEB_WPEAK@Z 0000000180003b00 f   ConEmuTh.obj
 0001:00002b30       ?SettingsSaveReg@@YAXPEB_W0PEAK@Z 0000000180003b30 f   ConEmuTh.obj
 0001:00002bb8       ?ShowLastError@@YAHXZ      0000000180003bb8 f   ConEmuTh.obj
 0001:00002c50       ?ShowMessage@@YAHHH@Z      0000000180003c50 f   ConEmuTh.obj
 0001:00002c80       ?ShowPluginMenu@@YAHXZ     0000000180003c80 f   ConEmuTh.obj
 0001:00002cb0       ?StartPlugin@@YAXH@Z       0000000180003cb0 f   ConEmuTh.obj
 0001:00002e18       ?StringCchCatW@@YAJPEA_W_KPEB_W@Z 0000000180003e18 f i ConEmuTh.obj
 0001:00002ed4       ?StringCchCopyW@@YAJPEA_W_KPEB_W@Z 0000000180003ed4 f i ConEmuTh.obj
 0001:00002f40       ?StringCchVPrintfW@@YAJPEA_W_KPEB_WPEAD@Z 0000000180003f40 f i ConEmuTh.obj
 0001:00002fe4       ?UpdateEnvVar@@YAXH@Z      0000000180003fe4 f   ConEmuTh.obj
 0001:00003014       ?isPreloadByDefault@@YA_NXZ 0000000180004014 f   ConEmuTh.obj
 0001:0000303c       DllMain                    000000018000403c f   ConEmuTh.obj
 0001:00003100       GetMinFarVersionW          0000000180004100 f   ConEmuTh.obj
 0001:00003108       SetStartupInfoW            0000000180004108 f   ConEmuTh.obj
 0001:00003168       __local_stdio_printf_options 0000000180004168 f i ConEmuTh.obj
 0001:00003170       ?CheckFarPanelsW1900@@YA_NXZ 0000000180004170 f   ConEmuTh1900.obj
 0001:000031e8       ?CheckPanelSettingsW1900@@YAHH@Z 00000001800041e8 f   ConEmuTh1900.obj
 0001:000032a8       ?Color2BgIndex@Far3Color@@SAXKHAEAGPEBK@Z 00000001800042a8 f i ConEmuTh1900.obj
 0001:000033bc       ?Color2FgIndex@Far3Color@@SAXKAEAGPEBK@Z 00000001800043bc f i ConEmuTh1900.obj
 0001:000034ac       ?ExecuteInMainThreadW1900@@YAXPEAUConEmuThSynchroArg@@@Z 00000001800044ac f   ConEmuTh1900.obj
 0001:000034d8       ?ExitFARW1900@@YAXXZ       00000001800044d8 f   ConEmuTh1900.obj
 0001:00003514       ?FarColor_3_2@@YAEAEBUFarColor@@_N@Z 0000000180004514 f i ConEmuTh1900.obj
 0001:000035d4       ?GetFarRectW1900@@YAXPEAU_SMALL_RECT@@@Z 00000001800045d4 f   ConEmuTh1900.obj
 0001:00003668       ?GetMsgW1900@@YAPEB_WH@Z   0000000180004668 f   ConEmuTh1900.obj
 0001:00003694       ?GetPluginInfoW1900@@YAXPEAX@Z 0000000180004694 f   ConEmuTh1900.obj
 0001:00003844       ?LoadPanelInfoW1900@@YAHH@Z 0000000180004844 f   ConEmuTh1900.obj
 0001:00003cf8       ?LoadPanelItemInfoW1900@@YAXPEAUCeFullPanelInfo@@_J@Z 0000000180004cf8 f   ConEmuTh1900.obj
 0001:00003f14       ?OpenW1900@@YAPEAXPEBX@Z   0000000180004f14 f   ConEmuTh1900.obj
 0001:00003f74       ?PostMacroW1900@@YAXPEA_W@Z 0000000180004f74 f   ConEmuTh1900.obj
 0001:0000400c       ?ReloadPanelsInfoW1900@@YAXXZ 000000018000500c f   ConEmuTh1900.obj
 0001:00004030       ?SetCurrentPanelItemW1900@@YAXH_J0@Z 0000000180005030 f   ConEmuTh1900.obj
 0001:00004164       ?SetStartupInfoW1900@@YAXPEAX@Z 0000000180005164 f   ConEmuTh1900.obj
 0001:000042b0       ?OnThreadStopped@?$CQueueProcessor@PEAUIMAGE_CACHE_INFO@@@@MEAAXXZ 00000001800052b0 f   ImgCache.obj
 0001:000042b0       _guard_check_icall_nop     00000001800052b0 f   LIBCMT:guard_support.obj
 0001:000042b0       ?ApplyChanges@?$CQueueProcessor@PEAUIMAGE_CACHE_INFO@@@@MEAAXAEAPEAUIMAGE_CACHE_INFO@@AEBQEAU2@@Z 00000001800052b0 f   ImgCache.obj
 0001:000042b0       ?OnItemFailed@?$CQueueProcessor@PEAUIMAGE_CACHE_INFO@@@@MEAAXAEAPEAUIMAGE_CACHE_INFO@@_J@Z 00000001800052b0 f   ImgCache.obj
 0001:000042b0       ?FreeItem@?$CQueueProcessor@PEAUIMAGE_CACHE_INFO@@@@MEAAXAEBQEAUIMAGE_CACHE_INFO@@@Z 00000001800052b0 f   ImgCache.obj
 0001:000042b0       ?SettingsLoadOtherW1900@@YAXXZ 00000001800052b0 f   ConEmuTh1900.obj
 0001:000042b0       ?_Doraise@exception@stdext@@MEBAXXZ 00000001800052b0 f   common-kernel64:MProcess.obj
 0001:000042b0       ?LoadPanelItemInfoA@@YAXPEAUCeFullPanelInfo@@_J@Z 00000001800052b0 f   ConEmuThA.obj
 0001:000042b0       ?OnItemReady@?$CQueueProcessor@PEAUIMAGE_CACHE_INFO@@@@MEAAXAEAPEAUIMAGE_CACHE_INFO@@_J@Z 00000001800052b0 f   ImgCache.obj
 0001:000042b0       ?SettingsLoadOtherW2800@@YAXXZ 00000001800052b0 f   ConEmuTh2800.obj
 0001:000042b4       ?SettingsLoadW1900@@YAHPEB_WPEAK@Z 00000001800052b4 f   ConEmuTh1900.obj
 0001:00004398       ?SettingsSaveW1900@@YAXPEB_WPEAK@Z 0000000180005398 f   ConEmuTh1900.obj
 0001:00004480       ?ShowMessageW1900@@YAHHH@Z 0000000180005480 f   ConEmuTh1900.obj
 0001:000044c8       ?ShowMessageW1900@@YAHPEB_WH@Z 00000001800054c8 f   ConEmuTh1900.obj
 0001:0000454c       ?ShowPluginMenuW1900@@YAHXZ 000000018000554c f   ConEmuTh1900.obj
 0001:00004760       ??$swprintf_c@$0MI@@@YAHAEAY0MI@_WPEB_WZZ 0000000180005760 f i ConEmuTh2800.obj
 0001:0000478c       ?CheckFarPanelsW2800@@YA_NXZ 000000018000578c f   ConEmuTh2800.obj
 0001:00004820       ?CheckPanelSettingsW2800@@YAHH@Z 0000000180005820 f   ConEmuTh2800.obj
 0001:000048e4       ?ExecuteInMainThreadW2800@@YAXPEAUConEmuThSynchroArg@@@Z 00000001800058e4 f   ConEmuTh2800.obj
 0001:00004910       ?ExitFARW2800@@YAXXZ       0000000180005910 f   ConEmuTh2800.obj
 0001:0000494c       ?FreePanelItemUserData2800@@YAXPEAX_KP6A_JXZ@Z 000000018000594c f   ConEmuTh2800.obj
 0001:00004980       ?GetFarRectW2800@@YAXPEAU_SMALL_RECT@@@Z 0000000180005980 f   ConEmuTh2800.obj
 0001:00004a1c       ?GetMsgW2800@@YAPEB_WH@Z   0000000180005a1c f   ConEmuTh2800.obj
 0001:00004a48       ?GetPluginInfoW2800@@YAXPEAX@Z 0000000180005a48 f   ConEmuTh2800.obj
 0001:00004bf8       ?LoadPanelInfoW2800@@YAHH@Z 0000000180005bf8 f   ConEmuTh2800.obj
 0001:000050ac       ?LoadPanelItemInfoW2800@@YAXPEAUCeFullPanelInfo@@_J@Z 00000001800060ac f   ConEmuTh2800.obj
 0001:0000531c       ?OpenW2800@@YAPEAXPEBX@Z   000000018000631c f   ConEmuTh2800.obj
 0001:000053dc       ?PostMacroW2800@@YAXPEA_W@Z 00000001800063dc f   ConEmuTh2800.obj
 0001:00005474       ?ProcessSynchroEventW3@@YA_JPEAX@Z 0000000180006474 f   ConEmuTh2800.obj
 0001:0000548c       ?ReloadPanelsInfoW2800@@YAXXZ 000000018000648c f   ConEmuTh2800.obj
 0001:000054b0       ?SetCurrentPanelItemW2800@@YAXH_J0@Z 00000001800064b0 f   ConEmuTh2800.obj
 0001:000055f8       ?SetCurrentPanelItemW2800Int@@YAXH_J0@Z 00000001800065f8 f   ConEmuTh2800.obj
 0001:0000572c       ?SetStartupInfoW2800@@YAXPEAX@Z 000000018000672c f   ConEmuTh2800.obj
 0001:00005878       ?SettingsLoadW2800@@YAHPEB_WPEAK@Z 0000000180006878 f   ConEmuTh2800.obj
 0001:0000596c       ?SettingsSaveW2800@@YAXPEB_WPEAK@Z 000000018000696c f   ConEmuTh2800.obj
 0001:00005a64       ?ShowMessageW2800@@YAHHH@Z 0000000180006a64 f   ConEmuTh2800.obj
 0001:00005ab0       ?ShowMessageW2800@@YAHPEB_WH@Z 0000000180006ab0 f   ConEmuTh2800.obj
 0001:00005b38       ?ShowPluginMenuW2800@@YAHXZ 0000000180006b38 f   ConEmuTh2800.obj
 0001:00005d48       GetGlobalInfoW             0000000180006d48 f   ConEmuTh2800.obj
 0001:00005de0       ?CheckFarPanelsW995@@YA_NXZ 0000000180006de0 f   ConEmuTh995.obj
 0001:00005e54       ?CheckPanelSettingsW995@@YAHH@Z 0000000180006e54 f   ConEmuTh995.obj
 0001:00005eec       ?ExecuteInMainThreadW995@@YAXPEAUConEmuThSynchroArg@@@Z 0000000180006eec f   ConEmuTh995.obj
 0001:00005f14       ?ExitFARW995@@YAXXZ        0000000180006f14 f   ConEmuTh995.obj
 0001:00005f68       ?GetFarRectW995@@YAXPEAU_SMALL_RECT@@@Z 0000000180006f68 f   ConEmuTh995.obj
 0001:00005fa8       ?GetMsgW995@@YAPEB_WH@Z    0000000180006fa8 f   ConEmuTh995.obj
 0001:00005fd0       ?GetPluginInfoW995@@YAXPEAX@Z 0000000180006fd0 f   ConEmuTh995.obj
 0001:00006048       ?LoadPanelInfo995@@YAHH@Z  0000000180007048 f   ConEmuTh995.obj
 0001:000063cc       ?LoadPanelItemInfoW995@@YAXPEAUCeFullPanelInfo@@_J@Z 00000001800073cc f   ConEmuTh995.obj
 0001:0000655c       ?PostMacroW995@@YAXPEA_W@Z 000000018000755c f   ConEmuTh995.obj
 0001:000065dc       ?ReloadPanelsInfoW995@@YAXXZ 00000001800075dc f   ConEmuTh995.obj
 0001:00006600       ?SetCurrentPanelItemW995@@YAXH_J0@Z 0000000180007600 f   ConEmuTh995.obj
 0001:00006728       ?SetStartupInfoW995@@YAXPEAX@Z 0000000180007728 f   ConEmuTh995.obj
 0001:000068c8       ?SettingsLoadOtherW995@@YAXXZ 00000001800078c8 f   ConEmuTh995.obj
 0001:000068d4       ?SettingsLoadW995@@YAHPEB_WPEAK@Z 00000001800078d4 f   ConEmuTh995.obj
 0001:000068e8       ?SettingsSaveW995@@YAXPEB_WPEAK@Z 00000001800078e8 f   ConEmuTh995.obj
 0001:000068fc       ?ShowMessageW995@@YAHHH@Z  00000001800078fc f   ConEmuTh995.obj
 0001:00006940       ?ShowMessageW995@@YAHPEB_WH@Z 0000000180007940 f   ConEmuTh995.obj
 0001:00006980       ?ShowPluginMenuW995@@YAHXZ 0000000180007980 f   ConEmuTh995.obj
 0001:00006b20       OpenPluginW                0000000180007b20 f   ConEmuTh995.obj
 0001:00006b40       ?CheckFarPanelsA@@YA_NXZ   0000000180007b40 f   ConEmuThA.obj
 0001:00006bcc       ?CheckPanelSettingsA@@YAHH@Z 0000000180007bcc f   ConEmuThA.obj
 0001:00006c78       ?GetMsgA@@YAPEB_WHPEA_W@Z  0000000180007c78 f   ConEmuThA.obj
 0001:00006d14       ?LoadPanelInfoA@@YAHH@Z    0000000180007d14 f   ConEmuThA.obj
 0001:00007134       ?PostMacroA@@YAXPEAD@Z     0000000180008134 f   ConEmuThA.obj
 0001:000071b0       ?ReloadPanelsInfoA@@YAXXZ  00000001800081b0 f   ConEmuThA.obj
 0001:000071d4       ?ReloadResourcesA@@YAXXZ   00000001800081d4 f   ConEmuThA.obj
 0001:000072b0       ?SetCurrentPanelItemA@@YAXH_J0@Z 00000001800082b0 f   ConEmuThA.obj
 0001:000073dc       ?SettingsLoadA@@YAHPEB_WPEAK@Z 00000001800083dc f   ConEmuThA.obj
 0001:000073f0       ?SettingsLoadOtherA@@YAXXZ 00000001800083f0 f   ConEmuThA.obj
 0001:000073fc       ?SettingsSaveA@@YAXPEB_WPEAK@Z 00000001800083fc f   ConEmuThA.obj
 0001:00007410       ?ShowMessageA@@YAHHH@Z     0000000180008410 f   ConEmuThA.obj
 0001:00007460       ?ShowMessageA@@YAHPEBDH@Z  0000000180008460 f   ConEmuThA.obj
 0001:000074a4       ?ShowPluginMenuA@@YAHXZ    00000001800084a4 f   ConEmuThA.obj
 0001:0000769c       ExitFAR                    000000018000869c f   ConEmuThA.obj
 0001:000076f8       GetMinFarVersion           00000001800086f8 f   ConEmuThA.obj
 0001:00007720       GetPluginInfo              0000000180008720 f   ConEmuThA.obj
 0001:000077a0       OpenPlugin                 00000001800087a0 f   ConEmuThA.obj
 0001:000077dc       SetStartupInfo             00000001800087dc f   ConEmuThA.obj
 0001:0000799c       ??$swprintf_c@$0IA@@@YAHAEAY0IA@_WPEB_WZZ 000000018000899c f i Display.obj
 0001:000079c8       ?BisItem2CeItem@CeFullPanelInfo@@QEAAH_JH_KKKHH@Z 00000001800089c8 f   Display.obj
 0001:00007a74       ?CalcTopPanelItem@CeFullPanelInfo@@QEAA_J_J0@Z 0000000180008a74 f   Display.obj
 0001:00007b54       ?Close@CeFullPanelInfo@@QEAAXXZ 0000000180008b54 f   Display.obj
 0001:00007b98       ?CreateView@CeFullPanelInfo@@QEAAPEAUHWND__@@XZ 0000000180008b98 f   Display.obj
 0001:00007f40       ?DisplayReloadPanel@CeFullPanelInfo@@QEAAXXZ 0000000180008f40 f   Display.obj
 0001:00007f7c       ?DisplayThread@CeFullPanelInfo@@SAKPEAX@Z 0000000180008f7c f   Display.obj
 0001:000080b4       ?DisplayWndProc@CeFullPanelInfo@@SA_JPEAUHWND__@@I_K_J@Z 00000001800090b4 f   Display.obj
 0001:000085fc       ?DrawItemText@CeFullPanelInfo@@QEAAHPEAUHDC__@@PEAUtagRECT@@1PEAUCePluginPanelItem@@PEB_WPEAUHBRUSH__@@H@Z 00000001800095fc f   Display.obj
 0001:00008c50       ?FarItem2CeItem@CeFullPanelInfo@@QEAAH_JPEB_W1KU_FILETIME@@_KHPEAX3P6A_JXZ3K@Z 0000000180009c50 f   Display.obj
 0001:00008fb4       ?FinalRelease@CeFullPanelInfo@@QEAAXXZ 0000000180009fb4 f   Display.obj
 0001:000090d0       ?GetConCoordFromIndex@CeFullPanelInfo@@QEAAH_JAEAU_COORD@@@Z 000000018000a0d0 f   Display.obj
 0001:000091c8       ?GetIndexFromWndCoord@CeFullPanelInfo@@QEAAHHHAEA_J@Z 000000018000a1c8 f   Display.obj
 0001:00009260       ?GetItemColors@CeFullPanelInfo@@QEAAPEAUHBRUSH__@@_JPEAUCePluginPanelItem@@PEAUCePluginPanelItemColor@@HAEAK3@Z 000000018000a260 f   Display.obj
 0001:000092c8       ?Invalidate@CeFullPanelInfo@@QEAAXXZ 000000018000a2c8 f   Display.obj
 0001:0000931c       ?InvalidateAll@CeFullPanelInfo@@SAXXZ 000000018000a31c f   Display.obj
 0001:0000936c       ?LoadItemColors@CeFullPanelInfo@@QEAAX_JPEAUCePluginPanelItem@@PEAUCePluginPanelItemColor@@HH@Z 000000018000a36c f   Display.obj
 0001:000095c0       ?OnSettingsChanged@CeFullPanelInfo@@QEAAHH@Z 000000018000a5c0 f   Display.obj
 0001:000096f4       ?Paint@CeFullPanelInfo@@QEAAXPEAUHWND__@@AEAUtagPAINTSTRUCT@@AEAUtagRECT@@@Z 000000018000a6f4 f   Display.obj
 0001:00009fec       ?PaintItem@CeFullPanelInfo@@QEAAHPEAUHDC__@@_JHHPEAUCePluginPanelItem@@PEAUCePluginPanelItemColor@@HHPEAUHBRUSH__@@4K@Z 000000018000afec f   Display.obj
 0001:0000a510       ?ReallocItems@CeFullPanelInfo@@QEAAH_J@Z 000000018000b510 f   Display.obj
 0001:0000a680       ?RegisterPanelView@CeFullPanelInfo@@QEAAHXZ 000000018000b680 f   Display.obj
 0001:0000a978       ?RequestSetPos@CeFullPanelInfo@@QEAAX_J0H@Z 000000018000b978 f   Display.obj
 0001:0000aa5c       ?UnregisterPanelView@CeFullPanelInfo@@QEAAH_N@Z 000000018000ba5c f   Display.obj
 0001:0000ab98       ??$SafeDelete@UMSectionSimple@@@@YAXAEAPEAUMSectionSimple@@@Z 000000018000bb98 f i ImgCache.obj
 0001:0000abe0       ??0?$CQueueProcessor@PEAUIMAGE_CACHE_INFO@@@@QEAA@XZ 000000018000bbe0 f i ImgCache.obj
 0001:0000ac58       ??0CImgCache@@QEAA@PEAUHINSTANCE__@@@Z 000000018000bc58 f   ImgCache.obj
 0001:0000adec       ??1?$CQueueProcessor@PEAUIMAGE_CACHE_INFO@@@@UEAA@XZ 000000018000bdec f i ImgCache.obj
 0001:0000aea0       ??1CImgCache@@QEAA@XZ      000000018000bea0 f   ImgCache.obj
 0001:0000af60       ??_E?$CQueueProcessor@PEAUIMAGE_CACHE_INFO@@@@UEAAPEAXI@Z 000000018000bf60 f i ImgCache.obj
 0001:0000af60       ??_G?$CQueueProcessor@PEAUIMAGE_CACHE_INFO@@@@UEAAPEAXI@Z 000000018000bf60 f i ImgCache.obj
 0001:0000af94       ??_GCImgLoader@@UEAAPEAXI@Z 000000018000bf94 f i ImgCache.obj
 0001:0000af94       ??_ECImgLoader@@UEAAPEAXI@Z 000000018000bf94 f i ImgCache.obj
 0001:0000afc8       ?CheckDrawDibCreated@CImgCache@@IEAAHXZ 000000018000bfc8 f   ImgCache.obj
 0001:0000b12c       __acrt_uninitialize_command_line 000000018000c12c f i libucrt:argv_data.obj
 0001:0000b12c       ?CheckHighPriority@?$CQueueProcessor@PEAUIMAGE_CACHE_INFO@@@@MEAA_NAEBQEAUIMAGE_CACHE_INFO@@@Z 000000018000c12c f i ImgCache.obj
 0001:0000b12c       ?CheckHighPriority@CImgLoader@@UEAA_NAEBQEAUIMAGE_CACHE_INFO@@@Z 000000018000c12c f i ImgCache.obj
 0001:0000b12c       ?Filter@?$MToolHelp@UtagPROCESSENTRY32W@@$1?Process32FirstW@@YAHPEAXPEAU1@@Z$1?Process32NextW@@YAH01@Z@@MEAA_NAEBUtagPROCESSENTRY32W@@@Z 000000018000c12c f i common-kernel64:MProcess.obj
 0001:0000b130       ?CheckLoadDibCreated@CImgCache@@IEAAHXZ 000000018000c130 f   ImgCache.obj
 0001:0000b294       ?CheckThread@?$CQueueProcessor@PEAUIMAGE_CACHE_INFO@@@@IEAAJXZ 000000018000c294 f i ImgCache.obj
 0001:0000b350       ?ClearQueue@?$CQueueProcessor@PEAUIMAGE_CACHE_INFO@@@@AEAAXXZ 000000018000c350 f i ImgCache.obj
 0001:0000b3d8       ?CopyBits@CImgCache@@IEAAXU_COORD@@PEAEK01@Z 000000018000c3d8 f   ImgCache.obj
 0001:0000b460       ?CopyItem@?$CQueueProcessor@PEAUIMAGE_CACHE_INFO@@@@MEAAXPEBQEAUIMAGE_CACHE_INFO@@PEAPEAU2@@Z 000000018000c460 f i ImgCache.obj
 0001:0000b46c       ?FindInCache@CImgCache@@IEAAHPEAUCePluginPanelItem@@PEAHI@Z 000000018000c46c f   ImgCache.obj
 0001:0000b664       ?FindOrCreate@?$CQueueProcessor@PEAUIMAGE_CACHE_INFO@@@@AEAAPEAUProcessingItem@1@AEBQEAUIMAGE_CACHE_INFO@@_J_NW4ProcessingPriority@@@Z 000000018000c664 f i ImgCache.obj
 0001:0000b8bc       ?FreeModules@CImgCache@@IEAAXXZ 000000018000c8bc f   ImgCache.obj
 0001:0000b92c       ?Init@CImgCache@@QEAAXK@Z  000000018000c92c f   ImgCache.obj
 0001:0000b98c       ?InitializeQueue@?$CQueueProcessor@PEAUIMAGE_CACHE_INFO@@@@AEAAXH@Z 000000018000c98c f i ImgCache.obj
 0001:0000ba3c       ?IsEqual@?$CQueueProcessor@PEAUIMAGE_CACHE_INFO@@@@MEAA_NAEBQEAUIMAGE_CACHE_INFO@@_J01@Z 000000018000ca3c f i ImgCache.obj
 0001:0000ba58       ?IsEqual@CImgLoader@@UEAA_NAEBQEAUIMAGE_CACHE_INFO@@_J01@Z 000000018000ca58 f i ImgCache.obj
 0001:0000ba70       ?IsStopRequested@?$CQueueProcessor@PEAUIMAGE_CACHE_INFO@@@@UEAA_NAEBQEAUIMAGE_CACHE_INFO@@@Z 000000018000ca70 f i ImgCache.obj
 0001:0000ba80       ?IsTerminationRequested@?$CQueueProcessor@PEAUIMAGE_CACHE_INFO@@@@MEAA_NXZ 000000018000ca80 f i ImgCache.obj
 0001:0000ba80       ?IsTerminationRequested@CImgLoader@@UEAA_NXZ 000000018000ca80 f i ImgCache.obj
 0001:0000ba84       ?LoadModules@CImgCache@@IEAAXXZ 000000018000ca84 f   ImgCache.obj
 0001:0000bcf0       ?LoadShellIcon@CImgCache@@QEAAHPEAUIMAGE_CACHE_INFO@@H@Z 000000018000ccf0 f   ImgCache.obj
 0001:0000c024       ?LoadThumbnail@CImgCache@@QEAAHPEAUIMAGE_CACHE_INFO@@@Z 000000018000d024 f   ImgCache.obj
 0001:0000c558       ?OnThreadStarted@?$CQueueProcessor@PEAUIMAGE_CACHE_INFO@@@@MEAAJXZ 000000018000d558 f i ImgCache.obj
 0001:0000c55c       ?OnThreadStarted@CImgLoader@@UEAAJXZ 000000018000d55c f i ImgCache.obj
 0001:0000c588       ?OnThreadStopped@CImgLoader@@UEAAXXZ 000000018000d588 f i ImgCache.obj
 0001:0000c5a4       ?PaintItem@CImgCache@@QEAAHPEAUHDC__@@HHHPEAUCePluginPanelItem@@PEAPEB_WPEAH@Z 000000018000d5a4 f   ImgCache.obj
 0001:0000cacc       ?ProcessItem@?$CQueueProcessor@PEAUIMAGE_CACHE_INFO@@@@IEAAJPEAUProcessingItem@1@@Z 000000018000dacc f i ImgCache.obj
 0001:0000caf8       ?ProcessItem@?$CQueueProcessor@PEAUIMAGE_CACHE_INFO@@@@MEAAJAEAPEAUIMAGE_CACHE_INFO@@_J@Z 000000018000daf8 f i ImgCache.obj
 0001:0000cb00       ?ProcessItem@CImgLoader@@UEAAJAEAPEAUIMAGE_CACHE_INFO@@_J@Z 000000018000db00 f i ImgCache.obj
 0001:0000cb58       ?ProcessingStep@?$CQueueProcessor@PEAUIMAGE_CACHE_INFO@@@@IEAA_NXZ 000000018000db58 f i ImgCache.obj
 0001:0000cd60       ?ProcessingThread@?$CQueueProcessor@PEAUIMAGE_CACHE_INFO@@@@KAKPEAX@Z 000000018000dd60 f i ImgCache.obj
 0001:0000cd90       ?RequestItem@CImgCache@@QEAAHPEAUCePluginPanelItem@@I@Z 000000018000dd90 f   ImgCache.obj
 0001:0000ce88       ?Reset@CImgCache@@QEAAXXZ  000000018000de88 f   ImgCache.obj
 0001:0000d058       ?SetCacheLocation@CImgCache@@QEAAXPEB_W@Z 000000018000e058 f   ImgCache.obj
 0001:0000d0d7       GetFileVersionInfoSizeW    000000018000e0d7 f   version:VERSION.dll
 0001:0000d0dd       GetFileVersionInfoW        000000018000e0dd f   version:VERSION.dll
 0001:0000d0e3       VerQueryValueW             000000018000e0e3 f   version:VERSION.dll
 0001:0000d0e9       CreateToolhelp32Snapshot   000000018000e0e9 f   kernel32:KERNEL32.dll
 0001:0000d0ef       Thread32First              000000018000e0ef f   kernel32:KERNEL32.dll
 0001:0000d0f5       Thread32Next               000000018000e0f5 f   kernel32:KERNEL32.dll
 0001:0000d0fc       ??2@YAPEAX_K@Z             000000018000e0fc f   common-kernel64:Memory.obj
 0001:0000d124       ??_V@YAXPEAX@Z             000000018000e124 f   common-kernel64:Memory.obj
 0001:0000d124       ??3@YAXPEAX@Z              000000018000e124 f   common-kernel64:Memory.obj
 0001:0000d12c       ??_U@YAPEAX_K@Z            000000018000e12c f   common-kernel64:Memory.obj
 0001:0000d134       ?HeapDeinitialize@@YAXXZ   000000018000e134 f   common-kernel64:Memory.obj
 0001:0000d194       ?HeapInitialize@@YA_NXZ    000000018000e194 f   common-kernel64:Memory.obj
 0001:0000d1d0       ?xf_calloc@@YAPEAX_K0@Z    000000018000e1d0 f   common-kernel64:Memory.obj
 0001:0000d200       ?xf_free@@YAXPEAX@Z        000000018000e200 f   common-kernel64:Memory.obj
 0001:0000d274       ?xf_malloc@@YAPEAX_K@Z     000000018000e274 f   common-kernel64:Memory.obj
 0001:0000d29c       ?xf_realloc@@YAPEAXPEAX_K@Z 000000018000e29c f   common-kernel64:Memory.obj
 0001:0000d2c4       ?StringCchVPrintfA@@YAJPEAD_KPEBD0@Z 000000018000e2c4 f i common-kernel64:MStrSafe.obj
 0001:0000d36c       ?msprintf@@YAPEB_WPEA_W_KPEB_WZZ 000000018000e36c f   common-kernel64:MStrSafe.obj
 0001:0000d38c       ?mvsprintf@@YAPEB_WPEA_W_KPEB_WPEAD@Z 000000018000e38c f   common-kernel64:MStrSafe.obj
 0001:0000d82c       ?sprintf_c@@YAHPEAD_JPEBDZZ 000000018000e82c f   common-kernel64:MStrSafe.obj
 0001:0000d86c       ?swprintf_c@@YAHPEA_W_JPEB_WZZ 000000018000e86c f   common-kernel64:MStrSafe.obj
 0001:0000d8ac       ?CommonShutdown@@YAXXZ     000000018000e8ac f   common-kernel64:Common.obj
 0001:0000d8bc       ??_GMNullDesc@@QEAAPEAXI@Z 000000018000e8bc f i common-kernel64:MSecurity.obj
 0001:0000d930       ?LoadAdvApi@MNullDesc@@IEAAHXZ 000000018000e930 f i common-kernel64:MSecurity.obj
 0001:0000da58       ?LocalSecurity@@YAPEAU_SECURITY_ATTRIBUTES@@XZ 000000018000ea58 f   common-kernel64:MSecurity.obj
 0001:0000dab0       ?LocalSecurity@MNullDesc@@QEAAPEAU_SECURITY_ATTRIBUTES@@XZ 000000018000eab0 f i common-kernel64:MSecurity.obj
 0001:0000dc2c       ?ShutdownSecurity@@YAXXZ   000000018000ec2c f   common-kernel64:MSecurity.obj
 0001:0000dc54       ??$wcscpy_c@$0CA@@@YAHAEAY0CA@_WPEB_W@Z 000000018000ec54 f i common-kernel64:ConEmuCheck.obj
 0001:0000dca0       ?ExecuteCmd@@YAPEAUCESERVER_REQ@@PEB_WPEAU1@KPEAUHWND__@@HKH@Z 000000018000eca0 f   common-kernel64:ConEmuCheck.obj
 0001:0000de88       ?ExecuteFreeResult@@YAXAEAPEAUCESERVER_REQ@@@Z 000000018000ee88 f   common-kernel64:ConEmuCheck.obj
 0001:0000dea8       ?ExecuteGuiCmd@@YAPEAUCESERVER_REQ@@PEAUHWND__@@PEAU1@0H@Z 000000018000eea8 f   common-kernel64:ConEmuCheck.obj
 0001:0000df68       ?ExecuteNewCmd@@YAPEAUCESERVER_REQ@@K_K@Z 000000018000ef68 f   common-kernel64:ConEmuCheck.obj
 0001:0000dfcc       ?ExecuteOpenPipe@@YAPEAXPEB_WAEAY0CAI@_W0KKHPEAXH@Z 000000018000efcc f   common-kernel64:ConEmuCheck.obj
 0001:0000e17c       ?ExecutePrepareCmd@@YAXPEAUCESERVER_REQ@@K_K@Z 000000018000f17c f   common-kernel64:ConEmuCheck.obj
 0001:0000e1b8       ?ExecutePrepareCmd@@YAXPEAUCESERVER_REQ_HDR@@K_K@Z 000000018000f1b8 f   common-kernel64:ConEmuCheck.obj
 0001:0000e228       ?ModuleName@@YAPEB_WPEB_W@Z 000000018000f228 f   common-kernel64:ConEmuCheck.obj
 0001:0000e2e8       ??$_Emplace_reallocate@AEBUtagPROCESSENTRY32W@@@?$vector@UtagPROCESSENTRY32W@@V?$MArrayAllocator@UtagPROCESSENTRY32W@@@@@std@@QEAAPEAUtagPROCESSENTRY32W@@QEAU2@AEBU2@@Z 000000018000f2e8 f i common-kernel64:MProcess.obj
 0001:0000e4d8       ??$emplace_back@AEBUtagPROCESSENTRY32W@@@?$vector@UtagPROCESSENTRY32W@@V?$MArrayAllocator@UtagPROCESSENTRY32W@@@@@std@@QEAAXAEBUtagPROCESSENTRY32W@@@Z 000000018000f4d8 f i common-kernel64:MProcess.obj
 0001:0000e574       ??0?$MToolHelp@UtagPROCESSENTRY32W@@$1?Process32FirstW@@YAHPEAXPEAU1@@Z$1?Process32NextW@@YAH01@Z@@QEAA@KK@Z 000000018000f574 f i common-kernel64:MProcess.obj
 0001:0000e5fc       ??0bad_alloc@stdext@@QEAA@AEBV01@@Z 000000018000f5fc f i common-kernel64:MProcess.obj
 0001:0000e61c       ??0bad_alloc@stdext@@QEAA@XZ 000000018000f61c f i common-kernel64:MProcess.obj
 0001:0000e638       ??0exception@stdext@@QEAA@AEBV01@@Z 000000018000f638 f i common-kernel64:MProcess.obj
 0001:0000e650       ??1bad_alloc@stdext@@UEAA@XZ 000000018000f650 f i common-kernel64:MProcess.obj
 0001:0000e65c       ??_GMToolHelpProcess@@UEAAPEAXI@Z 000000018000f65c f i common-kernel64:MProcess.obj
 0001:0000e65c       ??_E?$MToolHelp@UtagPROCESSENTRY32W@@$1?Process32FirstW@@YAHPEAXPEAU1@@Z$1?Process32NextW@@YAH01@Z@@UEAAPEAXI@Z 000000018000f65c f i common-kernel64:MProcess.obj
 0001:0000e65c       ??_G?$MToolHelp@UtagPROCESSENTRY32W@@$1?Process32FirstW@@YAHPEAXPEAU1@@Z$1?Process32NextW@@YAH01@Z@@UEAAPEAXI@Z 000000018000f65c f i common-kernel64:MProcess.obj
 0001:0000e65c       ??_EMToolHelpProcess@@UEAAPEAXI@Z 000000018000f65c f i common-kernel64:MProcess.obj
 0001:0000e6c4       ??_Ebad_alloc@stdext@@UEAAPEAXI@Z 000000018000f6c4 f i common-kernel64:MProcess.obj
 0001:0000e6c4       ??_Gexception@stdext@@UEAAPEAXI@Z 000000018000f6c4 f i common-kernel64:MProcess.obj
 0001:0000e6c4       ??_Gbad_alloc@stdext@@UEAAPEAXI@Z 000000018000f6c4 f i common-kernel64:MProcess.obj
 0001:0000e6c4       ??_Eexception@stdext@@UEAAPEAXI@Z 000000018000f6c4 f i common-kernel64:MProcess.obj
 0001:0000e6f0       ?Close@?$MToolHelp@UtagPROCESSENTRY32W@@$1?Process32FirstW@@YAHPEAXPEAU1@@Z$1?Process32NextW@@YAH01@Z@@QEAAXXZ 000000018000f6f0 f i common-kernel64:MProcess.obj
 0001:0000e770       ?Find@?$MToolHelp@UtagPROCESSENTRY32W@@$1?Process32FirstW@@YAHPEAXPEAU1@@Z$1?Process32NextW@@YAH01@Z@@QEAA_NAEBV?$function@$$A6A_NAEBUtagPROCESSENTRY32W@@@Z@std@@AEAUtagPROCESSENTRY32W@@@Z 000000018000f770 f i common-kernel64:MProcess.obj
 0001:0000e884       ?Find@MToolHelpProcess@@QEAA_NKAEAUtagPROCESSENTRY32W@@@Z 000000018000f884 f i common-kernel64:MProcess.obj
 0001:0000e8f0       ?Next@?$MToolHelp@UtagPROCESSENTRY32W@@$1?Process32FirstW@@YAHPEAXPEAU1@@Z$1?Process32NextW@@YAH01@Z@@QEAA_NAEAUtagPROCESSENTRY32W@@@Z 000000018000f8f0 f i common-kernel64:MProcess.obj
 0001:0000e9d8       ?Open@?$MToolHelp@UtagPROCESSENTRY32W@@$1?Process32FirstW@@YAHPEAXPEAU1@@Z$1?Process32NextW@@YAH01@Z@@QEAA_NXZ 000000018000f9d8 f i common-kernel64:MProcess.obj
 0001:0000ea48       ?_Copy@?$_Func_impl_no_alloc@V<lambda_217d18733db987cb8fc0adfd68028951>@@_NAEBUtagPROCESSENTRY32W@@@std@@EEBAPEAV?$_Func_base@_NAEBUtagPROCESSENTRY32W@@@2@PEAX@Z 000000018000fa48 f i common-kernel64:MProcess.obj
 0001:0000ea48       ?_Move@?$_Func_impl_no_alloc@V<lambda_217d18733db987cb8fc0adfd68028951>@@_NAEBUtagPROCESSENTRY32W@@@std@@EEAAPEAV?$_Func_base@_NAEBUtagPROCESSENTRY32W@@@2@PEAX@Z 000000018000fa48 f i common-kernel64:MProcess.obj
 0001:0000ea5c       ?_Delete_this@?$_Func_impl_no_alloc@V<lambda_217d18733db987cb8fc0adfd68028951>@@_NAEBUtagPROCESSENTRY32W@@@std@@EEAAX_N@Z 000000018000fa5c f i common-kernel64:MProcess.obj
 0001:0000ea5c       ?_Delete_this@?$_Func_impl_no_alloc@P6AHPEAX@ZXPEAX@std@@EEAAX_N@Z 000000018000fa5c f i common-kernel64:WObjects.obj
 0001:0000ea74       ?_Do_call@?$_Func_impl_no_alloc@V<lambda_217d18733db987cb8fc0adfd68028951>@@_NAEBUtagPROCESSENTRY32W@@@std@@EEAA_NAEBUtagPROCESSENTRY32W@@@Z 000000018000fa74 f i common-kernel64:MProcess.obj
 0001:0000ea80       ?_Doraise@bad_alloc@stdext@@MEBAXXZ 000000018000fa80 f i common-kernel64:MProcess.obj
 0001:0000ea9c       ?_Get@?$_Func_impl_no_alloc@V<lambda_217d18733db987cb8fc0adfd68028951>@@_NAEBUtagPROCESSENTRY32W@@@std@@EEBAPEBXXZ 000000018000fa9c f i common-kernel64:MProcess.obj
 0001:0000ea9c       ?_Get@?$_Func_impl_no_alloc@P6AHPEAX@ZXPEAX@std@@EEBAPEBXXZ 000000018000fa9c f i common-kernel64:WObjects.obj
 0001:0000eaa4       ?_Target_type@?$_Func_impl_no_alloc@V<lambda_217d18733db987cb8fc0adfd68028951>@@_NAEBUtagPROCESSENTRY32W@@@std@@EEBAAEBVtype_info@@XZ 000000018000faa4 f i common-kernel64:MProcess.obj
 0001:0000eaac       ?_Xlength@?$vector@UtagPROCESSENTRY32W@@V?$MArrayAllocator@UtagPROCESSENTRY32W@@@@@std@@CAXXZ 000000018000faac f i common-kernel64:MProcess.obj
 0001:0000eac0       ?getNext@?$MToolHelp@UtagPROCESSENTRY32W@@$1?Process32FirstW@@YAHPEAXPEAU1@@Z$1?Process32NextW@@YAH01@Z@@IEAA_NXZ 000000018000fac0 f i common-kernel64:MProcess.obj
 0001:0000eb60       ?isTerminalMode@@YA_NXZ    000000018000fb60 f   common-kernel64:MProcess.obj
 0001:0000ec9c       ?what@exception@stdext@@UEBAPEBDXZ 000000018000fc9c f i common-kernel64:MProcess.obj
 0001:0000ecb0       ?Init@HkFunc@@QEAA_NPEB_WPEAUHINSTANCE__@@@Z 000000018000fcb0 f   common-kernel64:HkFunc.obj
 0001:0000ed40       ??0MSection@@QEAA@XZ       000000018000fd40 f   common-kernel64:MSection.obj
 0001:0000edc8       ??0MSectionLock@@QEAA@XZ   000000018000fdc8 f   common-kernel64:MSection.obj
 0001:0000edd8       ??1MSection@@QEAA@XZ       000000018000fdd8 f   common-kernel64:MSection.obj
 0001:0000ee40       ??1MSectionLock@@QEAA@XZ   000000018000fe40 f   common-kernel64:MSection.obj
 0001:0000ee64       ?AddRef@MSection@@IEAAXK@Z 000000018000fe64 f   common-kernel64:MSection.obj
 0001:0000eef8       ?Lock@MSection@@IEAAHHK@Z  000000018000fef8 f   common-kernel64:MSection.obj
 0001:0000eff4       ?Lock@MSectionLock@@QEAAHPEAVMSection@@HK@Z 000000018000fff4 f   common-kernel64:MSection.obj
 0001:0000f048       ?MyEnterCriticalSection@MSection@@IEAA_NK@Z 0000000180010048 f   common-kernel64:MSection.obj
 0001:0000f174       ?ReleaseRef@MSection@@IEAAHK@Z 0000000180010174 f   common-kernel64:MSection.obj
 0001:0000f214       ?Unlock@MSection@@IEAAXH@Z 0000000180010214 f   common-kernel64:MSection.obj
 0001:0000f26c       ?Unlock@MSectionLock@@QEAAXXZ 000000018001026c f   common-kernel64:MSection.obj
 0001:0000f298       ?WaitUnlocked@MSection@@IEAAXKK@Z 0000000180010298 f   common-kernel64:MSection.obj
 0001:0000f32c       ??$sprintf_c@$0CI@@@YAHAEAY0CI@DPEBDZZ 000000018001032c f i common-kernel64:WThreads.obj
 0001:0000f358       ?SetThreadName@@YAXKPEAD@Z 0000000180010358 f   common-kernel64:WThreads.obj
 0001:0000f390       ?apiCreateThread@@YAPEAXP6AKPEAX@Z0PEAKPEBDH@Z 0000000180010390 f   common-kernel64:WThreads.obj
 0001:0000f4d8       ?apiTerminateThreadEx@@YAHPEAXKPEBDH@Z 00000001800104d8 f   common-kernel64:WThreads.obj
 0001:0000f5e0       ?apiThreadHelper@@YAKPEAX@Z 00000001800105e0 f   common-kernel64:WThreads.obj
 0001:0000f7ec       ??0MHandle@@QEAA@PEAXV?$function@$$A6AXPEAX@Z@std@@@Z 00000001800107ec f i common-kernel64:WObjects.obj
 0001:0000f860       ??0MWow64Disable@@QEAA@XZ  0000000180010860 f i common-kernel64:WObjects.obj
 0001:0000f8d4       ??4?$function@$$A6AXPEAX@Z@std@@QEAAAEAV01@$$QEAV01@@Z 00000001800108d4 f i common-kernel64:WObjects.obj
 0001:0000f94c       ?Close@MHandle@@QEAAXXZ    000000018001094c f i common-kernel64:WObjects.obj
 0001:0000f9b0       ?FileExists@@YA_NPEB_WPEA_K@Z 00000001800109b0 f   common-kernel64:WObjects.obj
 0001:0000fc4c       ?IsWin7@@YA_NXZ            0000000180010c4c f   common-kernel64:WObjects.obj
 0001:0000fc80       ?IsWinVerOrHigher@@YA_NG@Z 0000000180010c80 f   common-kernel64:WObjects.obj
 0001:0000fd98       ?IsWindows64@@YA_NXZ       0000000180010d98 f   common-kernel64:WObjects.obj
 0001:0000fdbc       ?SetHandle@MHandle@@QEAA_NPEAXV?$function@$$A6AXPEAX@Z@std@@@Z 0000000180010dbc f i common-kernel64:WObjects.obj
 0001:0000fe28       ?StringCchCopyNW@@YAJPEA_W_KPEB_W1@Z 0000000180010e28 f i common-kernel64:WObjects.obj
 0001:0000fe9c       ?_Move@?$_Func_impl_no_alloc@P6AHPEAX@ZXPEAX@std@@EEAAPEAV?$_Func_base@XPEAX@2@PEAX@Z 0000000180010e9c f i common-kernel64:WObjects.obj
 0001:0000fe9c       ?_Copy@?$_Func_impl_no_alloc@P6AHPEAX@ZXPEAX@std@@EEBAPEAV?$_Func_base@XPEAX@2@PEAX@Z 0000000180010e9c f i common-kernel64:WObjects.obj
 0001:0000feb4       ?_Do_call@?$_Func_impl_no_alloc@P6AHPEAX@ZXPEAX@std@@EEAAX$$QEAPEAX@Z 0000000180010eb4 f i common-kernel64:WObjects.obj
 0001:0000fec0       ?_Target_type@?$_Func_impl_no_alloc@P6AHPEAX@ZXPEAX@std@@EEBAAEBVtype_info@@XZ 0000000180010ec0 f i common-kernel64:WObjects.obj
 0001:0000fec8       ?_VerifyVersionInfo@@YA_NPEAU_OSVERSIONINFOEXW@@K_K@Z 0000000180010ec8 f   common-kernel64:WObjects.obj
 0001:0000ff98       ?PointToExt@@YAPEB_WPEB_W@Z 0000000180010f98 f   common-kernel64:CmdLine.obj
 0001:0000ffbc       ?PointToName@@YAPEB_WPEB_W@Z 0000000180010fbc f   common-kernel64:CmdLine.obj
 0001:00010018       ?Unquote@@YAPEB_WPEA_W_N@Z 0000000180011018 f   common-kernel64:CmdLine.obj
 0001:00010080       ?lstrdup@@YAPEA_WPEB_W_K@Z 0000000180011080 f   common-kernel64:MStrDup.obj
 0001:000100f4       ?lstrmerge@@YAPEA_WPEB_W00000000@Z 00000001800110f4 f   common-kernel64:MStrDup.obj
 0001:00010238       ??0MSectionLockSimple@@QEAA@XZ 0000000180011238 f   common-kernel64:MSectionSimple.obj
 0001:00010244       ??0MSectionSimple@@QEAA@_N@Z 0000000180011244 f   common-kernel64:MSectionSimple.obj
 0001:0001027c       ??1MSectionLockSimple@@QEAA@XZ 000000018001127c f   common-kernel64:MSectionSimple.obj
 0001:00010290       ??1MSectionSimple@@QEAA@XZ 0000000180011290 f   common-kernel64:MSectionSimple.obj
 0001:00010290       ?Close@MSectionSimple@@QEAAXXZ 0000000180011290 f   common-kernel64:MSectionSimple.obj
 0001:000102b0       ?Enter@MSectionSimple@@QEAAXXZ 00000001800112b0 f   common-kernel64:MSectionSimple.obj
 0001:000102b8       ?Init@MSectionSimple@@QEAAXXZ 00000001800112b8 f   common-kernel64:MSectionSimple.obj
 0001:000102d8       ?Leave@MSectionSimple@@QEAAXXZ 00000001800112d8 f   common-kernel64:MSectionSimple.obj
 0001:000102e0       ?Lock@MSectionLockSimple@@QEAAHPEAUMSectionSimple@@K@Z 00000001800112e0 f   common-kernel64:MSectionSimple.obj
 0001:0001037c       ?RecreateAndLock@MSectionSimple@@QEAA_NXZ 000000018001137c f   common-kernel64:MSectionSimple.obj
 0001:000103ec       ?TryEnter@MSectionSimple@@QEAA_NXZ 00000001800113ec f   common-kernel64:MSectionSimple.obj
 0001:00010414       ?Unlock@MSectionLockSimple@@QEAAXXZ 0000000180011414 f   common-kernel64:MSectionSimple.obj
 0001:0001043c       ??0CEStr@@QEAA@$$QEAU0@@Z  000000018001143c f   common-kernel64:CEStr.obj
 0001:00010464       ??0CEStr@@QEAA@PEB_W00000000@Z 0000000180011464 f   common-kernel64:CEStr.obj
 0001:000104fc       ??0CEStr@@QEAA@XZ          00000001800114fc f   common-kernel64:CEStr.obj
 0001:0001050c       ??1CEStr@@QEAA@XZ          000000018001150c f   common-kernel64:CEStr.obj
 0001:00010514       ??4CEStr@@QEAAAEAU0@$$QEAU0@@Z 0000000180011514 f   common-kernel64:CEStr.obj
 0001:00010560       ??4CEStr@@QEAAAEAU0@PEB_W@Z 0000000180011560 f   common-kernel64:CEStr.obj
 0001:00010580       ?data@CEStr@@QEBAPEA_WXZ   0000000180011580 f   common-kernel64:CEStr.obj
 0001:00010580       ??BCEStr@@QEBAPEB_WXZ      0000000180011580 f   common-kernel64:CEStr.obj
 0001:00010584       ??BCEStr@@QEBA_NXZ         0000000180011584 f   common-kernel64:CEStr.obj
 0001:00010598       ?AttachInt@CEStr@@AEAAPEB_WAEAPEA_W@Z 0000000180011598 f   common-kernel64:CEStr.obj
 0001:00010618       ?Clear@CEStr@@QEAAXXZ      0000000180011618 f   common-kernel64:CEStr.obj
 0001:00010634       ?Compare@CEStr@@QEBAHPEB_W_N@Z 0000000180011634 f   common-kernel64:CEStr.obj
 0001:00010664       ?GetBuffer@CEStr@@QEAAPEA_W_J@Z 0000000180011664 f   common-kernel64:CEStr.obj
 0001:00010730       ?GetLen@CEStr@@QEBA_JXZ    0000000180011730 f   common-kernel64:CEStr.obj
 0001:00010758       ?GetMaxCount@CEStr@@QEAA_JXZ 0000000180011758 f   common-kernel64:CEStr.obj
 0001:00010784       ?Release@CEStr@@QEAAXXZ    0000000180011784 f   common-kernel64:CEStr.obj
 0001:000107a8       ?Set@CEStr@@QEAAPEB_WPEB_W_J@Z 00000001800117a8 f   common-kernel64:CEStr.obj
 0001:00010894       ?SetAt@CEStr@@QEAA_W_J_W@Z 0000000180011894 f   common-kernel64:CEStr.obj
 0001:00010aac       ?Clear@CEnvRestorer@@QEAAXXZ 0000000180011aac f   common-kernel64:EnvVar.obj
 0001:00010ad0       ?ExpandEnvStr@@YA?AUCEStr@@PEB_W@Z 0000000180011ad0 f   common-kernel64:EnvVar.obj
 0001:00010af4       ?GetEnvVar@@YA?AUCEStr@@PEB_W@Z 0000000180011af4 f   common-kernel64:EnvVar.obj
 0001:00010c18       ?SavePathVar@CEnvRestorer@@QEAAXPEB_W@Z 0000000180011c18 f   common-kernel64:EnvVar.obj
 0001:00010c4c       ??0MModule@@QEAA@PEAUHINSTANCE__@@@Z 0000000180011c4c f   common-kernel64:MModule.obj
 0001:00010c5c       ??1MModule@@QEAA@XZ        0000000180011c5c f   common-kernel64:MModule.obj
 0001:00010c64       ?Free@MModule@@QEAAXXZ     0000000180011c64 f   common-kernel64:MModule.obj
 0001:00010c9c       ??0CRgnDetect@@QEAA@XZ     0000000180011c9c f   common-user64:RgnDetect.obj
 0001:00010d5c       ??1CRgnDetect@@QEAA@XZ     0000000180011d5c f   common-user64:RgnDetect.obj
 0001:00010db8       ?DetectDialog@CRgnDetect@@IEAA_NPEA_WPEAUtag_CharAttr@@HHHHPEAH2@Z 0000000180011db8 f   common-user64:RgnDetect.obj
 0001:0001116c       ?ExpandDialogFrame@CRgnDetect@@IEAA_NPEA_WPEAUtag_CharAttr@@HHAEAH2HH22@Z 000000018001216c f   common-user64:RgnDetect.obj
 0001:000114b4       ?FindByBackground@CRgnDetect@@IEAA_NPEA_WPEAUtag_CharAttr@@HHAEAH222AEA_N@Z 00000001800124b4 f   common-user64:RgnDetect.obj
 0001:000115dc       ?FindDialog_Any@CRgnDetect@@IEAA_NPEA_WPEAUtag_CharAttr@@HHAEAH222AEA_N@Z 00000001800125dc f   common-user64:RgnDetect.obj
 0001:00011878       ?FindDialog_Inner@CRgnDetect@@IEAA_NPEA_WPEAUtag_CharAttr@@HHAEAH2@Z 0000000180012878 f   common-user64:RgnDetect.obj
 0001:000119d4       ?FindDialog_Left@CRgnDetect@@IEAA_NPEA_WPEAUtag_CharAttr@@HHAEAH222AEA_N@Z 00000001800129d4 f   common-user64:RgnDetect.obj
 0001:00011bd0       ?FindDialog_Right@CRgnDetect@@IEAA_NPEA_WPEAUtag_CharAttr@@HHAEAH222AEA_N@Z 0000000180012bd0 f   common-user64:RgnDetect.obj
 0001:00011d38       ?FindDialog_TopLeft@CRgnDetect@@IEAA_NPEA_WPEAUtag_CharAttr@@HHAEAH222AEA_N@Z 0000000180012d38 f   common-user64:RgnDetect.obj
 0001:00011e44       ?FindDialog_TopRight@CRgnDetect@@IEAA_NPEA_WPEAUtag_CharAttr@@HHAEAH222AEA_N@Z 0000000180012e44 f   common-user64:RgnDetect.obj
 0001:00011f5c       ?FindFrameBottom_ByLeft@CRgnDetect@@IEAA_NPEA_WPEAUtag_CharAttr@@HHAEAH22@Z 0000000180012f5c f   common-user64:RgnDetect.obj
 0001:00011fec       ?FindFrameBottom_ByRight@CRgnDetect@@IEAA_NPEA_WPEAUtag_CharAttr@@HHAEBH2AEAH@Z 0000000180012fec f   common-user64:RgnDetect.obj
 0001:0001209c       ?FindFrameLeft_ByBottom@CRgnDetect@@IEAA_NPEA_WPEAUtag_CharAttr@@HHAEAH22@Z 000000018001309c f   common-user64:RgnDetect.obj
 0001:00012158       ?FindFrameLeft_ByTop@CRgnDetect@@IEAA_NPEA_WPEAUtag_CharAttr@@HHAEAH22@Z 0000000180013158 f   common-user64:RgnDetect.obj
 0001:000122b8       ?FindFrameRight_ByBottom@CRgnDetect@@IEAA_NPEA_WPEAUtag_CharAttr@@HHAEAH22@Z 00000001800132b8 f   common-user64:RgnDetect.obj
 0001:0001237c       ?FindFrameRight_ByTop@CRgnDetect@@IEAA_NPEA_WPEAUtag_CharAttr@@HHAEAH22@Z 000000018001337c f   common-user64:RgnDetect.obj
 0001:000124ec       ?FindFrameTop_ByLeft@CRgnDetect@@IEAA_NPEA_WPEAUtag_CharAttr@@HHAEAH22@Z 00000001800134ec f   common-user64:RgnDetect.obj
 0001:0001256c       ?FindFrameTop_ByRight@CRgnDetect@@IEAA_NPEA_WPEAUtag_CharAttr@@HHAEAH22@Z 000000018001356c f   common-user64:RgnDetect.obj
 0001:00012610       ?FindFrame_TopLeft@CRgnDetect@@IEAA_NPEA_WPEAUtag_CharAttr@@HHAEAH222@Z 0000000180013610 f   common-user64:RgnDetect.obj
 0001:00012714       ?GetCharAttr@CRgnDetect@@QEAAHHHAEA_WAEAUtag_CharAttr@@@Z 0000000180013714 f   common-user64:RgnDetect.obj
 0001:00012794       ?GetDetectedDialogsPtr@CRgnDetect@@QEBAPEBUtag_DetectedDialog@@XZ 0000000180013794 f   common-user64:RgnDetect.obj
 0001:0001279c       ?GetFlags@CRgnDetect@@QEBAKXZ 000000018001379c f   common-user64:RgnDetect.obj
 0001:000127a4       ?InitializeSBI@CRgnDetect@@QEAAHAEBV?$array@K$0BA@@std@@@Z 00000001800137a4 f   common-user64:RgnDetect.obj
 0001:00012b8c       ?MarkDialog@CRgnDetect@@IEAAHPEA_WPEAUtag_CharAttr@@HHHHHHI_NK@Z 0000000180013b8c f   common-user64:RgnDetect.obj
 0001:0001342c       ?OnWindowSizeChanged@CRgnDetect@@QEAAXXZ 000000018001442c f   common-user64:RgnDetect.obj
 0001:00013434       ?OnWriteConsoleOutput@CRgnDetect@@QEAAXPEBU_CHAR_INFO@@U_COORD@@1PEAU_SMALL_RECT@@AEBV?$array@K$0BA@@std@@@Z 0000000180014434 f   common-user64:RgnDetect.obj
 0001:000136bc       ?PrepareTransparent@CRgnDetect@@QEAAXPEBUCEFAR_INFO_MAPPING@@AEBV?$array@K$0BA@@std@@PEBU_CONSOLE_SCREEN_BUFFER_INFO@@PEA_WPEAUtag_CharAttr@@HH_N@Z 00000001800146bc f   common-user64:RgnDetect.obj
 0001:00013edc       ?PrepareTransparent@CRgnDetect@@QEAAXPEBUCEFAR_INFO_MAPPING@@AEBV?$array@K$0BA@@std@@_N@Z 0000000180014edc f   common-user64:RgnDetect.obj
 0001:00013fe0       ?SetFarRect@CRgnDetect@@QEAAXPEAU_SMALL_RECT@@@Z 0000000180014fe0 f   common-user64:RgnDetect.obj
 0001:00014054       ?TextHeight@CRgnDetect@@QEAAHXZ 0000000180015054 f   common-user64:RgnDetect.obj
 0001:00014080       ?TextWidth@CRgnDetect@@QEAAHXZ 0000000180015080 f   common-user64:RgnDetect.obj
 0001:000140ac       ?SearchAppPaths@@YA_NPEB_WAEAUCEStr@@_NPEAVCEnvRestorer@@@Z 00000001800150ac f   common-user64:WFiles.obj
 0001:0001453c       ?apiShowWindow@@YA_NPEAUHWND__@@H@Z 000000018001553c f   common-user64:WUser.obj
 0001:00014550       ?RegGetStringValue@@YAHPEAUHKEY__@@PEB_W1AEAUCEStr@@K@Z 0000000180015550 f   common-user64:WRegistry.obj
 0001:00014728       ??0bad_function_call@std@@QEAA@AEBV01@@Z 0000000180015728 f i libcpmt:xthrow.obj
 0001:00014764       ??0bad_function_call@std@@QEAA@XZ 0000000180015764 f i libcpmt:xthrow.obj
 0001:0001477c       ??0exception@std@@QEAA@AEBV01@@Z 000000018001577c f i libcpmt:xthrow.obj
 0001:000147b0       ??0length_error@std@@QEAA@AEBV01@@Z 00000001800157b0 f i libcpmt:xthrow.obj
 0001:000147ec       ??0length_error@std@@QEAA@PEBD@Z 00000001800157ec f i libcpmt:xthrow.obj
 0001:00014834       ??0logic_error@std@@QEAA@AEBV01@@Z 0000000180015834 f i libcpmt:xthrow.obj
 0001:00014870       ??1length_error@std@@UEAA@XZ 0000000180015870 f i libcpmt:xthrow.obj
 0001:00014870       ??1bad_function_call@std@@UEAA@XZ 0000000180015870 f i libcpmt:xthrow.obj
 0001:00014870       ??1bad_exception@std@@UEAA@XZ 0000000180015870 f i libvcruntime:frame.obj
 0001:00014884       ??_Glength_error@std@@UEAAPEAXI@Z 0000000180015884 f i libcpmt:xthrow.obj
 0001:00014884       ??_Gexception@std@@UEAAPEAXI@Z 0000000180015884 f i libcpmt:xthrow.obj
 0001:00014884       ??_Gbad_function_call@std@@UEAAPEAXI@Z 0000000180015884 f i libcpmt:xthrow.obj
 0001:00014884       ??_Eexception@std@@UEAAPEAXI@Z 0000000180015884 f i libcpmt:xthrow.obj
 0001:00014884       ??_Elogic_error@std@@UEAAPEAXI@Z 0000000180015884 f i libcpmt:xthrow.obj
 0001:00014884       ??_Gbad_exception@std@@UEAAPEAXI@Z 0000000180015884 f i libvcruntime:frame.obj
 0001:00014884       ??_Ebad_exception@std@@UEAAPEAXI@Z 0000000180015884 f i libvcruntime:frame.obj
 0001:00014884       ??_Elength_error@std@@UEAAPEAXI@Z 0000000180015884 f i libcpmt:xthrow.obj
 0001:00014884       ??_Glogic_error@std@@UEAAPEAXI@Z 0000000180015884 f i libcpmt:xthrow.obj
 0001:00014884       ??_Ebad_function_call@std@@UEAAPEAXI@Z 0000000180015884 f i libcpmt:xthrow.obj
 0001:000148c8       ?_Xbad_function_call@std@@YAXXZ 00000001800158c8 f   libcpmt:xthrow.obj
 0001:000148e8       ?_Xlength_error@std@@YAXPEBD@Z 00000001800158e8 f   libcpmt:xthrow.obj
 0001:0001490c       ?what@bad_function_call@std@@UEBAPEBDXZ 000000018001590c f i libcpmt:xthrow.obj
 0001:00014914       ?what@exception@std@@UEBAPEBDXZ 0000000180015914 f i libcpmt:xthrow.obj
 0001:00014928       ??3@YAXPEAX_K@Z            0000000180015928 f   LIBCMT:delete_scalar_size.obj
 0001:00014930       __GSHandlerCheck           0000000180015930 f   LIBCMT:gshandler.obj
 0001:00014950       __GSHandlerCheckCommon     0000000180015950 f   LIBCMT:gshandler.obj
 0001:000149ac       __GSHandlerCheck_EH4       00000001800159ac f   LIBCMT:gshandlereh4.obj
 0001:00014a40       __security_check_cookie    0000000180015a40 f   LIBCMT:amdsecgs.obj
 0001:00014a64       ??_Gtype_info@@UEAAPEAXI@Z 0000000180015a64 f i LIBCMT:std_type_info_static.obj
 0001:00014a64       ??_Etype_info@@UEAAPEAXI@Z 0000000180015a64 f i LIBCMT:std_type_info_static.obj
 0001:00014db0       _DllMainCRTStartup         0000000180015db0 f   LIBCMT:dll_dllmain.obj
 0001:00014df0       __raise_securityfailure    0000000180015df0 f   LIBCMT:gs_report.obj
 0001:00014e24       __report_gsfailure         0000000180015e24 f   LIBCMT:gs_report.obj
 0001:00014ef8       __report_rangecheckfailure 0000000180015ef8 f   LIBCMT:gs_report.obj
 0001:00014f0c       __report_securityfailure   0000000180015f0c f   LIBCMT:gs_report.obj
 0001:0001508c       __security_init_cookie     000000018001608c f   LIBCMT:gs_support.obj
 0001:00015138       ?__scrt_initialize_type_info@@YAXXZ 0000000180016138 f   LIBCMT:tncleanup.obj
 0001:00015148       ?__scrt_uninitialize_type_info@@YAXXZ 0000000180016148 f   LIBCMT:tncleanup.obj
 0001:00015154       __local_stdio_scanf_options 0000000180016154 f i LIBCMT:default_local_stdio_options.obj
 0001:0001515c       __scrt_initialize_default_local_stdio_options 000000018001615c f   LIBCMT:default_local_stdio_options.obj
 0001:00015178       __scrt_acquire_startup_lock 0000000180016178 f   LIBCMT:utility.obj
 0001:000151b4       __scrt_dllmain_after_initialize_c 00000001800161b4 f   LIBCMT:utility.obj
 0001:000151e8       __scrt_dllmain_before_initialize_c 00000001800161e8 f   LIBCMT:utility.obj
 0001:00015200       __scrt_dllmain_crt_thread_attach 0000000180016200 f   LIBCMT:utility.obj
 0001:00015228       __scrt_dllmain_crt_thread_detach 0000000180016228 f   LIBCMT:utility.obj
 0001:00015240       __scrt_dllmain_exception_filter 0000000180016240 f   LIBCMT:utility.obj
 0001:000152a0       __scrt_dllmain_uninitialize_c 00000001800162a0 f   LIBCMT:utility.obj
 0001:000152d0       __scrt_dllmain_uninitialize_critical 00000001800162d0 f   LIBCMT:utility.obj
 0001:000152e4       __scrt_initialize_crt      00000001800162e4 f   LIBCMT:utility.obj
 0001:00015330       __scrt_initialize_onexit_tables 0000000180016330 f   LIBCMT:utility.obj
 0001:000153bc       __scrt_is_nonwritable_in_current_image 00000001800163bc f   LIBCMT:utility.obj
 0001:00015454       __scrt_release_startup_lock 0000000180016454 f   LIBCMT:utility.obj
 0001:00015478       __scrt_uninitialize_crt    0000000180016478 f   LIBCMT:utility.obj
 0001:000154a4       __scrt_get_dyn_tls_init_callback 00000001800164a4 f   LIBCMT:dyn_tls_init.obj
 0001:000154ac       __crt_debugger_hook        00000001800164ac f   LIBCMT:utility_desktop.obj
 0001:000154b4       __scrt_fastfail            00000001800164b4 f   LIBCMT:utility_desktop.obj
 0001:00015600       _RTC_Initialize            0000000180016600 f   LIBCMT:initsect.obj
 0001:0001563c       _RTC_Terminate             000000018001663c f   LIBCMT:initsect.obj
 0001:00015678       __isa_available_init       0000000180016678 f   LIBCMT:cpu_disp.obj
 0001:0001581c       _get_startup_argv_mode     000000018001681c f   LIBCMT:argv_mode.obj
 0001:00015824       __scrt_is_ucrt_dll_in_use  0000000180016824 f   LIBCMT:ucrt_detection.obj
 0001:00015830       wcsrchr                    0000000180016830 f   libvcruntime:wcsrchr.obj
 0001:000158e0       __C_specific_handler       00000001800168e0 f   libvcruntime:riscchandler.obj
 0001:00015af4       ??$_CallSETranslator@V__FrameHandler4@@@@YAHPEAUEHExceptionRecord@@PEA_KPEAU_CONTEXT@@PEAU_xDISPATCHER_CONTEXT@@PEAUFuncInfo4@FH4@@K1H@Z 0000000180016af4 f i libvcruntime:risctrnsctrl.obj
 0001:00015b48       ?DecompFuncInfo@FH4@@YA_JPEAEAEAUFuncInfo4@1@_KH_N@Z 0000000180016b48 f i libvcruntime:risctrnsctrl.obj
 0001:00015c6c       ?ExecutionInCatch@__FrameHandler4@@SA_NPEAU_xDISPATCHER_CONTEXT@@PEAUFuncInfo4@FH4@@@Z 0000000180016c6c f   libvcruntime:risctrnsctrl.obj
 0001:00015c74       ?FrameUnwindToEmptyState@__FrameHandler4@@SAXPEA_KPEAU_xDISPATCHER_CONTEXT@@PEAUFuncInfo4@FH4@@@Z 0000000180016c74 f   libvcruntime:risctrnsctrl.obj
 0001:00015ca8       ?GetEstablisherFrame@__FrameHandler4@@SAPEA_KPEA_KPEAU_xDISPATCHER_CONTEXT@@PEAUFuncInfo4@FH4@@0@Z 0000000180016ca8 f   libvcruntime:risctrnsctrl.obj
 0001:00015ccc       ?GetRangeOfTrysToCheck@__FrameHandler4@@SA?AU?$pair@Viterator@TryBlockMap4@FH4@@V123@@std@@AEAVTryBlockMap4@FH4@@HPEAU_xDISPATCHER_CONTEXT@@PEAUFuncInfo4@5@H@Z 0000000180016ccc f   libvcruntime:risctrnsctrl.obj
 0001:00015e34       ?UnwindNestedFrames@__FrameHandler4@@SAXPEA_KPEAUEHExceptionRecord@@PEAU_CONTEXT@@0PEAXPEAUFuncInfo4@FH4@@HHPEAUHandlerType4@5@PEAU_xDISPATCHER_CONTEXT@@E@Z 0000000180016e34 f   libvcruntime:risctrnsctrl.obj
 0001:00015f54       ?setBuffer@TryBlockMap4@FH4@@QEAAXViterator@12@@Z 0000000180016f54 f i libvcruntime:risctrnsctrl.obj
 0001:00016114       _CreateFrameInfo           0000000180017114 f   libvcruntime:risctrnsctrl.obj
 0001:00016150       _FindAndUnlinkFrame        0000000180017150 f   libvcruntime:risctrnsctrl.obj
 0001:000161a4       _GetImageBase              00000001800171a4 f   libvcruntime:risctrnsctrl.obj
 0001:000161b8       _GetThrowImageBase         00000001800171b8 f   libvcruntime:risctrnsctrl.obj
 0001:000161cc       _SetImageBase              00000001800171cc f   libvcruntime:risctrnsctrl.obj
 0001:000161e4       _SetThrowImageBase         00000001800171e4 f   libvcruntime:risctrnsctrl.obj
 0001:000161fc       __CxxFrameHandler4         00000001800171fc f   libvcruntime:risctrnsctrl.obj
 0001:000162d0       memcmp                     00000001800172d0 f   libvcruntime:memcmp.obj
 0001:000163b0       memcpy_repmovs             00000001800173b0 f   libvcruntime:memcpy.obj
 0001:000163d0       memcpy                     00000001800173d0 f   libvcruntime:memcpy.obj
 0001:000163d0       memmove                    00000001800173d0 f   libvcruntime:memcpy.obj
 0001:000167c0       memset_repmovs             00000001800177c0 f   libvcruntime:memset.obj
 0001:000167e0       memset                     00000001800177e0 f   libvcruntime:memset.obj
 0001:00016980       wcschr                     0000000180017980 f   libvcruntime:wcschr.obj
 0001:000169fc       _CxxThrowException         00000001800179fc f   libvcruntime:throw.obj
 0001:00016a9c       strchr                     0000000180017a9c f   libvcruntime:strchr.obj
 0001:00016b1c       strrchr                    0000000180017b1c f   libvcruntime:strrchr.obj
 0001:00016c60       memchr                     0000000180017c60 f   libvcruntime:memchr.obj
 0001:00016cd0       __std_exception_copy       0000000180017cd0 f   libvcruntime:std_exception.obj
 0001:00016d60       __std_exception_destroy    0000000180017d60 f   libvcruntime:std_exception.obj
 0001:00016d88       __std_type_info_compare    0000000180017d88 f   libvcruntime:std_type_info.obj
 0001:00016db0       __std_type_info_destroy_list 0000000180017db0 f   libvcruntime:std_type_info.obj
 0001:00016ddc       __vcrt_initialize          0000000180017ddc f   libvcruntime:initialization.obj
 0001:00016e04       __vcrt_thread_attach       0000000180017e04 f   libvcruntime:initialization.obj
 0001:00016e18       __vcrt_thread_detach       0000000180017e18 f   libvcruntime:initialization.obj
 0001:00016e2c       __vcrt_uninitialize        0000000180017e2c f   libvcruntime:initialization.obj
 0001:00016e48       __vcrt_uninitialize_critical 0000000180017e48 f   libvcruntime:initialization.obj
 0001:00016e58       __DestructExceptionObject  0000000180017e58 f   libvcruntime:ehhelpers.obj
 0001:00016ec8       ?_CallMemberFunction0@@YAXQEAX0@Z 0000000180017ec8 f i libvcruntime:ehhelpers.obj
 0001:00016ecc       _IsExceptionObjectToBeDestroyed 0000000180017ecc f   libvcruntime:ehhelpers.obj
 0001:00016efc       __AdjustPointer            0000000180017efc f   libvcruntime:ehhelpers.obj
 0001:00016f20       __FrameUnwindFilter        0000000180017f20 f   libvcruntime:ehhelpers.obj
 0001:00016fa0       _NLG_Notify                0000000180017fa0 f   libvcruntime:notify.obj
 0001:00016fc0       __NLG_Dispatch2            0000000180017fc0 f   libvcruntime:notify.obj
 0001:00016fd0       __NLG_Return2              0000000180017fd0 f   libvcruntime:notify.obj
 0001:00016fd4       __except_validate_context_record 0000000180017fd4 f   libvcruntime:jbcxrval.obj
 0001:0001700c       __vcrt_freefls             000000018001800c f   libvcruntime:per_thread_data.obj
 0001:0001702c       __vcrt_freeptd             000000018001802c f   libvcruntime:per_thread_data.obj
 0001:0001707c       __vcrt_getptd              000000018001807c f   libvcruntime:per_thread_data.obj
 0001:00017098       __vcrt_getptd_noexit       0000000180018098 f   libvcruntime:per_thread_data.obj
 0001:00017158       __vcrt_initialize_ptd      0000000180018158 f   libvcruntime:per_thread_data.obj
 0001:000171a0       __vcrt_uninitialize_ptd    00000001800181a0 f   libvcruntime:per_thread_data.obj
 0001:000171c4       ?StateFromControlPc@__FrameHandler4@@SAHPEAUFuncInfo4@FH4@@PEAU_xDISPATCHER_CONTEXT@@@Z 00000001800181c4 f   libvcruntime:ehstate.obj
 0001:000171cc       ?StateFromIp@__FrameHandler4@@SAHPEAUFuncInfo4@FH4@@PEAU_xDISPATCHER_CONTEXT@@_K@Z 00000001800181cc f   libvcruntime:ehstate.obj
 0001:00017e6c       ??$TypeMatchHelper@V__FrameHandler3@@@@YAHPEBU_s_HandlerType@@PEBU_s_CatchableType@@PEBU_s_ThrowInfo@@@Z 0000000180018e6c f i libvcruntime:frame.obj
 0001:00017fac       ??$TypeMatchHelper@V__FrameHandler4@@@@YAHPEAUHandlerType4@FH4@@PEBU_s_CatchableType@@PEBU_s_ThrowInfo@@@Z 0000000180018fac f i libvcruntime:frame.obj
 0001:000180f0       ??$__InternalCxxFrameHandler@V__FrameHandler4@@@@YA?AW4_EXCEPTION_DISPOSITION@@PEAUEHExceptionRecord@@PEA_KPEAU_CONTEXT@@PEAU_xDISPATCHER_CONTEXT@@PEAUFuncInfo4@FH4@@H1E@Z 00000001800190f0 f i libvcruntime:frame.obj
 0001:00018390       ??0HandlerMap4@FH4@@QEAA@PEBUTryBlockMapEntry4@1@_KH@Z 0000000180019390 f i libvcruntime:frame.obj
 0001:0001840c       ??0TryBlockMap4@FH4@@QEAA@PEBUFuncInfo4@1@_K@Z 000000018001940c f i libvcruntime:frame.obj
 0001:000184e4       ??0bad_exception@std@@QEAA@AEBV01@@Z 00000001800194e4 f i libvcruntime:frame.obj
 0001:00018520       ??0bad_exception@std@@QEAA@XZ 0000000180019520 f i libvcruntime:frame.obj
 0001:00018540       ?CxxCallCatchBlock@__FrameHandler4@@SAPEAXPEAU_EXCEPTION_RECORD@@@Z 0000000180019540 f   libvcruntime:frame.obj
 0001:0001879c       ?DecompHandler@HandlerMap4@FH4@@AEAAXXZ 000000018001979c f i libvcruntime:frame.obj
 0001:000189dc       ?FrameUnwindToState@__FrameHandler4@@SAXPEA_KPEAU_xDISPATCHER_CONTEXT@@PEAUFuncInfo4@FH4@@H@Z 00000001800199dc f   libvcruntime:frame.obj
 0001:00018e3c       ?ReadEntry@UWMap4@FH4@@AEAAXPEAPEAE@Z 0000000180019e3c f i libvcruntime:frame.obj
 0001:00018edc       ?_CallMemberFunction1@@YAXQEAX00@Z 0000000180019edc f i libvcruntime:frame.obj
 0001:00018ee8       ?_CallMemberFunction2@@YAXQEAX00H@Z 0000000180019ee8 f i libvcruntime:frame.obj
 0001:00018ef8       ?getStartStop@UWMap4@FH4@@QEAAXHHAEAViterator@12@0@Z 0000000180019ef8 f i libvcruntime:frame.obj
 0001:00018fc8       ?getStateFromIterators@UWMap4@FH4@@SAHAEBViterator@12@H0H0@Z 0000000180019fc8 f i libvcruntime:frame.obj
 0001:00019090       __vcrt_initialize_locks    000000018001a090 f   libvcruntime:locks.obj
 0001:000190c4       __vcrt_uninitialize_locks  000000018001a0c4 f   libvcruntime:locks.obj
 0001:00019248       __vcrt_FlsAlloc            000000018001a248 f   libvcruntime:winapi_downlevel.obj
 0001:00019290       __vcrt_FlsFree             000000018001a290 f   libvcruntime:winapi_downlevel.obj
 0001:000192d8       __vcrt_FlsGetValue         000000018001a2d8 f   libvcruntime:winapi_downlevel.obj
 0001:00019320       __vcrt_FlsSetValue         000000018001a320 f   libvcruntime:winapi_downlevel.obj
 0001:00019374       __vcrt_InitializeCriticalSectionEx 000000018001a374 f   libvcruntime:winapi_downlevel.obj
 0001:000193f0       _CallSettingFrame          000000018001a3f0 f   libvcruntime:handlers.obj
 0001:00019440       _CallSettingFrame_LookupContinuationIndex 000000018001a440 f   libvcruntime:handlers.obj
 0001:00019470       _CallSettingFrame_NotifyContinuationAddr 000000018001a470 f   libvcruntime:handlers.obj
 0001:000194a0       _CallSettingFrameEncoded   000000018001a4a0 f   libvcruntime:handlers.obj
 0001:000194e8       __acrt_call_reportfault    000000018001a4e8 f   libucrt:invalid_parameter.obj
 0001:00019644       __acrt_initialize_invalid_parameter_handler 000000018001a644 f   libucrt:invalid_parameter.obj
 0001:0001964c       _invalid_parameter         000000018001a64c f   libucrt:invalid_parameter.obj
 0001:000196fc       _invalid_parameter_noinfo  000000018001a6fc f   libucrt:invalid_parameter.obj
 0001:0001971c       _invoke_watson             000000018001a71c f   libucrt:invalid_parameter.obj
 0001:00019b04       ??$ensure_buffer_is_big_enough@D@formatting_buffer@__crt_stdio_output@@QEAA_N_K@Z 000000018001ab04 f i libucrt:output.obj
 0001:00019bac       ??$ensure_buffer_is_big_enough@_W@formatting_buffer@__crt_stdio_output@@QEAA_N_K@Z 000000018001abac f i libucrt:output.obj
 0001:00019c58       ??$is_wide_character_specifier@_W@__crt_stdio_output@@YA_N_K_WW4length_modifier@0@@Z 000000018001ac58 f i libucrt:output.obj
 0001:00019c98       ??$type_case_integer_parse_into_buffer@I@?$output_processor@DV?$string_output_adapter@D@__crt_stdio_output@@V?$standard_base@DV?$string_output_adapter@D@__crt_stdio_output@@@2@@__crt_stdio_output@@AEAAXII_N@Z 000000018001ac98 f i libucrt:output.obj
 0001:00019d20       ??$type_case_integer_parse_into_buffer@I@?$output_processor@_WV?$string_output_adapter@_W@__crt_stdio_output@@V?$standard_base@_WV?$string_output_adapter@_W@__crt_stdio_output@@@2@@__crt_stdio_output@@AEAAXII_N@Z 000000018001ad20 f i libucrt:output.obj
 0001:00019dc4       ??$type_case_integer_parse_into_buffer@_K@?$output_processor@DV?$string_output_adapter@D@__crt_stdio_output@@V?$standard_base@DV?$string_output_adapter@D@__crt_stdio_output@@@2@@__crt_stdio_output@@AEAAX_KI_N@Z 000000018001adc4 f i libucrt:output.obj
 0001:00019e54       ??$type_case_integer_parse_into_buffer@_K@?$output_processor@_WV?$string_output_adapter@_W@__crt_stdio_output@@V?$standard_base@_WV?$string_output_adapter@_W@__crt_stdio_output@@@2@@__crt_stdio_output@@AEAAX_KI_N@Z 000000018001ae54 f i libucrt:output.obj
 0001:00019ef8       ??$write_multiple_characters@V?$string_output_adapter@D@__crt_stdio_output@@D@__crt_stdio_output@@YAXAEBV?$string_output_adapter@D@0@DHQEAH@Z 000000018001aef8 f i libucrt:output.obj
 0001:00019f70       ??$write_multiple_characters@V?$string_output_adapter@_W@__crt_stdio_output@@D@__crt_stdio_output@@YAXAEBV?$string_output_adapter@_W@0@DHQEAH@Z 000000018001af70 f i libucrt:output.obj
 0001:00019fe8       ??0_LocaleUpdate@@QEAA@QEAU__crt_locale_pointers@@@Z 000000018001afe8 f i libucrt:output.obj
 0001:0001a090       ?crop_zeroes@__crt_stdio_output@@YAXPEADQEAU__crt_locale_pointers@@@Z 000000018001b090 f i libucrt:output.obj
 0001:0001a130       ?force_decimal_point@__crt_stdio_output@@YAXPEADQEAU__crt_locale_pointers@@@Z 000000018001b130 f i libucrt:output.obj
 0001:0001a1a8       ?parse_int_from_format_string@?$output_processor@DV?$string_output_adapter@D@__crt_stdio_output@@V?$standard_base@DV?$string_output_adapter@D@__crt_stdio_output@@@2@@__crt_stdio_output@@AEAA_NQEAH@Z 000000018001b1a8 f i libucrt:output.obj
 0001:0001a24c       ?parse_int_from_format_string@?$output_processor@_WV?$string_output_adapter@_W@__crt_stdio_output@@V?$standard_base@_WV?$string_output_adapter@_W@__crt_stdio_output@@@2@@__crt_stdio_output@@AEAA_NQEAH@Z 000000018001b24c f i libucrt:output.obj
 0001:0001a2f0       ?process@?$output_processor@DV?$string_output_adapter@D@__crt_stdio_output@@V?$standard_base@DV?$string_output_adapter@D@__crt_stdio_output@@@2@@__crt_stdio_output@@QEAAHXZ 000000018001b2f0 f i libucrt:output.obj
 0001:0001a4f8       ?process@?$output_processor@_WV?$string_output_adapter@_W@__crt_stdio_output@@V?$standard_base@_WV?$string_output_adapter@_W@__crt_stdio_output@@@2@@__crt_stdio_output@@QEAAHXZ 000000018001b4f8 f i libucrt:output.obj
 0001:0001a764       ?state_case_normal@?$output_processor@DV?$string_output_adapter@D@__crt_stdio_output@@V?$standard_base@DV?$string_output_adapter@D@__crt_stdio_output@@@2@@__crt_stdio_output@@AEAA_NXZ 000000018001b764 f i libucrt:output.obj
 0001:0001a7d8       ?state_case_normal_tchar@?$output_processor@DV?$string_output_adapter@D@__crt_stdio_output@@V?$standard_base@DV?$string_output_adapter@D@__crt_stdio_output@@@2@@__crt_stdio_output@@AEAA_ND@Z 000000018001b7d8 f i libucrt:output.obj
 0001:0001a880       ?state_case_size@?$output_processor@DV?$string_output_adapter@D@__crt_stdio_output@@V?$standard_base@DV?$string_output_adapter@D@__crt_stdio_output@@@2@@__crt_stdio_output@@AEAA_NXZ 000000018001b880 f i libucrt:output.obj
 0001:0001a9f0       ?state_case_size@?$output_processor@_WV?$string_output_adapter@_W@__crt_stdio_output@@V?$standard_base@_WV?$string_output_adapter@_W@__crt_stdio_output@@@2@@__crt_stdio_output@@AEAA_NXZ 000000018001b9f0 f i libucrt:output.obj
 0001:0001ab84       ?state_case_type@?$output_processor@DV?$string_output_adapter@D@__crt_stdio_output@@V?$standard_base@DV?$string_output_adapter@D@__crt_stdio_output@@@2@@__crt_stdio_output@@AEAA_NXZ 000000018001bb84 f i libucrt:output.obj
 0001:0001adec       ?state_case_type@?$output_processor@_WV?$string_output_adapter@_W@__crt_stdio_output@@V?$standard_base@_WV?$string_output_adapter@_W@__crt_stdio_output@@@2@@__crt_stdio_output@@AEAA_NXZ 000000018001bdec f i libucrt:output.obj
 0001:0001b0c0       ?to_integer_size@__crt_stdio_output@@YA_KW4length_modifier@1@@Z 000000018001c0c0 f i libucrt:output.obj
 0001:0001b128       ?type_case_Z@?$output_processor@DV?$string_output_adapter@D@__crt_stdio_output@@V?$standard_base@DV?$string_output_adapter@D@__crt_stdio_output@@@2@@__crt_stdio_output@@AEAA_NXZ 000000018001c128 f i libucrt:output.obj
 0001:0001b19c       ?type_case_Z@?$output_processor@_WV?$string_output_adapter@_W@__crt_stdio_output@@V?$standard_base@_WV?$string_output_adapter@_W@__crt_stdio_output@@@2@@__crt_stdio_output@@AEAA_NXZ 000000018001c19c f i libucrt:output.obj
 0001:0001b218       ?type_case_a@?$output_processor@DV?$string_output_adapter@D@__crt_stdio_output@@V?$standard_base@DV?$string_output_adapter@D@__crt_stdio_output@@@2@@__crt_stdio_output@@AEAA_NXZ 000000018001c218 f i libucrt:output.obj
 0001:0001b3d4       ?type_case_a@?$output_processor@_WV?$string_output_adapter@_W@__crt_stdio_output@@V?$standard_base@_WV?$string_output_adapter@_W@__crt_stdio_output@@@2@@__crt_stdio_output@@AEAA_NXZ 000000018001c3d4 f i libucrt:output.obj
 0001:0001b5b4       ?type_case_c_tchar@?$output_processor@DV?$string_output_adapter@D@__crt_stdio_output@@V?$standard_base@DV?$string_output_adapter@D@__crt_stdio_output@@@2@@__crt_stdio_output@@AEAA_ND@Z 000000018001c5b4 f i libucrt:output.obj
 0001:0001b67c       ?type_case_c_tchar@?$output_processor@_WV?$string_output_adapter@_W@__crt_stdio_output@@V?$standard_base@_WV?$string_output_adapter@_W@__crt_stdio_output@@@2@@__crt_stdio_output@@AEAA_N_W@Z 000000018001c67c f i libucrt:output.obj
 0001:0001b724       ?type_case_integer@?$output_processor@DV?$string_output_adapter@D@__crt_stdio_output@@V?$standard_base@DV?$string_output_adapter@D@__crt_stdio_output@@@2@@__crt_stdio_output@@AEAA_NI_N@Z 000000018001c724 f i libucrt:output.obj
 0001:0001b8a4       ?type_case_integer@?$output_processor@_WV?$string_output_adapter@_W@__crt_stdio_output@@V?$standard_base@_WV?$string_output_adapter@_W@__crt_stdio_output@@@2@@__crt_stdio_output@@AEAA_NI_N@Z 000000018001c8a4 f i libucrt:output.obj
 0001:0001ba2c       ?type_case_n@?$output_processor@_WV?$string_output_adapter@_W@__crt_stdio_output@@V?$standard_base@_WV?$string_output_adapter@_W@__crt_stdio_output@@@2@@__crt_stdio_output@@AEAA_NXZ 000000018001ca2c f i libucrt:output.obj
 0001:0001ba2c       ?type_case_n@?$output_processor@DV?$string_output_adapter@D@__crt_stdio_output@@V?$standard_base@DV?$string_output_adapter@D@__crt_stdio_output@@@2@@__crt_stdio_output@@AEAA_NXZ 000000018001ca2c f i libucrt:output.obj
 0001:0001bab4       ?type_case_s@?$output_processor@DV?$string_output_adapter@D@__crt_stdio_output@@V?$standard_base@DV?$string_output_adapter@D@__crt_stdio_output@@@2@@__crt_stdio_output@@AEAA_NXZ 000000018001cab4 f i libucrt:output.obj
 0001:0001bb4c       ?type_case_s@?$output_processor@_WV?$string_output_adapter@_W@__crt_stdio_output@@V?$standard_base@_WV?$string_output_adapter@_W@__crt_stdio_output@@@2@@__crt_stdio_output@@AEAA_NXZ 000000018001cb4c f i libucrt:output.obj
 0001:0001bc14       ?write_stored_string_tchar@?$output_processor@DV?$string_output_adapter@D@__crt_stdio_output@@V?$standard_base@DV?$string_output_adapter@D@__crt_stdio_output@@@2@@__crt_stdio_output@@AEAA_ND@Z 000000018001cc14 f i libucrt:output.obj
 0001:0001bcf0       ?write_stored_string_tchar@?$output_processor@_WV?$string_output_adapter@_W@__crt_stdio_output@@V?$standard_base@_WV?$string_output_adapter@_W@__crt_stdio_output@@@2@@__crt_stdio_output@@AEAA_N_W@Z 000000018001ccf0 f i libucrt:output.obj
 0001:0001bdd8       ?write_string@?$string_output_adapter@D@__crt_stdio_output@@QEBAXQEBDHQEAHAEAV__crt_deferred_errno_cache@@@Z 000000018001cdd8 f i libucrt:output.obj
 0001:0001be7c       ?write_string@?$string_output_adapter@_W@__crt_stdio_output@@QEBAXQEB_WHQEAHAEAV__crt_deferred_errno_cache@@@Z 000000018001ce7c f i libucrt:output.obj
 0001:0001bf24       __stdio_common_vsprintf    000000018001cf24 f   libucrt:output.obj
 0001:0001bf2c       __stdio_common_vswprintf   000000018001cf2c f   libucrt:output.obj
 0001:0001bf34       __acrt_errno_from_os_error 000000018001cf34 f   libucrt:errno.obj
 0001:0001bf7c       __acrt_errno_map_os_error  000000018001cf7c f   libucrt:errno.obj
 0001:0001bfcc       __doserrno                 000000018001cfcc f   libucrt:errno.obj
 0001:0001bfec       _errno                     000000018001cfec f   libucrt:errno.obj
 0001:0001c00c       wcsncmp                    000000018001d00c f   libucrt:wcsncmp.obj
 0001:0001c038       ??$parse_integer@KV?$c_string_character_source@D@__crt_strtox@@@__crt_strtox@@YAKQEAU__crt_locale_pointers@@V?$c_string_character_source@D@0@H_N@Z 000000018001d038 f i libucrt:strtox.obj
 0001:0001c33c       ??$parse_integer@KV?$c_string_character_source@_W@__crt_strtox@@@__crt_strtox@@YAKQEAU__crt_locale_pointers@@V?$c_string_character_source@_W@0@H_N@Z 000000018001d33c f i libucrt:strtox.obj
 0001:0001c9e4       _ischartype_l              000000018001d9e4 f i libucrt:strtox.obj
 0001:0001ca5c       strtol                     000000018001da5c f   libucrt:strtox.obj
 0001:0001ca88       wcstol                     000000018001da88 f   libucrt:strtox.obj
 0001:0001cab4       wcspbrk                    000000018001dab4 f   libucrt:wcspbrk.obj
 0001:0001cae8       _initterm                  000000018001dae8 f   libucrt:initterm.obj
 0001:0001cb4c       _initterm_e                000000018001db4c f   libucrt:initterm.obj
 0001:0001cb8c       _seh_filter_dll            000000018001db8c f   libucrt:exception_filter.obj
 0001:0001cba0       _seh_filter_exe            000000018001dba0 f   libucrt:exception_filter.obj
 0001:0001cf90       __acrt_initialize_thread_local_exit_callback 000000018001df90 f   libucrt:exit.obj
 0001:0001cf98       _cexit                     000000018001df98 f   libucrt:exit.obj
 0001:0001cfa8       _exit                      000000018001dfa8 f   libucrt:exit.obj
 0001:0001cfb4       _is_c_termination_complete 000000018001dfb4 f   libucrt:exit.obj
 0001:0001d17c       __acrt_allocate_buffer_for_argv 000000018001e17c f   libucrt:argv_parsing.obj
 0001:0001d1dc       _configure_narrow_argv     000000018001e1dc f   libucrt:argv_parsing.obj
 0001:0001d554       __dcrt_uninitialize_environments_nolock 000000018001e554 f   libucrt:environment_initialization.obj
 0001:0001d58c       _initialize_narrow_environment 000000018001e58c f   libucrt:environment_initialization.obj
 0001:0001d6e8       _execute_onexit_table      000000018001e6e8 f   libucrt:onexit.obj
 0001:0001d724       _initialize_onexit_table   000000018001e724 f   libucrt:onexit.obj
 0001:0001d878       __acrt_initialize          000000018001e878 f   libucrt:initialization.obj
 0001:0001d88c       __acrt_thread_attach       000000018001e88c f   libucrt:initialization.obj
 0001:0001d8a0       __acrt_thread_detach       000000018001e8a0 f   libucrt:initialization.obj
 0001:0001d8b0       __acrt_uninitialize        000000018001e8b0 f   libucrt:initialization.obj
 0001:0001d8e8       __acrt_uninitialize_critical 000000018001e8e8 f   libucrt:initialization.obj
 0001:0001d8f8       terminate                  000000018001e8f8 f   libucrt:terminate.obj
 0001:0001d918       abort                      000000018001e918 f   libucrt:abort.obj
 0001:0001d970       free                       000000018001e970 f   libucrt:free.obj
 0001:0001d984       malloc                     000000018001e984 f   libucrt:malloc.obj
 0001:0001d98c       strcpy_s                   000000018001e98c f   libucrt:strcpy_s.obj
 0001:0001d9ec       calloc                     000000018001e9ec f   libucrt:calloc.obj
 0001:0001da10       strncmp                    000000018001ea10 f   libucrt:strncmp.obj
 0001:0001de08       __acrt_freeptd             000000018001ee08 f   libucrt:per_thread_data.obj
 0001:0001de4c       __acrt_getptd              000000018001ee4c f   libucrt:per_thread_data.obj
 0001:0001df20       __acrt_getptd_head         000000018001ef20 f   libucrt:per_thread_data.obj
 0001:0001dfc8       __acrt_getptd_noexit       000000018001efc8 f   libucrt:per_thread_data.obj
 0001:0001e094       __acrt_initialize_ptd      000000018001f094 f   libucrt:per_thread_data.obj
 0001:0001e0d0       __acrt_uninitialize_ptd    000000018001f0d0 f   libucrt:per_thread_data.obj
 0001:0001e0f4       _free_base                 000000018001f0f4 f   libucrt:free_base.obj
 0001:0001e134       _malloc_base               000000018001f134 f   libucrt:malloc_base.obj
 0001:0001e194       _mbtowc_l                  000000018001f194 f   libucrt:mbtowc.obj
 0001:0001e314       mbtowc                     000000018001f314 f   libucrt:mbtowc.obj
 0001:0001e31c       _wctomb_s_l                000000018001f31c f   libucrt:wctomb.obj
 0001:0001e4b8       strnlen                    000000018001f4b8 f   libucrt:strnlen.obj
 0001:0001e608       wcsnlen                    000000018001f608 f   libucrt:strnlen.obj
 0001:0001e7e0       __acrt_update_locale_info  000000018001f7e0 f   libucrt:locale_update.obj
 0001:0001e814       __acrt_update_multibyte_info 000000018001f814 f   libucrt:locale_update.obj
 0001:0001f254       __acrt_fp_format           0000000180020254 f   libucrt:cvt.obj
 0001:0001f58c       _fileno                    000000018002058c f   libucrt:fileno.obj
 0001:0001f5b4       __acrt_initialize_stdio    00000001800205b4 f   libucrt:_file.obj
 0001:0001f6d4       __acrt_uninitialize_stdio  00000001800206d4 f   libucrt:_file.obj
 0001:0001f730       _lock_file                 0000000180020730 f   libucrt:_file.obj
 0001:0001f73c       _unlock_file               000000018002073c f   libucrt:_file.obj
 0001:0001f748       _get_printf_count_output   0000000180020748 f   libucrt:printf_count_output.obj
[...]
 0002:0000c49c       $unwind$__acrt_get_sigabrt_handler 000000018003649c     libucrt:signal.obj
 0002:0000c4a4       $unwind$??$?RV<lambda_410d79af7f07d98d83a3f525b3859a53>@@AEAV<lambda_3e16ef9562a7dcce91392c22ab16ea36>@@V<lambda_38119f0e861e05405d8a144b9b982f0a>@@@?$__crt_seh_guarded_call@X@@QEAAX$$QEAV<lambda_410d79af7f07d98d83a3f525b3859a53>@@AEAV<lambda_3e16ef9562a7dcce91392c22ab16ea36>@@$$QEAV<lambda_38119f0e861e05405d8a144b9b982f0a>@@@Z 00000001800364a4     libucrt:wsetlocale.obj
 0002:0000c4cc       $unwind$__acrt_initialize_lowio 00000001800364cc     libucrt:ioinit.obj
 0002:0000c4ec       $unwind$?initialize_inherited_file_handles_nolock@@YAXXZ 00000001800364ec     libucrt:ioinit.obj
 0002:0000c508       $unwind$_isctype_l         0000000180036508     libucrt:isctype.obj
 0002:0000c524       $unwind$??$common_expand_argv_wildcards@D@@YAHQEAPEADQEAPEAPEAD@Z 0000000180036524     libucrt:argv_wildcards.obj
 0002:0000c53c       $unwind$??$copy_and_add_argument_to_buffer@D@@YAHQEBD0_KAEAV?$argument_list@D@?A0x5f5c8891@@@Z 000000018003653c     libucrt:argv_wildcards.obj
 0002:0000c558       $unwind$??$expand_argument_wildcards@D@@YAHQEAD0AEAV?$argument_list@D@?A0x5f5c8891@@@Z 0000000180036558     libucrt:argv_wildcards.obj
 0002:0000c57c       $unwind$__acrt_GetModuleFileNameA 000000018003657c     libucrt:getmodulefilenamea.obj
 0002:0000c598       $unwind$__dcrt_write_console 0000000180036598     libucrt:initcon.obj
 0002:0000c598       $unwind$??$__acrt_wcs_to_mbs_cp@U__crt_win32_buffer_no_resizing@@@@YAHQEB_WAEAV?$__crt_win32_buffer@DU__crt_win32_buffer_no_resizing@@@@I@Z 0000000180036598     libucrt:getmodulefilenamea.obj
 0002:0000c5ac       $unwind$_setmbcp_nolock    00000001800365ac     libucrt:mbctype.obj
 0002:0000c5cc       $unwind$?update_thread_multibyte_data_internal@@YAPEAU__crt_multibyte_data@@QEAU__acrt_ptd@@QEAPEAU1@@Z 00000001800365cc     libucrt:mbctype.obj
 0002:0000c5f4       $unwind$?setmbcp_internal@@YAHH_NQEAU__acrt_ptd@@QEAPEAU__crt_multibyte_data@@@Z 00000001800365f4     libucrt:mbctype.obj
 0002:0000c604       $unwind$?setSBUpLow@@YAXPEAU__crt_multibyte_data@@@Z 0000000180036604     libucrt:mbctype.obj
 0002:0000c620       $unwind$??$?RV<lambda_efdfa57d1f175319df784efa44bb7b81>@@AEAV<lambda_5f0a4c1567f8adc6734073e5d1e1b35c>@@V<lambda_2e8a7d3640ea6ccb4c2413664c2db6fd>@@@?$__crt_seh_guarded_call@X@@QEAAX$$QEAV<lambda_efdfa57d1f175319df784efa44bb7b81>@@AEAV<lambda_5f0a4c1567f8adc6734073e5d1e1b35c>@@$$QEAV<lambda_2e8a7d3640ea6ccb4c2413664c2db6fd>@@@Z 0000000180036620     libucrt:mbctype.obj
 0002:0000c644       $unwind$?x_ismbbtype_l@@YAHPEAU__crt_locale_pointers@@IHH@Z 0000000180036644     libucrt:ismbbyte.obj
 0002:0000c654       $unwind$__acrt_WideCharToMultiByte 0000000180036654     libucrt:widechartomultibyte.obj
 0002:0000c660       $unwind$__acrt_initialize_winapi_thunks 0000000180036660     libucrt:winapi_thunks.obj
 0002:0000c668       $unwind$_query_new_handler 0000000180036668     libucrt:new_handler.obj
 0002:0000c688       $unwind$raise              0000000180036688     libucrt:signal.obj
 0002:0000c6c4       $unwind$??$?RV<lambda_450d765d439847d4c735a33c368b5fc0>@@AEAV<lambda_44731a7d0e6d81c3e6aa82d741081786>@@V<lambda_601a2a7da3b7a96e9554ac7215c4b07c>@@@?$__crt_seh_guarded_call@P6AXH@Z@@QEAAP6AXH@Z$$QEAV<lambda_450d765d439847d4c735a33c368b5fc0>@@AEAV<lambda_44731a7d0e6d81c3e6aa82d741081786>@@$$QEAV<lambda_601a2a7da3b7a96e9554ac7215c4b07c>@@@Z 00000001800366c4     libucrt:signal.obj
 0002:0000c6e8       $unwind$?common_flush_all@@YAH_N@Z 00000001800366e8     libucrt:fflush.obj
 0002:0000c6f0       $unwind$??$?RV<lambda_842d9ff0dc9ef11c61343bbaebe7f885>@@AEAV<lambda_c5860995281e5c4ce005b3de8f5874ee>@@V<lambda_d90129c13df834fdcbf8d2b88dafcf2d>@@@?$__crt_seh_guarded_call@X@@QEAAX$$QEAV<lambda_842d9ff0dc9ef11c61343bbaebe7f885>@@AEAV<lambda_c5860995281e5c4ce005b3de8f5874ee>@@$$QEAV<lambda_d90129c13df834fdcbf8d2b88dafcf2d>@@@Z 00000001800366f0     libucrt:fflush.obj
 0002:0000c714       $unwind$??$?RV<lambda_886d6c58226a84441f68b9f2b8217b83>@@AEAV<lambda_ab61a845afdef5b7c387490eaf3616ee>@@V<lambda_f7f22ab5edc0698d5f6905b0d3f44752>@@@?$__crt_seh_guarded_call@X@@QEAAX$$QEAV<lambda_886d6c58226a84441f68b9f2b8217b83>@@AEAV<lambda_ab61a845afdef5b7c387490eaf3616ee>@@$$QEAV<lambda_f7f22ab5edc0698d5f6905b0d3f44752>@@@Z 0000000180036714     libucrt:fflush.obj
 0002:0000c73c       $unwind$__acrt_update_thread_locale_data 000000018003673c     libucrt:locale_refcounting.obj
 0002:0000c760       $unwind$?__mbsrtowcs_utf8@__crt_mbstring@@YA_KPEA_WPEAPEBD_KPEAU_Mbstatet@@@Z 0000000180036760     libucrt:mbrtowc.obj
 0002:0000c778       $unwind$__acrt_fltout      0000000180036778     libucrt:cfout.obj
 0002:0000c798       $unwind$?divide@__crt_strtox@@YA_KAEAUbig_integer@1@AEBU21@@Z 0000000180036798     libucrt:cfout.obj
 0002:0000c7b0       $chain$0$?divide@__crt_strtox@@YA_KAEAUbig_integer@1@AEBU21@@Z 00000001800367b0     libucrt:cfout.obj
 0002:0000c7c4       $chain$1$?divide@__crt_strtox@@YA_KAEAUbig_integer@1@AEBU21@@Z 00000001800367c4     libucrt:cfout.obj
 0002:0000c7d4       $unwind$_fcloseall         00000001800367d4     libucrt:closeall.obj
 0002:0000c7f8       $unwind$__acrt_locale_free_monetary 00000001800367f8     libucrt:initmon.obj
 0002:0000c800       $unwind$__acrt_locale_free_time 0000000180036800     libucrt:inittime.obj
 0002:0000c810       $unwind$__acrt_GetStringTypeA 0000000180036810     libucrt:getstringtypea.obj
 0002:0000c838       $unwind$__acrt_lowio_destroy_handle_array 0000000180036838     libucrt:osfinfo.obj
 0002:0000c848       $unwind$__acrt_lowio_ensure_fh_exists 0000000180036848     libucrt:osfinfo.obj
 0002:0000c874       $unwind$qsort              0000000180036874     libucrt:qsort.obj
 0002:0000c88c       $chain$4$qsort             000000018003688c     libucrt:qsort.obj
 0002:0000c8b0       $chain$5$qsort             00000001800368b0     libucrt:qsort.obj
 0002:0000c8c0       $unwind$strpbrk            00000001800368c0     libucrt:strpbrk.obj
 0002:0000c8d0       $unwind$_mbsdec_l          00000001800368d0     libucrt:mbsdec.obj
 0002:0000c8dc       $unwind$__acrt_LCMapStringA 00000001800368dc     libucrt:lcmapstringa.obj
 0002:0000c8ec       $unwind$?__acrt_LCMapStringA_stat@@YAHPEAU__crt_locale_pointers@@PEB_WKPEBDHPEADHHH@Z 00000001800368ec     libucrt:lcmapstringa.obj
 0002:0000c914       $unwind$_close             0000000180036914     libucrt:close.obj
 0002:0000c914       $unwind$_commit            0000000180036914     libucrt:commit.obj
 0002:0000c91c       $unwind$??$?RV<lambda_a37b2b86f63e897a80ea819b0eb08c01>@@AEAV<lambda_38ce7e780aa69e748d6df282ebc68efe>@@V<lambda_99fb1378e971ab6e7edea83e3a7a83a2>@@@?$__crt_seh_guarded_call@H@@QEAAH$$QEAV<lambda_a37b2b86f63e897a80ea819b0eb08c01>@@AEAV<lambda_38ce7e780aa69e748d6df282ebc68efe>@@$$QEAV<lambda_99fb1378e971ab6e7edea83e3a7a83a2>@@@Z 000000018003691c     libucrt:commit.obj
 0002:0000c940       $unwind$_write             0000000180036940     libucrt:write.obj
 0002:0000c970       $unwind$_write_nolock      0000000180036970     libucrt:write.obj
 0002:0000c988       $unwind$?write_double_translated_ansi_nolock@@YA?AUwrite_result@?A0x17268360@@HQEBDI@Z 0000000180036988     libucrt:write.obj
 0002:0000c9ac       $unwind$?write_text_ansi_nolock@@YA?AUwrite_result@?A0x17268360@@HQEBDI@Z 00000001800369ac     libucrt:write.obj
 0002:0000c9ac       $unwind$?write_text_utf16le_nolock@@YA?AUwrite_result@?A0x17268360@@HQEBDI@Z 00000001800369ac     libucrt:write.obj
 0002:0000c9cc       $unwind$?write_text_utf8_nolock@@YA?AUwrite_result@?A0x17268360@@HQEBDI@Z 00000001800369cc     libucrt:write.obj
 0002:0000c9f0       $unwind$?__mbrtoc32_utf8@__crt_mbstring@@YA_KPEA_UPEBD_KPEAU_Mbstatet@@@Z 00000001800369f0     libucrt:mbrtoc32.obj
 0002:0000ca10       $xdatasym                  0000000180036a10     libucrt:log10.obj
 0002:0000ca1c       $unwind$__acrt_fenv_set_control 0000000180036a1c     libucrt:_fenvutils.obj
 0002:0000ca2c       $unwind$fclose             0000000180036a2c     libucrt:fclose.obj
 0002:0000ca50       $unwind$_putwch_nolock     0000000180036a50     libucrt:putwch.obj
 0002:0000ca58       $unwind$common_control87   0000000180036a58     libucrt:ieee.obj
 0002:0000ca84       $unwind$_handle_error      0000000180036a84     libucrt:libm_error.obj
 0002:0000caa4       $unwind$__acrt_initialize_fma3 0000000180036aa4     libucrt:fma3_available.obj
 0002:0000caac       $unwind$_log_special_common 0000000180036aac     libucrt:log_special.obj
 0002:0000cab8       $unwind$??$?RV<lambda_751a882b2c74d4b022dec766aa51a29a>@@AEAV<lambda_628dfdc04ba53c8bfc02c9951375f3f5>@@V<lambda_f6c7be5f7998530c34de24c7437d6b54>@@@?$__crt_seh_guarded_call@H@@QEAAH$$QEAV<lambda_751a882b2c74d4b022dec766aa51a29a>@@AEAV<lambda_628dfdc04ba53c8bfc02c9951375f3f5>@@$$QEAV<lambda_f6c7be5f7998530c34de24c7437d6b54>@@@Z 0000000180036ab8     libucrt:close.obj
 0002:0000cae0       $xdatasym                  0000000180036ae0     libucrt:fpsr.obj
 0002:0000cae8       $unwind$_raise_exc_ex      0000000180036ae8     libucrt:fpexcept.obj
 0002:0000cafc       $unwind$_ctrlfp            0000000180036afc     libucrt:fpctrl.obj
 0002:0000cb24       $unwind$_IsNonwritableInCurrentImage 0000000180036b24     LIBCMT:pesect.obj
 0002:0000cb48       $xdatasym                  0000000180036b48     LIBCMT:chkstk.obj
 0002:0000cd50       .edata                     0000000180036d50     ConEmuTh.x64.exp
 0002:0000cd78       rgpv                       0000000180036d78     ConEmuTh.x64.exp
 0002:0000cdac       rgszName                   0000000180036dac     ConEmuTh.x64.exp
 0002:0000cde0       rgwOrd                     0000000180036de0     ConEmuTh.x64.exp
 0002:0000cdfa       szName                     0000000180036dfa     ConEmuTh.x64.exp
 0002:0000ce0b       $N00001                    0000000180036e0b     ConEmuTh.x64.exp
 0002:0000ce1a       $N00002                    0000000180036e1a     ConEmuTh.x64.exp
 0002:0000ce20       $N00003                    0000000180036e20     ConEmuTh.x64.exp
 0002:0000ce28       $N00004                    0000000180036e28     ConEmuTh.x64.exp
 0002:0000ce31       $N00005                    0000000180036e31     ConEmuTh.x64.exp
 0002:0000ce40       $N00006                    0000000180036e40     ConEmuTh.x64.exp
 0002:0000ce51       $N00007                    0000000180036e51     ConEmuTh.x64.exp
 0002:0000ce63       $N00008                    0000000180036e63     ConEmuTh.x64.exp
 0002:0000ce71       $N00009                    0000000180036e71     ConEmuTh.x64.exp
 0002:0000ce7c       $N00010                    0000000180036e7c     ConEmuTh.x64.exp
 0002:0000ce88       $N00011                    0000000180036e88     ConEmuTh.x64.exp
 0002:0000ce9d       $N00012                    0000000180036e9d     ConEmuTh.x64.exp
 0002:0000ceac       $N00013                    0000000180036eac     ConEmuTh.x64.exp
 0002:0000d5fa       .idata$6                   00000001800375fa     version:VERSION.dll
 0002:0000d93c       .idata$6                   000000018003793c     kernel32:KERNEL32.dll
 0002:0000dbd0       .idata$6                   0000000180037bd0     user32:USER32.dll
 0002:0000dd22       .idata$6                   0000000180037d22     gdi32:GDI32.dll
 0002:0000dd82       .idata$6                   0000000180037d82     advapi32:ADVAPI32.dll
 0002:0000dda2       .idata$6                   0000000180037da2     shell32:SHELL32.dll
 0002:0000ddd2       .idata$6                   0000000180037dd2     ole32:ole32.dll
 0003:00000100       ?__vcrt_flsindex@@3KA      0000000180039100     libvcruntime:per_thread_data.obj
 0003:00000110       ?errno_no_memory@@3HA      0000000180039110     libucrt:errno.obj
 0003:00000114       ?doserrno_no_memory@@3KA   0000000180039114     libucrt:errno.obj
 0003:00000120       ?__acrt_flsindex@@3KA      0000000180039120     libucrt:per_thread_data.obj
 0003:000005f0       _mbctypes                  00000001800395f0     libucrt:mbctype.obj
 0003:00000700       _mbcasemaps                0000000180039700     libucrt:mbctype.obj
 0003:00000800       ?__rgctypeflag@@3PADA      0000000180039800     libucrt:mbctype.obj
 0003:00000810       ?__rgcode_page_info@@3PAUcode_page_info@@A 0000000180039810     libucrt:mbctype.obj
 0003:00000ab0       ?dazSupported@?1??common_control87@@9@9 0000000180039ab0     libucrt:ieee.obj
 0003:00000ac0       ?__dcrt_lowio_console_output_handle@@3PEAXEA 0000000180039ac0     libucrt:initcon.obj
 0003:00000ad0       ?dazSupported@?1??_ctrlfp@@9@9 0000000180039ad0     libucrt:fpctrl.obj
 0003:00021e10       ?sbInClearing@?1??ProcessConsoleInput@@YAHHPEAU_INPUT_RECORD@@KPEAK@Z@4_NA 000000018005ae10     ConEmuTh.obj
 0003:00021e38       ?szMenu@?1??GetPluginInfoW1900@@YAXPEAX@Z@4PAPEA_WA 000000018005ae38     ConEmuTh1900.obj
 0003:00021e40       ?szMenu1@?1??GetPluginInfoW1900@@YAXPEAX@Z@4PA_WA 000000018005ae40     ConEmuTh1900.obj
 0003:00022050       ?szMenu@?1??GetPluginInfoW2800@@YAXPEAX@Z@4PAPEA_WA 000000018005b050     ConEmuTh2800.obj
 0003:00022060       ?szMenu1@?1??GetPluginInfoW2800@@YAXPEAX@Z@4PA_WA 000000018005b060     ConEmuTh2800.obj
 0003:00022270       ?gszRootKeyW995@@3PEA_WEA  000000018005b270     ConEmuTh995.obj
 0003:00022278       ?szMenu@?1??GetPluginInfoW995@@YAXPEAX@Z@4PAPEA_WA 000000018005b278     ConEmuTh995.obj
 0003:00022280       ?szMenu1@?1??GetPluginInfoW995@@YAXPEAX@Z@4PA_WA 000000018005b280     ConEmuTh995.obj
 0003:00022490       ?gszRootKeyA@@3PEA_WEA     000000018005b490     ConEmuThA.obj
 0003:00022498       ?szMenu@?1??GetPluginInfo@@9@4PAPEADA 000000018005b498     ConEmuThA.obj
 0003:000224a0       ?szMenu1@?1??GetPluginInfo@@9@4PADA 000000018005b4a0     ConEmuThA.obj
 0003:000225c0       ?hClass@@3GA               000000018005b5c0     Display.obj
 0003:000225d8       ?gHeapInit@?A0x333b15f0@@3U?$atomic@H@std@@A 000000018005b5d8     common-kernel64:Memory.obj
 0003:000225dc       ?gHeapCounter@?A0x333b15f0@@3U?$atomic@H@std@@A 000000018005b5dc     common-kernel64:Memory.obj
 0003:000225e0       ?ghHeap@?A0x333b15f0@@3PEAXEA 000000018005b5e0     common-kernel64:Memory.obj
 0003:00022610       ?szFile@?1??ModuleName@@YAPEB_WPEB_W@Z@4PA_WA 000000018005b610     common-kernel64:ConEmuCheck.obj
 0003:00022650       ?terminalMode@?1??isTerminalMode@@YA_NXZ@4_NA 000000018005b650     common-kernel64:MProcess.obj
 0003:00022651       ?terminalChecked@?1??isTerminalMode@@YA_NXZ@4_NA 000000018005b651     common-kernel64:MProcess.obj
 0003:00022670       ?g_Threads@@3PAUConEmuThreadInfo@@A 000000018005b670     common-kernel64:WThreads.obj
 0003:0002ae70       ?gh_UnknownTerminatedThread@@3PEAXEA 0000000180063e70     common-kernel64:WThreads.obj
 0003:0002ae80       ?rtlVerifyVersionInfo@?1??_VerifyVersionInfo@@YA_NPEAU_OSVERSIONINFOEXW@@K_K@Z@4P6AH0K1@ZEA 0000000180063e80     common-kernel64:WObjects.obj
 0003:0002ae88       ?hasRtl@?1??_VerifyVersionInfo@@YA_NPEAU_OSVERSIONINFOEXW@@K_K@Z@4HA 0000000180063e88     common-kernel64:WObjects.obj
 0003:0002ae8c       ?ibIsWin7@?1??IsWin7@@YA_NXZ@4HA 0000000180063e8c     common-kernel64:WObjects.obj
 0003:0002ae90       ?is64bitOs@?1??IsWindows64@@YA_NXZ@4_NA 0000000180063e90     common-kernel64:WObjects.obj
 0003:0002ae91       ?isOsChecked@?1??IsWindows64@@YA_NXZ@4_NA 0000000180063e91     common-kernel64:WObjects.obj
 0003:0002ae92       ?gbInTransparentAssert@@3_NA 0000000180063e92     common-user64:RgnDetect.obj
 0003:0002ae94       ?__proc_attached@@3HA      0000000180063e94     LIBCMT:dll_dllmain.obj
 0003:0002aea0       GS_ExceptionRecord         0000000180063ea0     LIBCMT:gs_report.obj
 0003:0002af40       GS_ContextRecord           0000000180063f40     LIBCMT:gs_report.obj
 0003:0002b438       ?is_initialized_as_dll@@3_NA 0000000180064438     LIBCMT:utility.obj
 0003:0002b439       ?module_local_atexit_table_initialized@@3_NA 0000000180064439     LIBCMT:utility.obj
 0003:0002b440       ?module_local_atexit_table@@3U_onexit_table_t@@A 0000000180064440     LIBCMT:utility.obj
 0003:0002b458       ?module_local_at_quick_exit_table@@3U_onexit_table_t@@A 0000000180064458     LIBCMT:utility.obj
 0003:0002b490       ?__vcrt_startup_thread_ptd@@3U__vcrt_ptd@@A 0000000180064490     libvcruntime:per_thread_data.obj
 0003:0002b550       ?heap@@3V_HeapManager@@A   0000000180064550     libvcruntime:undname.obj
 0003:0002b578       __vcrt_lock_table          0000000180064578     libvcruntime:locks.obj
 0003:0002b5a0       __vcrt_locks_initialized   00000001800645a0     libvcruntime:locks.obj
 0003:0002b5a8       ?module_handles@@3PAPEAUHINSTANCE__@@A 00000001800645a8     libvcruntime:winapi_downlevel.obj
 0003:0002b5c0       ?function_pointers@@3PAPEAXA 00000001800645c0     libvcruntime:winapi_downlevel.obj
 0003:0002b5f0       ?__acrt_invalid_parameter_handler@@3V?$dual_state_global@P6AXPEB_W00I_K@Z@__crt_state_management@@A 00000001800645f0     libucrt:invalid_parameter.obj
 0003:0002b5f8       ?c_termination_complete@@3JA 00000001800645f8     libucrt:exit.obj
 0003:0002b600       ?thread_local_exit_callback_func@@3P6AXPEAXK0@ZEA 0000000180064600     libucrt:exit.obj
 0003:0002b610       ?program_name@?1???$common_configure_argv@D@@YAHW4_crt_argv_mode@@@Z@4PADA 0000000180064610     libucrt:argv_parsing.obj
 0003:0002b768       ?internal_state@?1??_mbtowc_l@@9@4U_Mbstatet@@A 0000000180064768     libucrt:mbtowc.obj
 0003:0002b780       ?enable_percent_n@@3_KA    0000000180064780     libucrt:printf_count_output.obj
 0003:0002bbc0       ?__acrt_lock_table@@3PAU_RTL_CRITICAL_SECTION@@A 0000000180064bc0     libucrt:locks.obj
 0003:0002bdf0       ?__acrt_locks_initialized@@3IA 0000000180064df0     libucrt:locks.obj
 0003:0002be10       ?fSystemSet@@3HA           0000000180064e10     libucrt:mbctype.obj
 0003:0002be14       ?initialized@?1??__acrt_initialize_multibyte@@9@4_NA 0000000180064e14     libucrt:mbctype.obj
 0003:0002be50       ?module_handles@@3PAPEAUHINSTANCE__@@A 0000000180064e50     libucrt:winapi_thunks.obj
 0003:0002bef0       ?encoded_function_pointers@@3PAPEAXA 0000000180064ef0     libucrt:winapi_thunks.obj
 0003:0002c008       ?__acrt_new_handler@@3V?$dual_state_global@P6AH_K@Z@__crt_state_management@@A 0000000180065008     libucrt:new_handler.obj
 0003:0002c010       ?ctrlc_action@@3V?$dual_state_global@P6AXH@Z@__crt_state_management@@A 0000000180065010     libucrt:signal.obj
 0003:0002c018       ?ctrlbreak_action@@3V?$dual_state_global@P6AXH@Z@__crt_state_management@@A 0000000180065018     libucrt:signal.obj
 0003:0002c020       ?abort_action@@3V?$dual_state_global@P6AXH@Z@__crt_state_management@@A 0000000180065020     libucrt:signal.obj
 0003:0002c028       ?term_action@@3V?$dual_state_global@P6AXH@Z@__crt_state_management@@A 0000000180065028     libucrt:signal.obj
 0003:0002c030       ?user_matherr@@3V?$dual_state_global@P6AHPEAU_exception@@@Z@__crt_state_management@@A 0000000180065030     libucrt:matherr.obj
 0003:0002c038       ?__acrt_global_new_mode@@3V?$dual_state_global@J@__crt_state_management@@A 0000000180065038     libucrt:new_mode.obj
 0003:0002c048       ?internal_pst@?1??__mbrtoc32_utf8@__crt_mbstring@@YA_KPEA_UPEBD_KPEAU_Mbstatet@@@Z@4U3@A 0000000180065048     libucrt:mbrtoc32.obj
 0003:0002c050       ?__acrt_app_type@@3W4_crt_app_type@@A 0000000180065050     libucrt:report_runtime_error.obj
 0005:00000000       MoveSmall                  0000000180069000     libvcruntime:memcpy.obj
 0005:00000080       MsetTab                    0000000180069080     libvcruntime:memset.obj
 0006:00000130       $R000000                   000000018006a130     ConEmuTh.res
 0006:00000450       $R000320                   000000018006a450     ConEmuTh.res
 0006:000014f8       $R0013C8                   000000018006b4f8     ConEmuTh.res
 0006:00001510       $R0013E0                   000000018006b510     ConEmuTh.res
