 ConEmuTh

 Timestamp is 60411500 (Thu Mar  4 18:12:32 2021)

 Preferred load address is 10000000

 Start         Length     Name                   Class
 0001:00000000 0002325dH .text$mn                CODE
 0001:0002325d 00000245H .text$x                 CODE
 0002:00000000 00000328H .idata$5                DATA
 0002:00000328 00000004H .00cfg                  DATA
 0002:0000032c 00000004H .CRT$XCA                DATA
 0002:00000330 00000004H .CRT$XCZ                DATA
 0002:00000334 00000004H .CRT$XIA                DATA
 0002:00000338 0000000cH .CRT$XIC                DATA
 0002:00000344 00000004H .CRT$XIZ                DATA
 0002:00000348 00000004H .CRT$XPA                DATA
 0002:0000034c 00000008H .CRT$XPX                DATA
 0002:00000354 00000004H .CRT$XPXA               DATA
 0002:00000358 00000004H .CRT$XPZ                DATA
 0002:0000035c 00000004H .CRT$XTA                DATA
 0002:00000360 00000010H .CRT$XTZ                DATA
 0002:00000364 00000000H .gfids$x                DATA
 0002:00000364 00000000H .gfids$y                DATA
 0002:00000370 00006ba8H .rdata                  DATA
 0002:00006f18 00000488H .rdata$r                DATA
 0002:000073a0 00000048H .rdata$sxdata           DATA
 0002:000073e8 00000324H .rdata$zzzdbg           DATA
 0002:0000770c 00000004H .rtc$IAA                DATA
 0002:00007710 00000004H .rtc$IZZ                DATA
 0002:00007714 00000004H .rtc$TAA                DATA
 0002:00007718 00000008H .rtc$TZZ                DATA
 0002:00007720 00000840H .xdata$x                DATA
 0002:00007f60 00000168H .edata                  DATA
 0002:000080c8 0000008cH .idata$2                DATA
 0002:00008154 00000014H .idata$3                DATA
 0002:00008168 00000328H .idata$4                DATA
 0002:00008490 00000dc8H .idata$6                DATA
 0003:00000000 00000800H .data                   DATA
 0003:00000800 00000330H .data$r                 DATA
 0003:00000b30 00029868H .bss                    DATA
 0004:00000000 00000130H .rsrc$01                DATA
 0004:00000130 00001558H .rsrc$02                DATA

  Address         Publics by Value              Rva+Base       Lib:Object

 0000:00000000       ___guard_fids_count        00000000     <absolute>
 0000:00000000       ___hybrid_code_map_count   00000000     <absolute>
 0000:00000000       ___guard_iat_count         00000000     <absolute>
 0000:00000000       ___volatile_metadata       00000000     <absolute>
 0000:00000000       ___dynamic_value_reloc_table 00000000     <absolute>
 0000:00000000       ___guard_longjmp_count     00000000     <absolute>
 0000:00000000       ___guard_fids_table        00000000     <absolute>
 0000:00000000       ___guard_longjmp_table     00000000     <absolute>
 0000:00000000       __except_list              00000000     <absolute>
 0000:00000000       ___guard_iat_table         00000000     <absolute>
 0000:00000000       ___hybrid_auxiliary_iat    00000000     <absolute>
 0000:00000000       ___enclave_config          00000000     <absolute>
 0000:00000000       ___hybrid_code_map         00000000     <absolute>
 0000:00000012       ___safe_se_handler_count   00000012     <absolute>
 0000:00000100       ___guard_flags             00000100     <absolute>
 0000:00000000       ___ImageBase               10000000     <linker-defined>
 0001:00000000       _ExitFARW@0                10001000 f   ConEmuTh.obj
 0001:00000025       _ProcessSynchroEventW@8    10001025 f   ConEmuTh.obj
 0001:00000039       ?ExitFARW3@@YGXPAX@Z       10001039 f   ConEmuTh.obj
 0001:00000067       ??$swprintf_c@$0CAA@@@YAHAAY0CAA@_WPB_WZZ 10001067 f i ConEmuTh.obj
 0001:00000080       ??0?$MFileMapping@UPanelViewSetMapping@@@@QAE@XZ 10001080 f i ConEmuTh.obj
 0001:000000dd       ??0?$MFileMapping@Utag_DetectedDialog@@@@QAE@XZ 100010dd f i ConEmuTh.obj
 0001:0000013a       ??1?$MFileMapping@UPanelViewSetMapping@@@@QAE@XZ 1000113a f i ConEmuTh.obj
 0001:00000144       ??_G?$MFileMapping@Utag_DetectedDialog@@@@QAEPAXI@Z 10001144 f i ConEmuTh.obj
 0001:000002a0       ?CheckConEmu@@YAHH@Z       100012a0 f   ConEmuTh.obj
 0001:0000037b       ?CheckPanelSettings@@YAHH@Z 1000137b f   ConEmuTh.obj
 0001:000003b3       ?CheckVarsInitialized@@YAXXZ 100013b3 f   ConEmuTh.obj
 0001:000004e0       ?CheckWindows@@YA_NXZ      100014e0 f   ConEmuTh.obj
 0001:0000057c       ?CloseMap@?$MFileMapping@Utag_DetectedDialog@@@@QAEXXZ 1000157c f i ConEmuTh.obj
 0001:0000057c       ?CloseMap@?$MFileMapping@UPanelViewSetMapping@@@@QAEXXZ 1000157c f i ConEmuTh.obj
 0001:000005cd       ?ClosePtr@?$MFileMapping@Utag_DetectedDialog@@@@QAEXXZ 100015cd f i ConEmuTh.obj
 0001:000005cd       ?ClosePtr@?$MFileMapping@UPanelViewSetMapping@@@@QAEXXZ 100015cd f i ConEmuTh.obj
 0001:000005e5       ?EntryPoint@@YAXHH_N@Z     100015e5 f   ConEmuTh.obj
 0001:00000750       ?ExecuteInMainThread@@YAXPAUConEmuThSynchroArg@@@Z 10001750 f   ConEmuTh.obj
 0001:000007bf       ?ExitPlugin@@YAXXZ         100017bf f   ConEmuTh.obj
 0001:000008c5       ?FreeItem@CePluginPanelItem@@QAEXXZ 100018c5 f   ConEmuTh.obj
 0001:000008da       ?FreeUserData@CePluginPanelItem@@QAEXXZ 100018da f   ConEmuTh.obj
 0001:0000091b       ?GetActivePanel@@YAPAUCeFullPanelInfo@@XZ 1000191b f   ConEmuTh.obj
 0001:00000960       ?GetFarRect@@YAHPAU_SMALL_RECT@@@Z 10001960 f   ConEmuTh.obj
 0001:000009c6       ?GetFocusedThumbnails@@YAPAUCeFullPanelInfo@@XZ 100019c6 f   ConEmuTh.obj
 0001:00000a16       ?GetMainThreadId@@YAKXZ    10001a16 f   ConEmuTh.obj
 0001:00000aa1       ?GetMsgW@@YAPB_WH@Z        10001aa1 f   ConEmuTh.obj
 0001:00000ada       ?GetPalette@@YAABV?$array@K$0BA@@std@@XZ 10001ada f   ConEmuTh.obj
 0001:00000ae0       ?GetPluginInfoWcmn@@YGXPAX@Z 10001ae0 f   ConEmuTh.obj
 0001:00000b11       ?GetTo@?$MFileMapping@UPanelViewSetMapping@@@@QAE_NPAUPanelViewSetMapping@@H@Z 10001b11 f i ConEmuTh.obj
 0001:00000be0       ?InitName@?$MFileMapping@UPanelViewSetMapping@@@@QAEPB_WPB_WKK@Z 10001be0 f i ConEmuTh.obj
 0001:00000be0       ?InitName@?$MFileMapping@Utag_DetectedDialog@@@@QAEPB_WPB_WKK@Z 10001be0 f i ConEmuTh.obj
 0001:00000c11       ?InternalOpenCreate@?$MFileMapping@Utag_DetectedDialog@@@@IAEPAUtag_DetectedDialog@@_N0H@Z 10001c11 f i ConEmuTh.obj
 0001:00000c11       ?InternalOpenCreate@?$MFileMapping@UPanelViewSetMapping@@@@IAEPAUPanelViewSetMapping@@_N0H@Z 10001c11 f i ConEmuTh.obj
 0001:00000df3       ?IsThumbnailsActive@@YAPAUCeFullPanelInfo@@H@Z 10001df3 f   ConEmuTh.obj
 0001:00000fc4       ?LoadFarVersion@@YAHXZ     10001fc4 f   ConEmuTh.obj
 0001:00001300       ?LoadPanelItemInfo@@YAXPAUCeFullPanelInfo@@H@Z 10002300 f   ConEmuTh.obj
 0001:00001338       ?LoadThSet@@YAHK@Z         10002338 f   ConEmuTh.obj
 0001:000014c9       ?OnPostPeekConsole@@YGHPAXPAU_INPUT_RECORD@@KPAKPAH@Z 100024c9 f   ConEmuTh.obj
 0001:00001513       ?OnPostReadConsole@@YGHPAXPAU_INPUT_RECORD@@KPAKPAH@Z 10002513 f   ConEmuTh.obj
 0001:00001555       ?OnPrePeekConsole@@YGHPAXPAU_INPUT_RECORD@@KPAKPAH@Z 10002555 f   ConEmuTh.obj
 0001:000015f8       ?OnPreReadConsole@@YGHPAXPAU_INPUT_RECORD@@KPAKPAH@Z 100025f8 f   ConEmuTh.obj
 0001:00001618       ?OnPreWriteConsoleOutput@@YGHPAXPBU_CHAR_INFO@@U_COORD@@2PAU_SMALL_RECT@@@Z 10002618 f   ConEmuTh.obj
 0001:0000173a       ?OnReadyForPanelsReload@@YAXXZ 1000273a f   ConEmuTh.obj
 0001:00001888       ?OpenPluginWcmn@@YAPAXHH_N@Z 10002888 f   ConEmuTh.obj
 0001:000018ba       ?OpenW@@YGPAXPBUOpenInfo@@@Z 100028ba f   ConEmuTh.obj
 0001:000018ec       ?PostMacro@@YAXPA_W@Z      100028ec f   ConEmuTh.obj
 0001:00001a22       ?ProcessConsoleInput@@YAHHPAU_INPUT_RECORD@@KPAK@Z 10002a22 f   ConEmuTh.obj
 0001:00001d0a       ?ProcessSynchroEventCommon@@YAHHPAX@Z 10002d0a f   ConEmuTh.obj
 0001:00001e95       ?RefreshPalette@@YAABV?$array@K$0BA@@std@@_N@Z 10002e95 f   ConEmuTh.obj
 0001:00001ec6       ?ReloadPanelsInfo@@YAXXZ   10002ec6 f   ConEmuTh.obj
 0001:00002036       ?ReloadResourcesW@@YAXXZ   10003036 f   ConEmuTh.obj
 0001:00002099       ?ResetUngetBuffer@@YAXXZ   10003099 f   ConEmuTh.obj
 0001:000020a8       ?SavePanelViewState@@YAXHK@Z 100030a8 f   ConEmuTh.obj
 0001:000020dc       ?SetFrom@?$MFileMapping@Utag_DetectedDialog@@@@QAE_NPBUtag_DetectedDialog@@H@Z 100030dc f i ConEmuTh.obj
 0001:00002207       ?SettingsLoad@@YAHPB_WPAK@Z 10003207 f   ConEmuTh.obj
 0001:0000223f       ?SettingsLoadOther@@YAXPB_W@Z 1000323f f   ConEmuTh.obj
 0001:00002337       ?SettingsLoadReg@@YAHPB_W0PAK@Z 10003337 f   ConEmuTh.obj
 0001:00002397       ?SettingsSave@@YAXPB_WPAK@Z 10003397 f   ConEmuTh.obj
 0001:000023cf       ?SettingsSaveReg@@YAXPB_W0PAK@Z 100033cf f   ConEmuTh.obj
 0001:00002419       ?ShowLastError@@YAHXZ      10003419 f   ConEmuTh.obj
 0001:000024a6       ?ShowMessage@@YAHHH@Z      100034a6 f   ConEmuTh.obj
 0001:000024de       ?ShowPluginMenu@@YAHXZ     100034de f   ConEmuTh.obj
 0001:0000250c       ?StartPlugin@@YAXH@Z       1000350c f   ConEmuTh.obj
 0001:00002633       ?StringCchCatW@@YGJPA_WIPB_W@Z 10003633 f i ConEmuTh.obj
 0001:00002671       ?StringCchCopyW@@YGJPA_WIPB_W@Z 10003671 f i ConEmuTh.obj
 0001:000026a5       ?StringCchVPrintfW@@YGJPA_WIPB_WPAD@Z 100036a5 f i ConEmuTh.obj
 0001:000027de       ?UpdateEnvVar@@YAXH@Z      100037de f   ConEmuTh.obj
 0001:000027ff       ?isPreloadByDefault@@YA_NXZ 100037ff f   ConEmuTh.obj
 0001:00002829       _DllMain@12                10003829 f   ConEmuTh.obj
 0001:000028e2       _GetMinFarVersionW@0       100038e2 f   ConEmuTh.obj
 0001:000028e8       _SetStartupInfoW@4         100038e8 f   ConEmuTh.obj
 0001:0000293f       ___local_stdio_printf_options 1000393f f i ConEmuTh.obj
 0001:00002945       __vsnwprintf_l             10003945 f i ConEmuTh.obj
 0001:000029c3       ?CheckFarPanelsW1900@@YA_NXZ 100039c3 f   ConEmuTh1900.obj
 0001:00002a02       ?CheckPanelSettingsW1900@@YAHH@Z 10003a02 f   ConEmuTh1900.obj
 0001:00002a95       ?Color2BgIndex@Far3Color@@SAXKHAAGPBK@Z 10003a95 f i ConEmuTh1900.obj
 0001:00002b67       ?Color2FgIndex@Far3Color@@SAXKAAGPBK@Z 10003b67 f i ConEmuTh1900.obj
 0001:00002c1f       ?ExecuteInMainThreadW1900@@YAXPAUConEmuThSynchroArg@@@Z 10003c1f f   ConEmuTh1900.obj
 0001:00002c3c       ?ExitFARW1900@@YAXXZ       10003c3c f   ConEmuTh1900.obj
 0001:00002c6b       ?FarColor_3_2@@YAEABUFarColor@@_N@Z 10003c6b f i ConEmuTh1900.obj
 0001:00002d16       ?GetFarRectW1900@@YAXPAU_SMALL_RECT@@@Z 10003d16 f   ConEmuTh1900.obj
 0001:00002d86       ?GetMsgW1900@@YAPB_WH@Z    10003d86 f   ConEmuTh1900.obj
 0001:00002dac       ?GetPluginInfoW1900@@YAXPAX@Z 10003dac f   ConEmuTh1900.obj
 0001:00002e10       ?GetStdIndex@Far3Color@@SAHKPBK@Z 10003e10 f i ConEmuTh1900.obj
 0001:00002f41       ?LoadPanelInfoW1900@@YAHH@Z 10003f41 f   ConEmuTh1900.obj
 0001:00003393       ?LoadPanelItemInfoW1900@@YAXPAUCeFullPanelInfo@@H@Z 10004393 f   ConEmuTh1900.obj
 0001:00003516       ?OpenW1900@@YAPAXPBX@Z     10004516 f   ConEmuTh1900.obj
 0001:00003578       ?PostMacroW1900@@YAXPA_W@Z 10004578 f   ConEmuTh1900.obj
 0001:000035f0       ?ReloadPanelsInfoW1900@@YAXXZ 100045f0 f   ConEmuTh1900.obj
 0001:0000360a       ?SetCurrentPanelItemW1900@@YAXHHH@Z 1000460a f   ConEmuTh1900.obj
 0001:0000370a       ?SetStartupInfoW1900@@YAXPAX@Z 1000470a f   ConEmuTh1900.obj
 0001:00003801       ?SettingsLoadOtherW1900@@YAXXZ 10004801 f   ConEmuTh1900.obj
 0001:00003801       ?LoadPanelItemInfoA@@YAXPAUCeFullPanelInfo@@H@Z 10004801 f   ConEmuThA.obj
 0001:00003801       @_guard_check_icall_nop@4  10004801 f   LIBCMT:guard_support.obj
 0001:00003801       ?SettingsLoadOtherW2800@@YAXXZ 10004801 f   ConEmuTh2800.obj
 0001:00003801       ?OnThreadStopped@?$CQueueProcessor@PAUIMAGE_CACHE_INFO@@@@MAEXXZ 10004801 f   ImgCache.obj
 0001:00003801       ?_Doraise@exception@stdext@@MBEXXZ 10004801 f   common-kernel32:MProcess.obj
 0001:00003802       ?SettingsLoadW1900@@YAHPB_WPAK@Z 10004802 f   ConEmuTh1900.obj
 0001:000038ac       ?SettingsSaveW1900@@YAXPB_WPAK@Z 100048ac f   ConEmuTh1900.obj
 0001:00003952       ?ShowMessageW1900@@YAHHH@Z 10004952 f   ConEmuTh1900.obj
 0001:00003987       ?ShowMessageW1900@@YAHPB_WH@Z 10004987 f   ConEmuTh1900.obj
 0001:000039f1       ?ShowPluginMenuW1900@@YAHXZ 100049f1 f   ConEmuTh1900.obj
 0001:00003bba       ??$swprintf_c@$0MI@@@YAHAAY0MI@_WPB_WZZ 10004bba f i ConEmuTh2800.obj
 0001:00003bd3       ?CheckFarPanelsW2800@@YA_NXZ 10004bd3 f   ConEmuTh2800.obj
 0001:00003c30       ?CheckPanelSettingsW2800@@YAHH@Z 10004c30 f   ConEmuTh2800.obj
 0001:00003cc3       ?ExecuteInMainThreadW2800@@YAXPAUConEmuThSynchroArg@@@Z 10004cc3 f   ConEmuTh2800.obj
 0001:00003ce0       ?ExitFARW2800@@YAXXZ       10004ce0 f   ConEmuTh2800.obj
 0001:00003d0f       ?FreePanelItemUserData2800@@YAXPAXKP6GHXZ@Z 10004d0f f   ConEmuTh2800.obj
 0001:00003d3d       ?GetFarRectW2800@@YAXPAU_SMALL_RECT@@@Z 10004d3d f   ConEmuTh2800.obj
 0001:00003db0       ?GetMsgW2800@@YAPB_WH@Z    10004db0 f   ConEmuTh2800.obj
 0001:00003dd6       ?GetPluginInfoW2800@@YAXPAX@Z 10004dd6 f   ConEmuTh2800.obj
 0001:00003e3a       ?IsFarLua@FarVersion@@QBE_NXZ 10004e3a f i ConEmuTh2800.obj
 0001:00003f5d       ?LoadPanelInfoW2800@@YAHH@Z 10004f5d f   ConEmuTh2800.obj
 0001:000043af       ?LoadPanelItemInfoW2800@@YAXPAUCeFullPanelInfo@@H@Z 100053af f   ConEmuTh2800.obj
 0001:0000458d       ?OpenW2800@@YAPAXPBX@Z     1000558d f   ConEmuTh2800.obj
 0001:00004631       ?PostMacroW2800@@YAXPA_W@Z 10005631 f   ConEmuTh2800.obj
 0001:000046ab       ?ProcessSynchroEventW3@@YGHPAX@Z 100056ab f   ConEmuTh2800.obj
 0001:000046c2       ?ReloadPanelsInfoW2800@@YAXXZ 100056c2 f   ConEmuTh2800.obj
 0001:000046dc       ?SetCurrentPanelItemW2800@@YAXHHH@Z 100056dc f   ConEmuTh2800.obj
 0001:000047d5       ?SetCurrentPanelItemW2800Int@@YAXHHH@Z 100057d5 f   ConEmuTh2800.obj
 0001:000048c8       ?SetStartupInfoW2800@@YAXPAX@Z 100058c8 f   ConEmuTh2800.obj
 0001:000049bf       ?SettingsLoadW2800@@YAHPB_WPAK@Z 100059bf f   ConEmuTh2800.obj
 0001:00004a62       ?SettingsSaveW2800@@YAXPB_WPAK@Z 10005a62 f   ConEmuTh2800.obj
 0001:00004b06       ?ShowMessageW2800@@YAHHH@Z 10005b06 f   ConEmuTh2800.obj
 0001:00004b3b       ?ShowMessageW2800@@YAHPB_WH@Z 10005b3b f   ConEmuTh2800.obj
 0001:00004ba5       ?ShowPluginMenuW2800@@YAHXZ 10005ba5 f   ConEmuTh2800.obj
 0001:00004d6e       _GetGlobalInfoW@4          10005d6e f   ConEmuTh2800.obj
 0001:00004dfe       ?CheckFarPanelsW995@@YA_NXZ 10005dfe f   ConEmuTh995.obj
 0001:00004e55       ?CheckPanelSettingsW995@@YAHH@Z 10005e55 f   ConEmuTh995.obj
 0001:00004eb1       ?ExecuteInMainThreadW995@@YAXPAUConEmuThSynchroArg@@@Z 10005eb1 f   ConEmuTh995.obj
 0001:00004eca       ?ExitFARW995@@YAXXZ        10005eca f   ConEmuTh995.obj
 0001:00004f10       ?GetFarRectW995@@YAXPAU_SMALL_RECT@@@Z 10005f10 f   ConEmuTh995.obj
 0001:00004f35       ?GetMsgW995@@YAPB_WH@Z     10005f35 f   ConEmuTh995.obj
 0001:00004f59       ?GetPluginInfoW995@@YAXPAX@Z 10005f59 f   ConEmuTh995.obj
 0001:00004fec       ?LoadPanelInfo995@@YAHH@Z  10005fec f   ConEmuTh995.obj
 0001:00005324       ?LoadPanelItemInfoW995@@YAXPAUCeFullPanelInfo@@H@Z 10006324 f   ConEmuTh995.obj
 0001:00005439       ?PostMacroW995@@YAXPA_W@Z  10006439 f   ConEmuTh995.obj
 0001:000054a1       ?ReloadPanelsInfoW995@@YAXXZ 100064a1 f   ConEmuTh995.obj
 0001:000054bb       ?SetCurrentPanelItemW995@@YAXHHH@Z 100064bb f   ConEmuTh995.obj
 0001:0000558f       ?SetStartupInfoW995@@YAXPAX@Z 1000658f f   ConEmuTh995.obj
 0001:000056cc       ?SettingsLoadOtherW995@@YAXXZ 100066cc f   ConEmuTh995.obj
 0001:000056d9       ?SettingsLoadW995@@YAHPB_WPAK@Z 100066d9 f   ConEmuTh995.obj
 0001:000056f2       ?SettingsSaveW995@@YAXPB_WPAK@Z 100066f2 f   ConEmuTh995.obj
 0001:0000570b       ?ShowMessageW995@@YAHHH@Z  1000670b f   ConEmuTh995.obj
 0001:0000573e       ?ShowMessageW995@@YAHPB_WH@Z 1000673e f   ConEmuTh995.obj
 0001:0000576c       ?ShowPluginMenuW995@@YAHXZ 1000676c f   ConEmuTh995.obj
 0001:0000589b       _OpenPluginW@8             1000689b f   ConEmuTh995.obj
 0001:000058ca       ?CheckFarPanelsA@@YA_NXZ   100068ca f   ConEmuThA.obj
 0001:00005941       ?CheckPanelSettingsA@@YAHH@Z 10006941 f   ConEmuThA.obj
 0001:000059a9       ?GetMsgA@@YAPB_WHPA_W@Z    100069a9 f   ConEmuThA.obj
 0001:00005a59       ?LoadPanelInfoA@@YAHH@Z    10006a59 f   ConEmuThA.obj
 0001:00005dd2       ?PostMacroA@@YAXPAD@Z      10006dd2 f   ConEmuThA.obj
 0001:00005e3e       ?ReloadPanelsInfoA@@YAXXZ  10006e3e f   ConEmuThA.obj
 0001:00005e58       ?ReloadResourcesA@@YAXXZ   10006e58 f   ConEmuThA.obj
 0001:00005f01       ?SetCurrentPanelItemA@@YAXHHH@Z 10006f01 f   ConEmuThA.obj
 0001:00006002       ?SettingsLoadA@@YAHPB_WPAK@Z 10007002 f   ConEmuThA.obj
 0001:0000601b       ?SettingsLoadOtherA@@YAXXZ 1000701b f   ConEmuThA.obj
 0001:00006028       ?SettingsSaveA@@YAXPB_WPAK@Z 10007028 f   ConEmuThA.obj
 0001:00006041       ?ShowMessageA@@YAHHH@Z     10007041 f   ConEmuThA.obj
 0001:0000607d       ?ShowMessageA@@YAHPBDH@Z   1000707d f   ConEmuThA.obj
 0001:000060b1       ?ShowPluginMenuA@@YAHXZ    100070b1 f   ConEmuThA.obj
 0001:0000623f       _ExitFAR@0                 1000723f f   ConEmuThA.obj
 0001:0000628a       _GetMinFarVersion@0        1000728a f   ConEmuThA.obj
 0001:000062a8       _GetPluginInfo@4           100072a8 f   ConEmuThA.obj
 0001:0000630c       _OpenPlugin@8              1000730c f   ConEmuThA.obj
 0001:00006334       _SetStartupInfo@4          10007334 f   ConEmuThA.obj
 0001:0000649c       ??$swprintf_c@$0IA@@@YAHAAY0IA@_WPB_WZZ 1000749c f i Display.obj
 0001:000064b5       ?BisItem2CeItem@CeFullPanelInfo@@QAEHHH_KKKHH@Z 100074b5 f   Display.obj
 0001:0000653a       ?CalcTopPanelItem@CeFullPanelInfo@@QAEHHH@Z 1000753a f   Display.obj
 0001:0000660e       ?Close@CeFullPanelInfo@@QAEXXZ 1000760e f   Display.obj
 0001:00006647       ?CreateView@CeFullPanelInfo@@QAEPAUHWND__@@XZ 10007647 f   Display.obj
 0001:00006969       ?DisplayReloadPanel@CeFullPanelInfo@@QAEXXZ 10007969 f   Display.obj
 0001:0000698c       ?DisplayThread@CeFullPanelInfo@@SGKPAX@Z 1000798c f   Display.obj
 0001:00006a9e       ?DisplayWndProc@CeFullPanelInfo@@SGJPAUHWND__@@IIJ@Z 10007a9e f   Display.obj
 0001:00006f52       ?DrawItemText@CeFullPanelInfo@@QAEHPAUHDC__@@PAUtagRECT@@1PAUCePluginPanelItem@@PB_WPAUHBRUSH__@@H@Z 10007f52 f   Display.obj
 0001:000075a0       ?FarItem2CeItem@CeFullPanelInfo@@QAEHHPB_W0KU_FILETIME@@_KHPAXKP6GHXZ2K@Z 100085a0 f   Display.obj
 0001:00007847       ?FinalRelease@CeFullPanelInfo@@QAEXXZ 10008847 f   Display.obj
 0001:00007920       ?GetConCoordFromIndex@CeFullPanelInfo@@QAEHHAAU_COORD@@@Z 10008920 f   Display.obj
 0001:000079d8       ?GetIndexFromWndCoord@CeFullPanelInfo@@QAEHHHAAH@Z 100089d8 f   Display.obj
 0001:00007a4f       ?GetItemColors@CeFullPanelInfo@@QAEPAUHBRUSH__@@HPAUCePluginPanelItem@@PAUCePluginPanelItemColor@@HAAK2@Z 10008a4f f   Display.obj
 0001:00007aa6       ?Invalidate@CeFullPanelInfo@@QAEXXZ 10008aa6 f   Display.obj
 0001:00007aea       ?InvalidateAll@CeFullPanelInfo@@SAXXZ 10008aea f   Display.obj
 0001:00007b27       ?LoadItemColors@CeFullPanelInfo@@QAEXHPAUCePluginPanelItem@@PAUCePluginPanelItemColor@@HH@Z 10008b27 f   Display.obj
 0001:00007d62       ?OnSettingsChanged@CeFullPanelInfo@@QAEHH@Z 10008d62 f   Display.obj
 0001:00007df4       ?Paint@CeFullPanelInfo@@QAEXPAUHWND__@@AAUtagPAINTSTRUCT@@AAUtagRECT@@@Z 10008df4 f   Display.obj
 0001:000085ad       ?PaintItem@CeFullPanelInfo@@QAEHPAUHDC__@@HHHPAUCePluginPanelItem@@PAUCePluginPanelItemColor@@HHPAUHBRUSH__@@3K@Z 100095ad f   Display.obj
 0001:00008a23       ?ReallocItems@CeFullPanelInfo@@QAEHH@Z 10009a23 f   Display.obj
 0001:00008b56       ?RegisterPanelView@CeFullPanelInfo@@QAEHXZ 10009b56 f   Display.obj
 0001:00008e22       ?RequestSetPos@CeFullPanelInfo@@QAEXHHH@Z 10009e22 f   Display.obj
 0001:00008eda       ?StringCchCopyNW@@YGJPA_WIPB_WI@Z 10009eda f i Display.obj
 0001:00008f5c       ?UnregisterPanelView@CeFullPanelInfo@@QAEH_N@Z 10009f5c f   Display.obj
 0001:0000907e       ??$SafeDelete@UMSectionSimple@@@@YAXAAPAUMSectionSimple@@@Z 1000a07e f i ImgCache.obj
 0001:000090af       ??0?$CQueueProcessor@PAUIMAGE_CACHE_INFO@@@@QAE@XZ 1000a0af f i ImgCache.obj
 0001:00009113       ??0CImgCache@@QAE@PAUHINSTANCE__@@@Z 1000a113 f   ImgCache.obj
 0001:0000925d       ??1?$CQueueProcessor@PAUIMAGE_CACHE_INFO@@@@UAE@XZ 1000a25d f i ImgCache.obj
 0001:000092e6       ??1CImgCache@@QAE@XZ       1000a2e6 f   ImgCache.obj
 0001:000093b3       ??_G?$CQueueProcessor@PAUIMAGE_CACHE_INFO@@@@UAEPAXI@Z 1000a3b3 f i ImgCache.obj
 0001:000093b3       ??_E?$CQueueProcessor@PAUIMAGE_CACHE_INFO@@@@UAEPAXI@Z 1000a3b3 f i ImgCache.obj
 0001:000093d5       ??_ECImgLoader@@UAEPAXI@Z  1000a3d5 f i ImgCache.obj
 0001:000093d5       ??_GCImgLoader@@UAEPAXI@Z  1000a3d5 f i ImgCache.obj
 0001:000093f7       ?OnItemReady@?$CQueueProcessor@PAUIMAGE_CACHE_INFO@@@@MAEXAAPAUIMAGE_CACHE_INFO@@J@Z 1000a3f7 f i ImgCache.obj
 0001:000093f7       ?OnItemFailed@?$CQueueProcessor@PAUIMAGE_CACHE_INFO@@@@MAEXAAPAUIMAGE_CACHE_INFO@@J@Z 1000a3f7 f i ImgCache.obj
 0001:000093f7       ?ApplyChanges@?$CQueueProcessor@PAUIMAGE_CACHE_INFO@@@@MAEXAAPAUIMAGE_CACHE_INFO@@ABQAU2@@Z 1000a3f7 f i ImgCache.obj
 0001:000093fa       ?CheckDrawDibCreated@CImgCache@@IAEHXZ 1000a3fa f   ImgCache.obj
 0001:00009515       ?CheckHighPriority@?$CQueueProcessor@PAUIMAGE_CACHE_INFO@@@@MAE_NABQAUIMAGE_CACHE_INFO@@@Z 1000a515 f i ImgCache.obj
 0001:00009515       ?CheckHighPriority@CImgLoader@@UAE_NABQAUIMAGE_CACHE_INFO@@@Z 1000a515 f i ImgCache.obj
 0001:00009515       ?Filter@?$MToolHelp@UtagPROCESSENTRY32W@@$1?Process32FirstW@@YGHPAXPAU1@@Z$1?Process32NextW@@YGH01@Z@@MAE_NABUtagPROCESSENTRY32W@@@Z 1000a515 f i common-kernel32:MProcess.obj
 0001:0000951a       ?CheckLoadDibCreated@CImgCache@@IAEHXZ 1000a51a f   ImgCache.obj
 0001:00009635       ?CheckThread@?$CQueueProcessor@PAUIMAGE_CACHE_INFO@@@@IAEJXZ 1000a635 f i ImgCache.obj
 0001:000096c6       ?CheckWaitingCount@?$CQueueProcessor@PAUIMAGE_CACHE_INFO@@@@AAEXXZ 1000a6c6 f i ImgCache.obj
 0001:00009708       ?ClearQueue@?$CQueueProcessor@PAUIMAGE_CACHE_INFO@@@@AAEXXZ 1000a708 f i ImgCache.obj
 0001:00009763       ?CopyBits@CImgCache@@IAEXU_COORD@@PAEK01@Z 1000a763 f   ImgCache.obj
 0001:000097be       ?CopyItem@?$CQueueProcessor@PAUIMAGE_CACHE_INFO@@@@MAEXPBQAUIMAGE_CACHE_INFO@@PAPAU2@@Z 1000a7be f i ImgCache.obj
 0001:000097db       ?FindInCache@CImgCache@@IAEHPAUCePluginPanelItem@@PAHI@Z 1000a7db f   ImgCache.obj
 0001:000099c6       ?FindOrCreate@?$CQueueProcessor@PAUIMAGE_CACHE_INFO@@@@AAEPAUProcessingItem@1@ABQAUIMAGE_CACHE_INFO@@J_NW4ProcessingPriority@@@Z 1000a9c6 f i ImgCache.obj
 0001:00009b33       ?FreeItem@?$CQueueProcessor@PAUIMAGE_CACHE_INFO@@@@MAEXABQAUIMAGE_CACHE_INFO@@@Z 1000ab33 f i ImgCache.obj
 0001:00009b36       ?FreeModules@CImgCache@@IAEXXZ 1000ab36 f   ImgCache.obj
 0001:00009b87       ?Init@CImgCache@@QAEXK@Z   1000ab87 f   ImgCache.obj
 0001:00009bd0       ?InitializeQueue@?$CQueueProcessor@PAUIMAGE_CACHE_INFO@@@@AAEXH@Z 1000abd0 f i ImgCache.obj
 0001:00009c51       ?IsEqual@?$CQueueProcessor@PAUIMAGE_CACHE_INFO@@@@MAE_NABQAUIMAGE_CACHE_INFO@@J0J@Z 1000ac51 f i ImgCache.obj
 0001:00009c7e       ?IsEqual@CImgLoader@@UAE_NABQAUIMAGE_CACHE_INFO@@J0J@Z 1000ac7e f i ImgCache.obj
 0001:00009c9f       ?IsStopRequested@?$CQueueProcessor@PAUIMAGE_CACHE_INFO@@@@UAE_NABQAUIMAGE_CACHE_INFO@@@Z 1000ac9f f i ImgCache.obj
 0001:00009cb0       ?IsTerminationRequested@?$CQueueProcessor@PAUIMAGE_CACHE_INFO@@@@MAE_NXZ 1000acb0 f i ImgCache.obj
 0001:00009cb0       ?IsTerminationRequested@CImgLoader@@UAE_NXZ 1000acb0 f i ImgCache.obj
 0001:00009cb4       ?LoadModules@CImgCache@@IAEXXZ 1000acb4 f   ImgCache.obj
 0001:00009ece       ?LoadShellIcon@CImgCache@@QAEHPAUIMAGE_CACHE_INFO@@H@Z 1000aece f   ImgCache.obj
 0001:0000a1bd       ?LoadThumbnail@CImgCache@@QAEHPAUIMAGE_CACHE_INFO@@@Z 1000b1bd f   ImgCache.obj
 0001:0000a5ec       ?OnThreadStarted@?$CQueueProcessor@PAUIMAGE_CACHE_INFO@@@@MAEJXZ 1000b5ec f i ImgCache.obj
 0001:0000a5ef       ?OnThreadStarted@CImgLoader@@UAEJXZ 1000b5ef f i ImgCache.obj
 0001:0000a60e       ?OnThreadStopped@CImgLoader@@UAEXXZ 1000b60e f i ImgCache.obj
 0001:0000a61f       ?PaintItem@CImgCache@@QAEHPAUHDC__@@HHHPAUCePluginPanelItem@@PAPB_WPAH@Z 1000b61f f   ImgCache.obj
 0001:0000aaaa       ?ProcessItem@?$CQueueProcessor@PAUIMAGE_CACHE_INFO@@@@IAEJPAUProcessingItem@1@@Z 1000baaa f i ImgCache.obj
 0001:0000aaf3       ?ProcessItem@?$CQueueProcessor@PAUIMAGE_CACHE_INFO@@@@MAEJAAPAUIMAGE_CACHE_INFO@@J@Z 1000baf3 f i ImgCache.obj
 0001:0000aafb       ?ProcessItem@CImgLoader@@UAEJAAPAUIMAGE_CACHE_INFO@@J@Z 1000bafb f i ImgCache.obj
 0001:0000ab40       ?ProcessingStep@?$CQueueProcessor@PAUIMAGE_CACHE_INFO@@@@IAE_NXZ 1000bb40 f i ImgCache.obj
 0001:0000accc       ?ProcessingThread@?$CQueueProcessor@PAUIMAGE_CACHE_INFO@@@@KGKPAX@Z 1000bccc f i ImgCache.obj
 0001:0000acf2       ?RequestItem@?$CQueueProcessor@PAUIMAGE_CACHE_INFO@@@@QAEJ_NW4ProcessingPriority@@QAUIMAGE_CACHE_INFO@@J@Z 1000bcf2 f i ImgCache.obj
 0001:0000ad90       ?RequestItem@CImgCache@@QAEHPAUCePluginPanelItem@@I@Z 1000bd90 f   ImgCache.obj
 0001:0000ae43       ?Reset@CImgCache@@QAEXXZ   1000be43 f   ImgCache.obj
 0001:0000af90       ?SetCacheLocation@CImgCache@@QAEXPB_W@Z 1000bf90 f   ImgCache.obj
 0001:0000afed       ?Terminate@?$CQueueProcessor@PAUIMAGE_CACHE_INFO@@@@QAEXK@Z 1000bfed f i ImgCache.obj
 0001:0000b03d       _GetFileVersionInfoSizeW@8 1000c03d f   version:VERSION.dll
 0001:0000b043       _GetFileVersionInfoW@16    1000c043 f   version:VERSION.dll
 0001:0000b049       _VerQueryValueW@16         1000c049 f   version:VERSION.dll
 0001:0000b04f       _CreateToolhelp32Snapshot@8 1000c04f f   kernel32:KERNEL32.dll
 0001:0000b055       _Thread32First@8           1000c055 f   kernel32:KERNEL32.dll
 0001:0000b05b       _Thread32Next@8            1000c05b f   kernel32:KERNEL32.dll
 0001:0000b061       ??2@YAPAXI@Z               1000c061 f   common-kernel32:Memory.obj
 0001:0000b082       ??3@YAXPAX@Z               1000c082 f   common-kernel32:Memory.obj
 0001:0000b082       ??_V@YAXPAX@Z              1000c082 f   common-kernel32:Memory.obj
 0001:0000b087       ??_U@YAPAXI@Z              1000c087 f   common-kernel32:Memory.obj
 0001:0000b090       ?HeapDeinitialize@@YAXXZ   1000c090 f   common-kernel32:Memory.obj
 0001:0000b0e6       ?HeapInitialize@@YA_NXZ    1000c0e6 f   common-kernel32:Memory.obj
 0001:0000b114       ?xf_calloc@@YAPAXII@Z      1000c114 f   common-kernel32:Memory.obj
 0001:0000b13f       ?xf_free@@YAXPAX@Z         1000c13f f   common-kernel32:Memory.obj
 0001:0000b17f       ?xf_malloc@@YAPAXI@Z       1000c17f f   common-kernel32:Memory.obj
 0001:0000b1a5       ?xf_realloc@@YAPAXPAXI@Z   1000c1a5 f   common-kernel32:Memory.obj
 0001:0000b1cc       ?StringCchVPrintfA@@YGJPADIPBD0@Z 1000c1cc f i common-kernel32:MStrSafe.obj
 0001:0000b221       ?msprintf@@YAPB_WPA_WIPB_WZZ 1000c221 f   common-kernel32:MStrSafe.obj
 0001:0000b23b       ?mvsprintf@@YAPB_WPA_WIPB_WPAD@Z 1000c23b f   common-kernel32:MStrSafe.obj
 0001:0000b69e       ?sprintf_c@@YAHPADHPBDZZ   1000c69e f   common-kernel32:MStrSafe.obj
 0001:0000b6c1       ?swprintf_c@@YAHPA_WHPB_WZZ 1000c6c1 f   common-kernel32:MStrSafe.obj
 0001:0000b6e4       __vsnprintf_l              1000c6e4 f i common-kernel32:MStrSafe.obj
 0001:0000b716       ?CommonShutdown@@YAXXZ     1000c716 f   common-kernel32:Common.obj
 0001:0000b725       ??0MNullDesc@@QAE@XZ       1000c725 f i common-kernel32:MSecurity.obj
 0001:0000b747       ??1MNullDesc@@QAE@XZ       1000c747 f i common-kernel32:MSecurity.obj
 0001:0000b77f       ?LoadAdvApi@MNullDesc@@IAEHXZ 1000c77f f i common-kernel32:MSecurity.obj
 0001:0000b857       ?LocalSecurity@@YAPAU_SECURITY_ATTRIBUTES@@XZ 1000c857 f   common-kernel32:MSecurity.obj
 0001:0000b883       ?LocalSecurity@MNullDesc@@QAEPAU_SECURITY_ATTRIBUTES@@XZ 1000c883 f i common-kernel32:MSecurity.obj
 0001:0000b9a0       ?ShutdownSecurity@@YAXXZ   1000c9a0 f   common-kernel32:MSecurity.obj
 0001:0000b9c5       ?UnloadAdvApi@MNullDesc@@IAEXXZ 1000c9c5 f i common-kernel32:MSecurity.obj
 0001:0000b9dd       ?ExecuteCmd@@YAPAUCESERVER_REQ@@PB_WPAU1@KPAUHWND__@@HKH@Z 1000c9dd f   common-kernel32:ConEmuCheck.obj
 0001:0000bbb2       ?ExecuteFreeResult@@YAXAAPAUCESERVER_REQ@@@Z 1000cbb2 f   common-kernel32:ConEmuCheck.obj
 0001:0000bbca       ?ExecuteGuiCmd@@YAPAUCESERVER_REQ@@PAUHWND__@@PAU1@0H@Z 1000cbca f   common-kernel32:ConEmuCheck.obj
 0001:0000bc4b       ?ExecuteNewCmd@@YAPAUCESERVER_REQ@@KI@Z 1000cc4b f   common-kernel32:ConEmuCheck.obj
 0001:0000bc89       ?ExecuteOpenPipe@@YAPAXPB_WAAY0CAI@_W0KKHPAXH@Z 1000cc89 f   common-kernel32:ConEmuCheck.obj
 0001:0000bdc3       ?ExecutePrepareCmd@@YAXPAUCESERVER_REQ@@KI@Z 1000cdc3 f   common-kernel32:ConEmuCheck.obj
 0001:0000bdfa       ?ExecutePrepareCmd@@YAXPAUCESERVER_REQ_HDR@@KI@Z 1000cdfa f   common-kernel32:ConEmuCheck.obj
 0001:0000be62       ?ModuleName@@YAPB_WPB_W@Z  1000ce62 f   common-kernel32:ConEmuCheck.obj
 0001:0000bef8       ??$_Emplace_reallocate@ABUtagPROCESSENTRY32W@@@?$vector@UtagPROCESSENTRY32W@@V?$MArrayAllocator@UtagPROCESSENTRY32W@@@@@std@@QAEPAUtagPROCESSENTRY32W@@QAU2@ABU2@@Z 1000cef8 f i common-kernel32:MProcess.obj
 0001:0000bfbb       ??$emplace_back@ABUtagPROCESSENTRY32W@@@?$vector@UtagPROCESSENTRY32W@@V?$MArrayAllocator@UtagPROCESSENTRY32W@@@@@std@@QAEXABUtagPROCESSENTRY32W@@@Z 1000cfbb f i common-kernel32:MProcess.obj
 0001:0000bfee       ??0?$MToolHelp@UtagPROCESSENTRY32W@@$1?Process32FirstW@@YGHPAXPAU1@@Z$1?Process32NextW@@YGH01@Z@@QAE@KK@Z 1000cfee f i common-kernel32:MProcess.obj
 0001:0000c05c       ??0bad_alloc@stdext@@QAE@ABV01@@Z 1000d05c f i common-kernel32:MProcess.obj
 0001:0000c07a       ??0bad_alloc@stdext@@QAE@XZ 1000d07a f i common-kernel32:MProcess.obj
 0001:0000c08a       ??0exception@stdext@@QAE@ABV01@@Z 1000d08a f i common-kernel32:MProcess.obj
 0001:0000c0a2       ??1?$MToolHelp@UtagPROCESSENTRY32W@@$1?Process32FirstW@@YGHPAXPAU1@@Z$1?Process32NextW@@YGH01@Z@@UAE@XZ 1000d0a2 f i common-kernel32:MProcess.obj
 0001:0000c0bc       ??1bad_alloc@stdext@@UAE@XZ 1000d0bc f i common-kernel32:MProcess.obj
 0001:0000c0c3       ??_GMToolHelpProcess@@UAEPAXI@Z 1000d0c3 f i common-kernel32:MProcess.obj
 0001:0000c0c3       ??_E?$MToolHelp@UtagPROCESSENTRY32W@@$1?Process32FirstW@@YGHPAXPAU1@@Z$1?Process32NextW@@YGH01@Z@@UAEPAXI@Z 1000d0c3 f i common-kernel32:MProcess.obj
 0001:0000c0c3       ??_EMToolHelpProcess@@UAEPAXI@Z 1000d0c3 f i common-kernel32:MProcess.obj
 0001:0000c0c3       ??_G?$MToolHelp@UtagPROCESSENTRY32W@@$1?Process32FirstW@@YGHPAXPAU1@@Z$1?Process32NextW@@YGH01@Z@@UAEPAXI@Z 1000d0c3 f i common-kernel32:MProcess.obj
 0001:0000c0e8       ??_Ebad_alloc@stdext@@UAEPAXI@Z 1000d0e8 f i common-kernel32:MProcess.obj
 0001:0000c0e8       ??_Gbad_alloc@stdext@@UAEPAXI@Z 1000d0e8 f i common-kernel32:MProcess.obj
 0001:0000c0e8       ??_Eexception@stdext@@UAEPAXI@Z 1000d0e8 f i common-kernel32:MProcess.obj
 0001:0000c0e8       ??_Gexception@stdext@@UAEPAXI@Z 1000d0e8 f i common-kernel32:MProcess.obj
 0001:0000c10b       ?Close@?$MToolHelp@UtagPROCESSENTRY32W@@$1?Process32FirstW@@YGHPAXPAU1@@Z$1?Process32NextW@@YGH01@Z@@QAEXXZ 1000d10b f i common-kernel32:MProcess.obj
 0001:0000c178       ?Find@?$MToolHelp@UtagPROCESSENTRY32W@@$1?Process32FirstW@@YGHPAXPAU1@@Z$1?Process32NextW@@YGH01@Z@@QAE_NABV?$function@$$A6A_NABUtagPROCESSENTRY32W@@@Z@std@@AAUtagPROCESSENTRY32W@@@Z 1000d178 f i common-kernel32:MProcess.obj
 0001:0000c212       ?Find@MToolHelpProcess@@QAE_NKAAUtagPROCESSENTRY32W@@@Z 1000d212 f i common-kernel32:MProcess.obj
 0001:0000c25b       ?Next@?$MToolHelp@UtagPROCESSENTRY32W@@$1?Process32FirstW@@YGHPAXPAU1@@Z$1?Process32NextW@@YGH01@Z@@QAE_NAAUtagPROCESSENTRY32W@@@Z 1000d25b f i common-kernel32:MProcess.obj
 0001:0000c2b3       ?Open@?$MToolHelp@UtagPROCESSENTRY32W@@$1?Process32FirstW@@YGHPAXPAU1@@Z$1?Process32NextW@@YGH01@Z@@QAE_NXZ 1000d2b3 f i common-kernel32:MProcess.obj
 0001:0000c312       ?_Calculate_growth@?$vector@UtagPROCESSENTRY32W@@V?$MArrayAllocator@UtagPROCESSENTRY32W@@@@@std@@ABEII@Z 1000d312 f i common-kernel32:MProcess.obj
 0001:0000c33f       ?_Change_array@?$vector@UtagPROCESSENTRY32W@@V?$MArrayAllocator@UtagPROCESSENTRY32W@@@@@std@@AAEXQAUtagPROCESSENTRY32W@@II@Z 1000d33f f i common-kernel32:MProcess.obj
 0001:0000c374       ?_Copy@?$_Func_impl_no_alloc@V<lambda_9e7323793ed24b1a5fadb4d27ba29021>@@_NABUtagPROCESSENTRY32W@@@std@@EBEPAV?$_Func_base@_NABUtagPROCESSENTRY32W@@@2@PAX@Z 1000d374 f i common-kernel32:MProcess.obj
 0001:0000c374       ?_Move@?$_Func_impl_no_alloc@V<lambda_9e7323793ed24b1a5fadb4d27ba29021>@@_NABUtagPROCESSENTRY32W@@@std@@EAEPAV?$_Func_base@_NABUtagPROCESSENTRY32W@@@2@PAX@Z 1000d374 f i common-kernel32:MProcess.obj
 0001:0000c38a       ?_Delete_this@?$_Func_impl_no_alloc@V<lambda_9e7323793ed24b1a5fadb4d27ba29021>@@_NABUtagPROCESSENTRY32W@@@std@@EAEX_N@Z 1000d38a f i common-kernel32:MProcess.obj
 0001:0000c38a       ?_Delete_this@?$_Func_impl_no_alloc@P6GHPAX@ZXPAX@std@@EAEX_N@Z 1000d38a f i common-kernel32:WObjects.obj
 0001:0000c3a1       ?_Do_call@?$_Func_impl_no_alloc@V<lambda_9e7323793ed24b1a5fadb4d27ba29021>@@_NABUtagPROCESSENTRY32W@@@std@@EAE_NABUtagPROCESSENTRY32W@@@Z 1000d3a1 f i common-kernel32:MProcess.obj
 0001:0000c3b4       ?_Doraise@bad_alloc@stdext@@MBEXXZ 1000d3b4 f i common-kernel32:MProcess.obj
 0001:0000c3c1       ?_Get@?$_Func_impl_no_alloc@V<lambda_9e7323793ed24b1a5fadb4d27ba29021>@@_NABUtagPROCESSENTRY32W@@@std@@EBEPBXXZ 1000d3c1 f i common-kernel32:MProcess.obj
 0001:0000c3c1       ?_Get@?$_Func_impl_no_alloc@P6GHPAX@ZXPAX@std@@EBEPBXXZ 1000d3c1 f i common-kernel32:WObjects.obj
 0001:0000c3c5       ?_Target_type@?$_Func_impl_no_alloc@V<lambda_9e7323793ed24b1a5fadb4d27ba29021>@@_NABUtagPROCESSENTRY32W@@@std@@EBEABVtype_info@@XZ 1000d3c5 f i common-kernel32:MProcess.obj
 0001:0000c3cb       ?_Tidy@?$_Func_class@XPAX@std@@IAEXXZ 1000d3cb f i common-kernel32:WObjects.obj
 0001:0000c3cb       ?_Tidy@?$_Func_class@_NABUtagPROCESSENTRY32W@@@std@@IAEXXZ 1000d3cb f i common-kernel32:MProcess.obj
 0001:0000c3e9       ?_Tidy@?$vector@UtagPROCESSENTRY32W@@V?$MArrayAllocator@UtagPROCESSENTRY32W@@@@@std@@AAEXXZ 1000d3e9 f i common-kernel32:MProcess.obj
 0001:0000c405       ?_Xlength@?$vector@UtagPROCESSENTRY32W@@V?$MArrayAllocator@UtagPROCESSENTRY32W@@@@@std@@CAXXZ 1000d405 f i common-kernel32:MProcess.obj
 0001:0000c410       ?allocate@?$MArrayAllocator@UtagPROCESSENTRY32W@@@@QAEPAUtagPROCESSENTRY32W@@I@Z 1000d410 f i common-kernel32:MProcess.obj
 0001:0000c442       ?getNext@?$MToolHelp@UtagPROCESSENTRY32W@@$1?Process32FirstW@@YGHPAXPAU1@@Z$1?Process32NextW@@YGH01@Z@@IAE_NXZ 1000d442 f i common-kernel32:MProcess.obj
 0001:0000c4c3       ?isTerminalMode@@YA_NXZ    1000d4c3 f   common-kernel32:MProcess.obj
 0001:0000c5b6       ?push_back@?$MArray@UtagPROCESSENTRY32W@@@@QAEHABUtagPROCESSENTRY32W@@@Z 1000d5b6 f i common-kernel32:MProcess.obj
 0001:0000c5d8       ?swap@?$vector@UtagPROCESSENTRY32W@@V?$MArrayAllocator@UtagPROCESSENTRY32W@@@@@std@@QAEXAAV12@@Z 1000d5d8 f i common-kernel32:MProcess.obj
 0001:0000c60c       ?what@exception@stdext@@UBEPBDXZ 1000d60c f i common-kernel32:MProcess.obj
 0001:0000c61a       ?Init@HkFunc@@QAE_NPB_WPAUHINSTANCE__@@@Z 1000d61a f   common-kernel32:HkFunc.obj
 0001:0000c678       ??0MSection@@QAE@XZ        1000d678 f   common-kernel32:MSection.obj
 0001:0000c6d7       ??0MSectionLock@@QAE@XZ    1000d6d7 f   common-kernel32:MSection.obj
 0001:0000c6e4       ??1MSection@@QAE@XZ        1000d6e4 f   common-kernel32:MSection.obj
 0001:0000c73e       ??1MSectionLock@@QAE@XZ    1000d73e f   common-kernel32:MSection.obj
 0001:0000c757       ?AddRef@MSection@@IAEXK@Z  1000d757 f   common-kernel32:MSection.obj
 0001:0000c7c0       ?Lock@MSection@@IAEHHK@Z   1000d7c0 f   common-kernel32:MSection.obj
 0001:0000c886       ?Lock@MSectionLock@@QAEHPAVMSection@@HK@Z 1000d886 f   common-kernel32:MSection.obj
 0001:0000c8d1       ?MyEnterCriticalSection@MSection@@IAE_NK@Z 1000d8d1 f   common-kernel32:MSection.obj
 0001:0000c9b9       ?ReleaseRef@MSection@@IAEHK@Z 1000d9b9 f   common-kernel32:MSection.obj
 0001:0000ca26       ?Unlock@MSection@@IAEXH@Z  1000da26 f   common-kernel32:MSection.obj
 0001:0000ca64       ?Unlock@MSectionLock@@QAEXXZ 1000da64 f   common-kernel32:MSection.obj
 0001:0000ca81       ?WaitUnlocked@MSection@@IAEXKK@Z 1000da81 f   common-kernel32:MSection.obj
 0001:0000cadc       ??$sprintf_c@$0CI@@@YAHAAY0CI@DPBDZZ 1000dadc f i common-kernel32:WThreads.obj
 0001:0000caf2       ?SetThreadName@@YAXKPAD@Z  1000daf2 f   common-kernel32:WThreads.obj
 0001:0000cb4b       ?apiCreateThread@@YAPAXP6GKPAX@Z0PAKPBDH@Z 1000db4b f   common-kernel32:WThreads.obj
 0001:0000cc43       ?apiTerminateThreadEx@@YAHPAXKPBDH@Z 1000dc43 f   common-kernel32:WThreads.obj
 0001:0000cd17       ?apiThreadHelper@@YGKPAX@Z 1000dd17 f   common-kernel32:WThreads.obj
 0001:0000cea3       ??$?0P6GHPAX@ZX@?$function@$$A6AXPAX@Z@std@@QAE@P6GHPAX@Z@Z 1000dea3 f i common-kernel32:WObjects.obj
 0001:0000cec3       ??$GetProcAddress@$$A6GHPAU_OSVERSIONINFOEXW@@K_K@Z@MModule@@QBE_NQBDAAP6GHPAU_OSVERSIONINFOEXW@@K_K@Z@Z 1000dec3 f i common-kernel32:WObjects.obj
 0001:0000cf00       ??0MHandle@@QAE@PAXV?$function@$$A6AXPAX@Z@std@@@Z 1000df00 f i common-kernel32:WObjects.obj
 0001:0000cf2a       ??0MWow64Disable@@QAE@XZ   1000df2a f i common-kernel32:WObjects.obj
 0001:0000cf6f       ??R?$_Func_class@XPAX@std@@QBEXPAX@Z 1000df6f f i common-kernel32:WObjects.obj
 0001:0000cf8c       ?Close@MHandle@@QAEXXZ     1000df8c f i common-kernel32:WObjects.obj
 0001:0000cfb9       ?Disable@MWow64Disable@@QAEXXZ 1000dfb9 f i common-kernel32:WObjects.obj
 0001:0000cfd3       ?FileExists@@YA_NPB_WPA_K@Z 1000dfd3 f   common-kernel32:WObjects.obj
 0001:0000d1bb       ?IsWin7@@YA_NXZ            1000e1bb f   common-kernel32:WObjects.obj
 0001:0000d1e9       ?IsWinVerOrHigher@@YA_NG@Z 1000e1e9 f   common-kernel32:WObjects.obj
 0001:0000d266       ?IsWindows64@@YA_NXZ       1000e266 f   common-kernel32:WObjects.obj
 0001:0000d2d6       ?MakeOsVersionEx@@YA?AU_OSVERSIONINFOEXW@@KK@Z 1000e2d6 f   common-kernel32:WObjects.obj
 0001:0000d307       ?Restore@MWow64Disable@@QAEXXZ 1000e307 f i common-kernel32:WObjects.obj
 0001:0000d31e       ?SetHandle@MHandle@@QAE_NPAXV?$function@$$A6AXPAX@Z@std@@@Z 1000e31e f i common-kernel32:WObjects.obj
 0001:0000d372       ?_Copy@?$_Func_impl_no_alloc@P6GHPAX@ZXPAX@std@@EBEPAV?$_Func_base@XPAX@2@PAX@Z 1000e372 f i common-kernel32:WObjects.obj
 0001:0000d372       ?_Move@?$_Func_impl_no_alloc@P6GHPAX@ZXPAX@std@@EAEPAV?$_Func_base@XPAX@2@PAX@Z 1000e372 f i common-kernel32:WObjects.obj
 0001:0000d388       ?_Do_call@?$_Func_impl_no_alloc@P6GHPAX@ZXPAX@std@@EAEX$$QAPAX@Z 1000e388 f i common-kernel32:WObjects.obj
 0001:0000d397       ?_Reset_move@?$_Func_class@XPAX@std@@IAEX$$QAV12@@Z 1000e397 f i common-kernel32:WObjects.obj
 0001:0000d3cb       ?_Target_type@?$_Func_impl_no_alloc@P6GHPAX@ZXPAX@std@@EBEABVtype_info@@XZ 1000e3cb f i common-kernel32:WObjects.obj
 0001:0000d3d1       ?_VerifyVersionInfo@@YA_NPAU_OSVERSIONINFOEXW@@K_K@Z 1000e3d1 f   common-kernel32:WObjects.obj
 0001:0000d44b       ?PointToExt@@YAPB_WPB_W@Z  1000e44b f   common-kernel32:CmdLine.obj
 0001:0000d469       ?PointToName@@YAPB_WPB_W@Z 1000e469 f   common-kernel32:CmdLine.obj
 0001:0000d4ab       ?Unquote@@YAPB_WPA_W_N@Z   1000e4ab f   common-kernel32:CmdLine.obj
 0001:0000d4f6       ?lstrdup@@YAPA_WPB_WI@Z    1000e4f6 f   common-kernel32:MStrDup.obj
 0001:0000d542       ?lstrmerge@@YAPA_WPB_W00000000@Z 1000e542 f   common-kernel32:MStrDup.obj
 0001:0000d63c       ??0MSectionLockSimple@@QAE@XZ 1000e63c f   common-kernel32:MSectionSimple.obj
 0001:0000d646       ??0MSectionSimple@@QAE@_N@Z 1000e646 f   common-kernel32:MSectionSimple.obj
 0001:0000d670       ??1MSectionLockSimple@@QAE@XZ 1000e670 f   common-kernel32:MSectionSimple.obj
 0001:0000d67b       ??1MSectionSimple@@QAE@XZ  1000e67b f   common-kernel32:MSectionSimple.obj
 0001:0000d680       ?Close@MSectionSimple@@QAEXXZ 1000e680 f   common-kernel32:MSectionSimple.obj
 0001:0000d696       ?Enter@MSectionSimple@@QAEXXZ 1000e696 f   common-kernel32:MSectionSimple.obj
 0001:0000d69e       ?Init@MSectionSimple@@QAEXXZ 1000e69e f   common-kernel32:MSectionSimple.obj
 0001:0000d6b4       ?Leave@MSectionSimple@@QAEXXZ 1000e6b4 f   common-kernel32:MSectionSimple.obj
 0001:0000d6bc       ?Lock@MSectionLockSimple@@QAEHPAUMSectionSimple@@K@Z 1000e6bc f   common-kernel32:MSectionSimple.obj
 0001:0000d722       ?RecreateAndLock@MSectionSimple@@QAE_NXZ 1000e722 f   common-kernel32:MSectionSimple.obj
 0001:0000d769       ?TryEnter@MSectionSimple@@QAE_NXZ 1000e769 f   common-kernel32:MSectionSimple.obj
 0001:0000d788       ?Unlock@MSectionLockSimple@@QAEXXZ 1000e788 f   common-kernel32:MSectionSimple.obj
 0001:0000d7a4       ??0CEStr@@QAE@$$QAU0@@Z    1000e7a4 f   common-kernel32:CEStr.obj
 0001:0000d7cd       ??0CEStr@@QAE@PB_W00000000@Z 1000e7cd f   common-kernel32:CEStr.obj
 0001:0000d812       ??0CEStr@@QAE@XZ           1000e812 f   common-kernel32:CEStr.obj
 0001:0000d81c       ??1CEStr@@QAE@XZ           1000e81c f   common-kernel32:CEStr.obj
 0001:0000d821       ??4CEStr@@QAEAAU0@$$QAU0@@Z 1000e821 f   common-kernel32:CEStr.obj
 0001:0000d856       ??4CEStr@@QAEAAU0@PB_W@Z   1000e856 f   common-kernel32:CEStr.obj
 0001:0000d872       ??BCEStr@@QBEPB_WXZ        1000e872 f   common-kernel32:CEStr.obj
 0001:0000d872       ?data@CEStr@@QBEPA_WXZ     1000e872 f   common-kernel32:CEStr.obj
 0001:0000d875       ??BCEStr@@QBE_NXZ          1000e875 f   common-kernel32:CEStr.obj
 0001:0000d87d       ?AttachInt@CEStr@@AAEPB_WAAPA_W@Z 1000e87d f   common-kernel32:CEStr.obj
 0001:0000d8e0       ?Clear@CEStr@@QAEXXZ       1000e8e0 f   common-kernel32:CEStr.obj
 0001:0000d8ee       ?Compare@CEStr@@QBEHPB_W_N@Z 1000e8ee f   common-kernel32:CEStr.obj
 0001:0000d929       ?GetBuffer@CEStr@@QAEPA_WH@Z 1000e929 f   common-kernel32:CEStr.obj
 0001:0000d9bb       ?GetLen@CEStr@@QBEHXZ      1000e9bb f   common-kernel32:CEStr.obj
 0001:0000d9e5       ?GetMaxCount@CEStr@@QAEHXZ 1000e9e5 f   common-kernel32:CEStr.obj
 0001:0000da01       ?IsEmpty@CEStr@@QBE_NXZ    1000ea01 f   common-kernel32:CEStr.obj
 0001:0000da11       ?Release@CEStr@@QAEXXZ     1000ea11 f   common-kernel32:CEStr.obj
 0001:0000da26       ?Set@CEStr@@QAEPB_WPB_WH@Z 1000ea26 f   common-kernel32:CEStr.obj
 0001:0000daeb       ?SetAt@CEStr@@QAE_WH_W@Z   1000eaeb f   common-kernel32:CEStr.obj
 0001:0000dd2e       ?Clear@CEnvRestorer@@QAEXXZ 1000ed2e f   common-kernel32:EnvVar.obj
 0001:0000dd45       ?ExpandEnvStr@@YA?AUCEStr@@PB_W@Z 1000ed45 f   common-kernel32:EnvVar.obj
 0001:0000dd66       ?GetEnvVar@@YA?AUCEStr@@PB_W@Z 1000ed66 f   common-kernel32:EnvVar.obj
 0001:0000dd82       ?SavePathVar@CEnvRestorer@@QAEXPB_W@Z 1000ed82 f   common-kernel32:EnvVar.obj
 0001:0000ddae       ??0MModule@@QAE@PAUHINSTANCE__@@@Z 1000edae f   common-kernel32:MModule.obj
 0001:0000ddc4       ??1MModule@@QAE@XZ         1000edc4 f   common-kernel32:MModule.obj
 0001:0000ddc9       ?Free@MModule@@QAEXXZ      1000edc9 f   common-kernel32:MModule.obj
 0001:0000ddf4       ??0CRgnDetect@@QAE@XZ      1000edf4 f   common-user32:RgnDetect.obj
 0001:0000deb5       ??1CRgnDetect@@QAE@XZ      1000eeb5 f   common-user32:RgnDetect.obj
 0001:0000df30       ?DetectDialog@CRgnDetect@@IAE_NPA_WPAUtag_CharAttr@@HHHHPAH2@Z 1000ef30 f   common-user32:RgnDetect.obj
 0001:0000e193       ?ExpandDialogFrame@CRgnDetect@@IAE_NPA_WPAUtag_CharAttr@@HHAAH2HH22@Z 1000f193 f   common-user32:RgnDetect.obj
 0001:0000e495       ?FindByBackground@CRgnDetect@@IAE_NPA_WPAUtag_CharAttr@@HHAAH222AA_N@Z 1000f495 f   common-user32:RgnDetect.obj
 0001:0000e59a       ?FindDialog_Any@CRgnDetect@@IAE_NPA_WPAUtag_CharAttr@@HHAAH222AA_N@Z 1000f59a f   common-user32:RgnDetect.obj
 0001:0000e7a5       ?FindDialog_Inner@CRgnDetect@@IAE_NPA_WPAUtag_CharAttr@@HHAAH2@Z 1000f7a5 f   common-user32:RgnDetect.obj
 0001:0000e8e3       ?FindDialog_Left@CRgnDetect@@IAE_NPA_WPAUtag_CharAttr@@HHAAH222AA_N@Z 1000f8e3 f   common-user32:RgnDetect.obj
 0001:0000ea47       ?FindDialog_Right@CRgnDetect@@IAE_NPA_WPAUtag_CharAttr@@HHAAH222AA_N@Z 1000fa47 f   common-user32:RgnDetect.obj
 0001:0000eb0b       ?FindDialog_TopLeft@CRgnDetect@@IAE_NPA_WPAUtag_CharAttr@@HHAAH222AA_N@Z 1000fb0b f   common-user32:RgnDetect.obj
 0001:0000eb92       ?FindDialog_TopRight@CRgnDetect@@IAE_NPA_WPAUtag_CharAttr@@HHAAH222AA_N@Z 1000fb92 f   common-user32:RgnDetect.obj
 0001:0000ec25       ?FindFrameBottom_ByLeft@CRgnDetect@@IAE_NPA_WPAUtag_CharAttr@@HHAAH22@Z 1000fc25 f   common-user32:RgnDetect.obj
 0001:0000ecc5       ?FindFrameBottom_ByRight@CRgnDetect@@IAE_NPA_WPAUtag_CharAttr@@HHABH2AAH@Z 1000fcc5 f   common-user32:RgnDetect.obj
 0001:0000eda5       ?FindFrameLeft_ByBottom@CRgnDetect@@IAE_NPA_WPAUtag_CharAttr@@HHAAH22@Z 1000fda5 f   common-user32:RgnDetect.obj
 0001:0000ee5c       ?FindFrameLeft_ByTop@CRgnDetect@@IAE_NPA_WPAUtag_CharAttr@@HHAAH22@Z 1000fe5c f   common-user32:RgnDetect.obj
 0001:0000efae       ?FindFrameRight_ByBottom@CRgnDetect@@IAE_NPA_WPAUtag_CharAttr@@HHAAH22@Z 1000ffae f   common-user32:RgnDetect.obj
 0001:0000f068       ?FindFrameRight_ByTop@CRgnDetect@@IAE_NPA_WPAUtag_CharAttr@@HHAAH22@Z 10010068 f   common-user32:RgnDetect.obj
 0001:0000f1a5       ?FindFrameTop_ByLeft@CRgnDetect@@IAE_NPA_WPAUtag_CharAttr@@HHAAH22@Z 100101a5 f   common-user32:RgnDetect.obj
 0001:0000f226       ?FindFrameTop_ByRight@CRgnDetect@@IAE_NPA_WPAUtag_CharAttr@@HHAAH22@Z 10010226 f   common-user32:RgnDetect.obj
 0001:0000f2d4       ?FindFrame_TopLeft@CRgnDetect@@IAE_NPA_WPAUtag_CharAttr@@HHAAH222@Z 100102d4 f   common-user32:RgnDetect.obj
 0001:0000f393       ?GetCharAttr@CRgnDetect@@QAEHHHAA_WAAUtag_CharAttr@@@Z 10010393 f   common-user32:RgnDetect.obj
 0001:0000f405       ?GetDetectedDialogsPtr@CRgnDetect@@QBEPBUtag_DetectedDialog@@XZ 10010405 f   common-user32:RgnDetect.obj
 0001:0000f409       ?GetFlags@CRgnDetect@@QBEKXZ 10010409 f   common-user32:RgnDetect.obj
 0001:0000f410       ?InitializeSBI@CRgnDetect@@QAEHABV?$array@K$0BA@@std@@@Z 10010410 f   common-user32:RgnDetect.obj
 0001:0000f78a       ?MarkDialog@CRgnDetect@@IAEHPA_WPAUtag_CharAttr@@HHHHHHI_NK@Z 1001078a f   common-user32:RgnDetect.obj
 0001:0000ff56       ?OnWindowSizeChanged@CRgnDetect@@QAEXXZ 10010f56 f   common-user32:RgnDetect.obj
 0001:0000ff5e       ?OnWriteConsoleOutput@CRgnDetect@@QAEXPBU_CHAR_INFO@@U_COORD@@1PAU_SMALL_RECT@@ABV?$array@K$0BA@@std@@@Z 10010f5e f   common-user32:RgnDetect.obj
 0001:000101db       ?PrepareTransparent@CRgnDetect@@QAEXPBUCEFAR_INFO_MAPPING@@ABV?$array@K$0BA@@std@@PBU_CONSOLE_SCREEN_BUFFER_INFO@@PA_WPAUtag_CharAttr@@HH_N@Z 100111db f   common-user32:RgnDetect.obj
 0001:0001088f       ?PrepareTransparent@CRgnDetect@@QAEXPBUCEFAR_INFO_MAPPING@@ABV?$array@K$0BA@@std@@_N@Z 1001188f f   common-user32:RgnDetect.obj
 0001:0001093b       ?SetFarRect@CRgnDetect@@QAEXPAU_SMALL_RECT@@@Z 1001193b f   common-user32:RgnDetect.obj
 0001:000109c9       ?TextHeight@CRgnDetect@@QAEHXZ 100119c9 f   common-user32:RgnDetect.obj
 0001:000109f1       ?TextWidth@CRgnDetect@@QAEHXZ 100119f1 f   common-user32:RgnDetect.obj
 0001:00010a19       _wmemcmp                   10011a19 f i common-user32:RgnDetect.obj
 0001:00010a4f       ?SearchAppPaths@@YA_NPB_WAAUCEStr@@_NPAVCEnvRestorer@@@Z 10011a4f f   common-user32:WFiles.obj
 0001:00010e49       ?apiShowWindow@@YA_NPAUHWND__@@H@Z 10011e49 f   common-user32:WUser.obj
 0001:00010e5f       ?RegGetStringValue@@YAHPAUHKEY__@@PB_W1AAUCEStr@@K@Z 10011e5f f   common-user32:WRegistry.obj
 0001:00010fb9       ??0bad_function_call@std@@QAE@ABV01@@Z 10011fb9 f i libcpmt:xthrow.obj
 0001:00010fd4       ??0bad_function_call@std@@QAE@XZ 10011fd4 f i libcpmt:xthrow.obj
 0001:00010fe5       ??0exception@std@@QAE@ABV01@@Z 10011fe5 f i libcpmt:xthrow.obj
 0001:00011011       ??0exception@std@@QAE@QBD@Z 10012011 f i libcpmt:xthrow.obj
 0001:00011046       ??0length_error@std@@QAE@ABV01@@Z 10012046 f i libcpmt:xthrow.obj
 0001:00011061       ??0length_error@std@@QAE@PBD@Z 10012061 f i libcpmt:xthrow.obj
 0001:00011080       ??0logic_error@std@@QAE@ABV01@@Z 10012080 f i libcpmt:xthrow.obj
 0001:0001109b       ??1bad_function_call@std@@UAE@XZ 1001209b f i libcpmt:xthrow.obj
 0001:0001109b       ??1bad_exception@std@@UAE@XZ 1001209b f i libvcruntime:frame.obj
 0001:0001109b       ??1length_error@std@@UAE@XZ 1001209b f i libcpmt:xthrow.obj
 0001:000110ac       ??_Ebad_exception@std@@UAEPAXI@Z 100120ac f i libvcruntime:frame.obj
 0001:000110ac       ??_Glength_error@std@@UAEPAXI@Z 100120ac f i libcpmt:xthrow.obj
 0001:000110ac       ??_Gexception@std@@UAEPAXI@Z 100120ac f i libcpmt:xthrow.obj
 0001:000110ac       ??_Elogic_error@std@@UAEPAXI@Z 100120ac f i libcpmt:xthrow.obj
 0001:000110ac       ??_Glogic_error@std@@UAEPAXI@Z 100120ac f i libcpmt:xthrow.obj
 0001:000110ac       ??_Gbad_function_call@std@@UAEPAXI@Z 100120ac f i libcpmt:xthrow.obj
 0001:000110ac       ??_Ebad_function_call@std@@UAEPAXI@Z 100120ac f i libcpmt:xthrow.obj
 0001:000110ac       ??_Eexception@std@@UAEPAXI@Z 100120ac f i libcpmt:xthrow.obj
 0001:000110ac       ??_Elength_error@std@@UAEPAXI@Z 100120ac f i libcpmt:xthrow.obj
 0001:000110ac       ??_Gbad_exception@std@@UAEPAXI@Z 100120ac f i libvcruntime:frame.obj
 0001:000110d9       ?_Xbad_function_call@std@@YAXXZ 100120d9 f   libcpmt:xthrow.obj
 0001:000110f6       ?_Xlength_error@std@@YAXPBD@Z 100120f6 f   libcpmt:xthrow.obj
 0001:00011116       ?what@bad_function_call@std@@UBEPBDXZ 10012116 f i libcpmt:xthrow.obj
 0001:0001111c       ?what@exception@std@@UBEPBDXZ 1001211c f i libcpmt:xthrow.obj
 0001:00011129       ??3@YAXPAXI@Z              10012129 f   LIBCMT:delete_scalar_size.obj
 0001:00011137       @__security_check_cookie@4 10012137 f   LIBCMT:secchk.obj
 0001:00011148       __EH_epilog3               10012148 f   LIBCMT:ehprolg3.obj
 0001:0001115d       __EH_epilog3_GS            1001215d f   LIBCMT:ehprolg3.obj
 0001:0001116e       __EH_prolog3               1001216e f   LIBCMT:ehprolg3.obj
 0001:000111a2       __EH_prolog3_GS            100121a2 f   LIBCMT:ehprolg3.obj
 0001:000111d9       __EH_prolog3_catch         100121d9 f   LIBCMT:ehprolg3.obj
 0001:00011210       __SEH_prolog4              10012210 f   LIBCMT:sehprolg4.obj
 0001:00011256       __SEH_epilog4              10012256 f   LIBCMT:sehprolg4.obj
 0001:00011270       __alldiv                   10012270 f   LIBCMT:lldiv.obj
 0001:0001131a       ??_Gtype_info@@UAEPAXI@Z   1001231a f i LIBCMT:std_type_info_static.obj
 0001:0001131a       ??_Etype_info@@UAEPAXI@Z   1001231a f i LIBCMT:std_type_info_static.obj
 0001:0001165d       __DllMainCRTStartup@12     1001265d f   LIBCMT:dll_dllmain.obj
 0001:00011680       ___raise_securityfailure   10012680 f   LIBCMT:gs_report.obj
 0001:000116a8       ___report_gsfailure        100126a8 f   LIBCMT:gs_report.obj
 0001:000117ee       ___security_init_cookie    100127ee f   LIBCMT:gs_support.obj
 0001:00011839       ?__scrt_initialize_type_info@@YAXXZ 10012839 f   LIBCMT:tncleanup.obj
 0001:00011845       ?__scrt_uninitialize_type_info@@YAXXZ 10012845 f   LIBCMT:tncleanup.obj
 0001:00011851       ___local_stdio_scanf_options 10012851 f i LIBCMT:default_local_stdio_options.obj
 0001:00011857       ___scrt_initialize_default_local_stdio_options 10012857 f   LIBCMT:default_local_stdio_options.obj
 0001:000118b8       ___scrt_acquire_startup_lock 100128b8 f   LIBCMT:utility.obj
 0001:000118ea       ___scrt_dllmain_after_initialize_c 100128ea f   LIBCMT:utility.obj
 0001:00011915       ___scrt_dllmain_before_initialize_c 10012915 f   LIBCMT:utility.obj
 0001:00011923       ___scrt_dllmain_crt_thread_attach 10012923 f   LIBCMT:utility.obj
 0001:00011942       ___scrt_dllmain_crt_thread_detach 10012942 f   LIBCMT:utility.obj
 0001:0001194f       ___scrt_dllmain_exception_filter 1001294f f   LIBCMT:utility.obj
 0001:00011983       ___scrt_dllmain_uninitialize_c 10012983 f   LIBCMT:utility.obj
 0001:000119a6       ___scrt_dllmain_uninitialize_critical 100129a6 f   LIBCMT:utility.obj
 0001:000119b3       ___scrt_initialize_crt     100129b3 f   LIBCMT:utility.obj
 0001:000119ec       ___scrt_initialize_onexit_tables 100129ec f   LIBCMT:utility.obj
 0001:00011a91       ___scrt_is_nonwritable_in_current_image 10012a91 f   LIBCMT:utility.obj
 0001:00011b25       ___scrt_release_startup_lock 10012b25 f   LIBCMT:utility.obj
 0001:00011b42       ___scrt_uninitialize_crt   10012b42 f   LIBCMT:utility.obj
 0001:00011b6a       ___scrt_get_dyn_tls_init_callback 10012b6a f   LIBCMT:dyn_tls_init.obj
 0001:00011b70       ___scrt_fastfail           10012b70 f   LIBCMT:utility_desktop.obj
 0001:00011c8a       __crt_debugger_hook        10012c8a f   LIBCMT:utility_desktop.obj
 0001:00011c92       __RTC_Initialize           10012c92 f   LIBCMT:initsect.obj
 0001:00011cbe       __RTC_Terminate            10012cbe f   LIBCMT:initsect.obj
 0001:00011cea       ___isa_available_init      10012cea f   LIBCMT:cpu_disp.obj
 0001:00011e81       __get_startup_argv_mode    10012e81 f   LIBCMT:argv_mode.obj
 0001:00011e85       ___scrt_is_ucrt_dll_in_use 10012e85 f   LIBCMT:ucrt_detection.obj
 0001:00011e91       _wcsrchr                   10012e91 f   libvcruntime:wcsrchr.obj
 0001:00011f33       ?GetRangeOfTrysToCheck@__FrameHandler3@@SA?AU?$pair@Viterator@TryBlockMap@__FrameHandler3@@V123@@std@@AAVTryBlockMap@1@HH@Z 10012f33 f   libvcruntime:trnsctrl.obj
 0001:00011fb5       ?_CallCatchBlock2@@YAPAXPAUEHRegistrationNode@@PBU_s_FuncInfo@@PAXHK@Z 10012fb5 f   libvcruntime:trnsctrl.obj
 0001:00012013       ?_CallSETranslator@@YAHPAUEHExceptionRecord@@PAUEHRegistrationNode@@PAX2PBU_s_FuncInfo@@H1@Z 10013013 f   libvcruntime:trnsctrl.obj
 0001:000120ee       ?_JumpToContinuation@@YGXPAXPAUEHRegistrationNode@@@Z 100130ee f   libvcruntime:trnsctrl.obj
 0001:0001211e       ?_UnwindNestedFrames@@YGXPAUEHRegistrationNode@@PAUEHExceptionRecord@@@Z 1001311e f   libvcruntime:trnsctrl.obj
 0001:00012171       __CatchGuardHandler        10013171 f   libvcruntime:trnsctrl.obj
 0001:000121a2       __CreateFrameInfo          100131a2 f   libvcruntime:trnsctrl.obj
 0001:000121c6       __FindAndUnlinkFrame       100131c6 f   libvcruntime:trnsctrl.obj
 0001:0001220b       __TranslatorGuardHandler   1001320b f   libvcruntime:trnsctrl.obj
 0001:000122a8       ___CxxFrameHandler3        100132a8 f   libvcruntime:trnsctrl.obj
 0001:00012320       __except_handler4          10013320 f   libvcruntime:chandler4.obj
 0001:00012477       _memcmp                    10013477 f   libvcruntime:memcmp.obj
 0001:00013420       _memmove                   10014420 f   libvcruntime:memmove.obj
 0001:000139a0       _memset                    100149a0 f   libvcruntime:memset.obj
 0001:00013afa       _wcschr                    10014afa f   libvcruntime:wcschr.obj
 0001:00013bc1       __CxxThrowException@8      10014bc1 f   libvcruntime:throw.obj
 0001:00013c30       _strchr                    10014c30 f   libvcruntime:strchr.obj
 0001:00013c9e       ___from_strstr_to_strchr   10014c9e     libvcruntime:strchr.obj
 0001:00013d60       _strrchr                   10014d60 f   libvcruntime:strrchr.obj
 0001:00013ea0       _memchr                    10014ea0 f   libvcruntime:memchr.obj
 0001:00013f4d       ___std_exception_copy      10014f4d f   libvcruntime:std_exception.obj
 0001:00013fb0       ___std_exception_destroy   10014fb0 f   libvcruntime:std_exception.obj
 0001:00013fcf       ___std_type_info_compare   10014fcf f   libvcruntime:std_type_info.obj
 0001:0001400b       ___std_type_info_destroy_list 1001500b f   libvcruntime:std_type_info.obj
 0001:0001402e       ___vcrt_initialize         1001502e f   libvcruntime:initialization.obj
 0001:00014057       ___vcrt_thread_attach      10015057 f   libvcruntime:initialization.obj
 0001:00014062       ___vcrt_thread_detach      10015062 f   libvcruntime:initialization.obj
 0001:0001406d       ___vcrt_uninitialize       1001506d f   libvcruntime:initialization.obj
 0001:0001408c       ___vcrt_uninitialize_critical 1001508c f   libvcruntime:initialization.obj
 0001:00014094       ___vcrt_freefls@4          10015094 f   libvcruntime:per_thread_data.obj
 0001:000140b0       ___vcrt_freeptd            100150b0 f   libvcruntime:per_thread_data.obj
 0001:000140e6       ___vcrt_getptd             100150e6 f   libvcruntime:per_thread_data.obj
 0001:000140f4       ___vcrt_getptd_noexit      100150f4 f   libvcruntime:per_thread_data.obj
 0001:00014186       ___vcrt_initialize_ptd     10015186 f   libvcruntime:per_thread_data.obj
 0001:000141b9       ___vcrt_uninitialize_ptd   100151b9 f   libvcruntime:per_thread_data.obj
 0001:000148cb       ??$TypeMatchHelper@$$CBU_s_HandlerType@@@@YAHPBU_s_HandlerType@@PBU_s_CatchableType@@PBU_s_ThrowInfo@@@Z 100158cb f i libvcruntime:frame.obj
 0001:00014959       ??$__InternalCxxFrameHandler@V__FrameHandler3@@@@YA?AW4_EXCEPTION_DISPOSITION@@PAUEHExceptionRecord@@PAUEHRegistrationNode@@PAU_CONTEXT@@PAXPBU_s_FuncInfo@@H1E@Z 10015959 f i libvcruntime:frame.obj
 0001:00014a5b       ??0bad_exception@std@@QAE@ABV01@@Z 10015a5b f i libvcruntime:frame.obj
 0001:00014a76       ??0bad_exception@std@@QAE@XZ 10015a76 f i libvcruntime:frame.obj
 0001:00014a8e       ??8type_info@@QBE_NABV0@@Z 10015a8e f i libvcruntime:frame.obj
 0001:00014cf5       ?FrameUnwindToEmptyState@__FrameHandler3@@SAXPAUEHRegistrationNode@@PAXPBU_s_FuncInfo@@@Z 10015cf5 f   libvcruntime:frame.obj
 0001:00014d0d       ?FrameUnwindToState@__FrameHandler3@@SAXPAUEHRegistrationNode@@PAXPBU_s_FuncInfo@@H@Z 10015d0d f   libvcruntime:frame.obj
 0001:00014e8f       ?_CallMemberFunction1@@YGXQAX00@Z 10015e8f f i libvcruntime:frame.obj
 0001:00014e9f       ?_CallMemberFunction2@@YGXQAX00H@Z 10015e9f f i libvcruntime:frame.obj
 0001:00014eb2       ?getESTypes@__FrameHandler3@@SAPBU_s_ESTypeList@@PBU_s_FuncInfo@@@Z 10015eb2 f i libvcruntime:frame.obj
 0001:00014ec0       __CallSettingFrame@12      10015ec0 f   libvcruntime:lowhelpr.obj
 0001:00014ee7       __NLG_Return               10015ee7     libvcruntime:lowhelpr.obj
 0001:00014f0c       ___except_validate_context_record 10015f0c f   libvcruntime:jbcxrval.obj
 0001:00014f3c       ___except_validate_jump_buffer 10015f3c f   libvcruntime:jbcxrval.obj
 0001:00014f70       __local_unwind4            10015f70 f   libvcruntime:exsup4.obj
 0001:00015048       __seh_longjmp_unwind4@4    10016048 f   libvcruntime:exsup4.obj
 0001:00015070       @_EH4_CallFilterFunc@8     10016070 f   libvcruntime:exsup4.obj
 0001:00015088       @_EH4_TransferToHandler@8  10016088 f   libvcruntime:exsup4.obj
 0001:000150a4       @_EH4_GlobalUnwind2@8      100160a4 f   libvcruntime:exsup4.obj
 0001:000150c0       @_EH4_LocalUnwind@16       100160c0 f   libvcruntime:exsup4.obj
 0001:000150d7       ___vcrt_initialize_locks   100160d7 f   libvcruntime:locks.obj
 0001:00015113       ___vcrt_uninitialize_locks 10016113 f   libvcruntime:locks.obj
 0001:00015142       ??$__crt_fast_encode_pointer@PAX@@YAPAXQAX@Z 10016142 f i libvcruntime:winapi_downlevel.obj
 0001:00015292       ___vcrt_FlsAlloc           10016292 f   libvcruntime:winapi_downlevel.obj
 0001:000152cd       ___vcrt_FlsFree            100162cd f   libvcruntime:winapi_downlevel.obj
 0001:00015308       ___vcrt_FlsGetValue        10016308 f   libvcruntime:winapi_downlevel.obj
 0001:00015343       ___vcrt_FlsSetValue        10016343 f   libvcruntime:winapi_downlevel.obj
 0001:00015381       ___vcrt_InitializeCriticalSectionEx 10016381 f   libvcruntime:winapi_downlevel.obj
 0001:000153c8       ___vcrt_initialize_winapi_thunks 100163c8 f   libvcruntime:winapi_downlevel.obj
 0001:000153f1       ___vcrt_uninitialize_winapi_thunks 100163f1 f   libvcruntime:winapi_downlevel.obj
 0001:00015423       ___vcrt_initialize_pure_virtual_call_handler 10016423 f   libvcruntime:purevirt_data.obj
 0001:0001542e       _unexpected                1001642e f   libvcruntime:unexpected.obj
 0001:0001544b       ?GetCurrentState@__FrameHandler3@@SAHPAUEHRegistrationNode@@PAXPBU_s_FuncInfo@@@Z 1001644b f   libvcruntime:ehstate.obj
 0001:00015468       ?SetState@__FrameHandler3@@SAXPAUEHRegistrationNode@@PBU_s_FuncInfo@@H@Z 10016468 f   libvcruntime:ehstate.obj
 0001:00015476       ___DestructExceptionObject 10016476 f   libvcruntime:ehhelpers.obj
 0001:00015516       ?_CallMemberFunction0@@YGXQAX0@Z 10016516 f i libvcruntime:ehhelpers.obj
 0001:00015523       __IsExceptionObjectToBeDestroyed 10016523 f   libvcruntime:ehhelpers.obj
 0001:00015549       ___AdjustPointer           10016549 f   libvcruntime:ehhelpers.obj
 0001:0001556e       ___FrameUnwindFilter       1001656e f   libvcruntime:ehhelpers.obj
 0001:000155c0       __global_unwind2           100165c0 f   libvcruntime:exsup.obj
 0001:00015626       __local_unwind2            10016626 f   libvcruntime:exsup.obj
 0001:000156aa       __abnormal_termination     100166aa f   libvcruntime:exsup.obj
 0001:000156d0       __NLG_Notify1              100166d0 f   libvcruntime:exsup.obj
 0001:000156dc       __NLG_Notify               100166dc f   libvcruntime:exsup.obj
 0001:000156f3       __NLG_Dispatch             100166f3     libvcruntime:exsup.obj
 0001:000156f3       __NLG_Dispatch2            100166f3     libvcruntime:exsup.obj
 0001:000156fb       __NLG_Call                 100166fb f   libvcruntime:exsup.obj
 0001:000156fd       __NLG_Return2              100166fd     libvcruntime:exsup.obj
 0001:00015700       _memcpy                    10016700 f   libvcruntime:memcpy.obj
 0001:00015c74       ?initialize@?$dual_state_global@P6AXPB_W00II@Z@__crt_state_management@@QAEXQ6AXPB_W00II@Z@Z 10016c74 f i libucrt:invalid_parameter.obj
 0001:00015c74       ?initialize@?$dual_state_global@P6AXH@Z@__crt_state_management@@QAEXQ6AXH@Z@Z 10016c74 f i libucrt:signal.obj
 0001:00015c74       ?initialize@?$dual_state_global@P6AHI@Z@__crt_state_management@@QAEXQ6AHI@Z@Z 10016c74 f i libucrt:new_handler.obj
 0001:00015c74       ?initialize@?$dual_state_global@PAU__crt_locale_data@@@__crt_state_management@@QAEXQAU__crt_locale_data@@@Z 10016c74 f i libucrt:initialization.obj
 0001:00015c74       ?initialize@?$dual_state_global@P6AHPAU_exception@@@Z@__crt_state_management@@QAEXQ6AHPAU_exception@@@Z@Z 10016c74 f i libucrt:matherr.obj
 0001:00015c74       ?initialize@?$dual_state_global@PAPAD@__crt_state_management@@QAEXQAPAD@Z 10016c74 f i libucrt:environment_initialization.obj
 0001:00015ca5       ___acrt_call_reportfault   10016ca5 f   libucrt:invalid_parameter.obj
 0001:00015de0       ___acrt_initialize_invalid_parameter_handler 10016de0 f   libucrt:invalid_parameter.obj
 0001:00015df4       __invalid_parameter        10016df4 f   libucrt:invalid_parameter.obj
 0001:00015e6f       __invalid_parameter_noinfo 10016e6f f   libucrt:invalid_parameter.obj
 0001:00015e7f       __invoke_watson            10016e7f f   libucrt:invalid_parameter.obj
 0001:00015eb2       ___acrt_errno_from_os_error 10016eb2 f   libucrt:errno.obj
 0001:00015ef5       ___acrt_errno_map_os_error 10016ef5 f   libucrt:errno.obj
 0001:00015f18       ___doserrno                10016f18 f   libucrt:errno.obj
 0001:00015f2b       __errno                    10016f2b f   libucrt:errno.obj
 0001:0001623f       ??$count@D@formatting_buffer@__crt_stdio_output@@QBEIXZ 1001723f f i libucrt:output.obj
 0001:00016257       ??$ensure_buffer_is_big_enough@D@formatting_buffer@__crt_stdio_output@@QAE_NI@Z 10017257 f i libucrt:output.obj
 0001:000162dd       ??$is_wide_character_specifier@D@__crt_stdio_output@@YA_N_KDW4length_modifier@0@@Z 100172dd f i libucrt:output.obj
 0001:0001631d       ??$is_wide_character_specifier@_W@__crt_stdio_output@@YA_N_K_WW4length_modifier@0@@Z 1001731d f i libucrt:output.obj
 0001:0001636c       ??$scratch_data@D@formatting_buffer@__crt_stdio_output@@QAEPADXZ 1001736c f i libucrt:output.obj
 0001:0001638a       ??$type_case_integer_parse_into_buffer@I@?$output_processor@_WV?$string_output_adapter@_W@__crt_stdio_output@@V?$standard_base@_WV?$string_output_adapter@_W@__crt_stdio_output@@@2@@__crt_stdio_output@@AAEXII_N@Z 1001738a f i libucrt:output.obj
 0001:0001638a       ??$type_case_integer_parse_into_buffer@I@?$output_processor@DV?$string_output_adapter@D@__crt_stdio_output@@V?$standard_base@DV?$string_output_adapter@D@__crt_stdio_output@@@2@@__crt_stdio_output@@AAEXII_N@Z 1001738a f i libucrt:output.obj
 0001:000163ff       ??$type_case_integer_parse_into_buffer@_K@?$output_processor@DV?$string_output_adapter@D@__crt_stdio_output@@V?$standard_base@DV?$string_output_adapter@D@__crt_stdio_output@@@2@@__crt_stdio_output@@AAEX_KI_N@Z 100173ff f i libucrt:output.obj
 0001:000163ff       ??$type_case_integer_parse_into_buffer@_K@?$output_processor@_WV?$string_output_adapter@_W@__crt_stdio_output@@V?$standard_base@_WV?$string_output_adapter@_W@__crt_stdio_output@@@2@@__crt_stdio_output@@AAEX_KI_N@Z 100173ff f i libucrt:output.obj
 0001:00016487       ??$write_multiple_characters@V?$string_output_adapter@D@__crt_stdio_output@@D@__crt_stdio_output@@YAXABV?$string_output_adapter@D@0@DHQAH@Z 10017487 f i libucrt:output.obj
 0001:000164b3       ??$write_multiple_characters@V?$string_output_adapter@_W@__crt_stdio_output@@D@__crt_stdio_output@@YAXABV?$string_output_adapter@_W@0@DHQAH@Z 100174b3 f i libucrt:output.obj
 0001:000164e4       ??0?$common_data@D@__crt_stdio_output@@IAE@XZ 100174e4 f i libucrt:output.obj
 0001:0001652b       ??0?$common_data@_W@__crt_stdio_output@@IAE@XZ 1001752b f i libucrt:output.obj
 0001:00016577       ??0?$output_adapter_data@DV?$string_output_adapter@D@__crt_stdio_output@@@__crt_stdio_output@@IAE@ABV?$string_output_adapter@D@1@_KQBDQAU__crt_locale_pointers@@QAD@Z 10017577 f i libucrt:output.obj
 0001:000165b3       ??0?$output_adapter_data@_WV?$string_output_adapter@_W@__crt_stdio_output@@@__crt_stdio_output@@IAE@ABV?$string_output_adapter@_W@1@_KQB_WQAU__crt_locale_pointers@@QAD@Z 100175b3 f i libucrt:output.obj
 0001:000165ef       ??0?$output_processor@DV?$string_output_adapter@D@__crt_stdio_output@@V?$standard_base@DV?$string_output_adapter@D@__crt_stdio_output@@@2@@__crt_stdio_output@@QAE@ABV?$string_output_adapter@D@1@_KQBDQAU__crt_locale_pointers@@QAD@Z 100175ef f i libucrt:output.obj
 0001:00016624       ??0?$output_processor@_WV?$string_output_adapter@_W@__crt_stdio_output@@V?$standard_base@_WV?$string_output_adapter@_W@__crt_stdio_output@@@2@@__crt_stdio_output@@QAE@ABV?$string_output_adapter@_W@1@_KQB_WQAU__crt_locale_pointers@@QAD@Z 10017624 f i libucrt:output.obj
 0001:00016659       ??0_LocaleUpdate@@QAE@QAU__crt_locale_pointers@@@Z 10017659 f i libucrt:output.obj
 0001:000166dc       ??1formatting_buffer@__crt_stdio_output@@QAE@XZ 100176dc f i libucrt:output.obj
 0001:000166f6       ??4?$__crt_unique_heap_ptr@DU__crt_internal_free_policy@@@@QAEAAV0@$$QAV0@@Z 100176f6 f i libucrt:output.obj
 0001:0001671a       ?crop_zeroes@__crt_stdio_output@@YAXPADQAU__crt_locale_pointers@@@Z 1001771a f i libucrt:output.obj
 0001:00016771       ?find_next_state@?$output_processor@DV?$string_output_adapter@D@__crt_stdio_output@@V?$standard_base@DV?$string_output_adapter@D@__crt_stdio_output@@@2@@__crt_stdio_output@@ABE?AW4state@2@DW432@@Z 10017771 f i libucrt:output.obj
 0001:000167a3       ?find_next_state@?$output_processor@_WV?$string_output_adapter@_W@__crt_stdio_output@@V?$standard_base@_WV?$string_output_adapter@_W@__crt_stdio_output@@@2@@__crt_stdio_output@@ABE?AW4state@2@_WW432@@Z 100177a3 f i libucrt:output.obj
 0001:000167d7       ?force_decimal_point@__crt_stdio_output@@YAXPADQAU__crt_locale_pointers@@@Z 100177d7 f i libucrt:output.obj
 0001:00016833       ?parse_int_from_format_string@?$output_processor@DV?$string_output_adapter@D@__crt_stdio_output@@V?$standard_base@DV?$string_output_adapter@D@__crt_stdio_output@@@2@@__crt_stdio_output@@AAE_NQAH@Z 10017833 f i libucrt:output.obj
 0001:0001688f       ?parse_int_from_format_string@?$output_processor@_WV?$string_output_adapter@_W@__crt_stdio_output@@V?$standard_base@_WV?$string_output_adapter@_W@__crt_stdio_output@@@2@@__crt_stdio_output@@AAE_NQAH@Z 1001788f f i libucrt:output.obj
 0001:000168ed       ?process@?$output_processor@DV?$string_output_adapter@D@__crt_stdio_output@@V?$standard_base@DV?$string_output_adapter@D@__crt_stdio_output@@@2@@__crt_stdio_output@@QAEHXZ 100178ed f i libucrt:output.obj
 0001:00016a09       ?process@?$output_processor@_WV?$string_output_adapter@_W@__crt_stdio_output@@V?$standard_base@_WV?$string_output_adapter@_W@__crt_stdio_output@@@2@@__crt_stdio_output@@QAEHXZ 10017a09 f i libucrt:output.obj
 0001:00016b29       ?state_case_flag@?$output_processor@DV?$string_output_adapter@D@__crt_stdio_output@@V?$standard_base@DV?$string_output_adapter@D@__crt_stdio_output@@@2@@__crt_stdio_output@@AAE_NXZ 10017b29 f i libucrt:output.obj
 0001:00016b66       ?state_case_flag@?$output_processor@_WV?$string_output_adapter@_W@__crt_stdio_output@@V?$standard_base@_WV?$string_output_adapter@_W@__crt_stdio_output@@@2@@__crt_stdio_output@@AAE_NXZ 10017b66 f i libucrt:output.obj
 0001:00016ba3       ?state_case_normal@?$output_processor@DV?$string_output_adapter@D@__crt_stdio_output@@V?$standard_base@DV?$string_output_adapter@D@__crt_stdio_output@@@2@@__crt_stdio_output@@AAE_NXZ 10017ba3 f i libucrt:output.obj
 0001:00016bc2       ?state_case_normal@?$output_processor@_WV?$string_output_adapter@_W@__crt_stdio_output@@V?$standard_base@_WV?$string_output_adapter@_W@__crt_stdio_output@@@2@@__crt_stdio_output@@AAE_NXZ 10017bc2 f i libucrt:output.obj
 0001:00016be1       ?state_case_normal_common@?$output_processor@DV?$string_output_adapter@D@__crt_stdio_output@@V?$standard_base@DV?$string_output_adapter@D@__crt_stdio_output@@@2@@__crt_stdio_output@@AAE_NXZ 10017be1 f i libucrt:output.obj
 0001:00016c0b       ?state_case_normal_common@?$output_processor@_WV?$string_output_adapter@_W@__crt_stdio_output@@V?$standard_base@_WV?$string_output_adapter@_W@__crt_stdio_output@@@2@@__crt_stdio_output@@AAE_NXZ 10017c0b f i libucrt:output.obj
 0001:00016c26       ?state_case_normal_tchar@?$output_processor@DV?$string_output_adapter@D@__crt_stdio_output@@V?$standard_base@DV?$string_output_adapter@D@__crt_stdio_output@@@2@@__crt_stdio_output@@AAE_ND@Z 10017c26 f i libucrt:output.obj
 0001:00016c87       ?state_case_precision@?$output_processor@DV?$string_output_adapter@D@__crt_stdio_output@@V?$standard_base@DV?$string_output_adapter@D@__crt_stdio_output@@@2@@__crt_stdio_output@@AAE_NXZ 10017c87 f i libucrt:output.obj
 0001:00016caf       ?state_case_precision@?$output_processor@_WV?$string_output_adapter@_W@__crt_stdio_output@@V?$standard_base@_WV?$string_output_adapter@_W@__crt_stdio_output@@@2@@__crt_stdio_output@@AAE_NXZ 10017caf f i libucrt:output.obj
 0001:00016cd8       ?state_case_size@?$output_processor@DV?$string_output_adapter@D@__crt_stdio_output@@V?$standard_base@DV?$string_output_adapter@D@__crt_stdio_output@@@2@@__crt_stdio_output@@AAE_NXZ 10017cd8 f i libucrt:output.obj
 0001:00016e41       ?state_case_size@?$output_processor@_WV?$string_output_adapter@_W@__crt_stdio_output@@V?$standard_base@_WV?$string_output_adapter@_W@__crt_stdio_output@@@2@@__crt_stdio_output@@AAE_NXZ 10017e41 f i libucrt:output.obj
 0001:00016fbd       ?state_case_type@?$output_processor@DV?$string_output_adapter@D@__crt_stdio_output@@V?$standard_base@DV?$string_output_adapter@D@__crt_stdio_output@@@2@@__crt_stdio_output@@AAE_NXZ 10017fbd f i libucrt:output.obj
 0001:000171ec       ?state_case_type@?$output_processor@_WV?$string_output_adapter@_W@__crt_stdio_output@@V?$standard_base@_WV?$string_output_adapter@_W@__crt_stdio_output@@@2@@__crt_stdio_output@@AAE_NXZ 100181ec f i libucrt:output.obj
 0001:00017449       ?state_case_width@?$output_processor@DV?$string_output_adapter@D@__crt_stdio_output@@V?$standard_base@DV?$string_output_adapter@D@__crt_stdio_output@@@2@@__crt_stdio_output@@AAE_NXZ 10018449 f i libucrt:output.obj
 0001:00017474       ?state_case_width@?$output_processor@_WV?$string_output_adapter@_W@__crt_stdio_output@@V?$standard_base@_WV?$string_output_adapter@_W@__crt_stdio_output@@@2@@__crt_stdio_output@@AAE_NXZ 10018474 f i libucrt:output.obj
 0001:000174a0       ?to_integer_size@__crt_stdio_output@@YAIW4length_modifier@1@@Z 100184a0 f i libucrt:output.obj
 0001:000174fc       ?type_case_Z@?$output_processor@DV?$string_output_adapter@D@__crt_stdio_output@@V?$standard_base@DV?$string_output_adapter@D@__crt_stdio_output@@@2@@__crt_stdio_output@@AAE_NXZ 100184fc f i libucrt:output.obj
 0001:0001755f       ?type_case_Z@?$output_processor@_WV?$string_output_adapter@_W@__crt_stdio_output@@V?$standard_base@_WV?$string_output_adapter@_W@__crt_stdio_output@@@2@@__crt_stdio_output@@AAE_NXZ 1001855f f i libucrt:output.obj
 0001:000175c2       ?type_case_a@?$output_processor@DV?$string_output_adapter@D@__crt_stdio_output@@V?$standard_base@DV?$string_output_adapter@D@__crt_stdio_output@@@2@@__crt_stdio_output@@AAE_NXZ 100185c2 f i libucrt:output.obj
 0001:0001771c       ?type_case_a@?$output_processor@_WV?$string_output_adapter@_W@__crt_stdio_output@@V?$standard_base@_WV?$string_output_adapter@_W@__crt_stdio_output@@@2@@__crt_stdio_output@@AAE_NXZ 1001871c f i libucrt:output.obj
 0001:0001788e       ?type_case_c_tchar@?$output_processor@DV?$string_output_adapter@D@__crt_stdio_output@@V?$standard_base@DV?$string_output_adapter@D@__crt_stdio_output@@@2@@__crt_stdio_output@@AAE_ND@Z 1001888e f i libucrt:output.obj
 0001:0001791e       ?type_case_c_tchar@?$output_processor@_WV?$string_output_adapter@_W@__crt_stdio_output@@V?$standard_base@_WV?$string_output_adapter@_W@__crt_stdio_output@@@2@@__crt_stdio_output@@AAE_N_W@Z 1001891e f i libucrt:output.obj
 0001:000179b6       ?type_case_integer@?$output_processor@_WV?$string_output_adapter@_W@__crt_stdio_output@@V?$standard_base@_WV?$string_output_adapter@_W@__crt_stdio_output@@@2@@__crt_stdio_output@@AAE_NI_N@Z 100189b6 f i libucrt:output.obj
 0001:000179b6       ?type_case_integer@?$output_processor@DV?$string_output_adapter@D@__crt_stdio_output@@V?$standard_base@DV?$string_output_adapter@D@__crt_stdio_output@@@2@@__crt_stdio_output@@AAE_NI_N@Z 100189b6 f i libucrt:output.obj
 0001:00017b00       ?type_case_n@?$output_processor@_WV?$string_output_adapter@_W@__crt_stdio_output@@V?$standard_base@_WV?$string_output_adapter@_W@__crt_stdio_output@@@2@@__crt_stdio_output@@AAE_NXZ 10018b00 f i libucrt:output.obj
 0001:00017b00       ?type_case_n@?$output_processor@DV?$string_output_adapter@D@__crt_stdio_output@@V?$standard_base@DV?$string_output_adapter@D@__crt_stdio_output@@@2@@__crt_stdio_output@@AAE_NXZ 10018b00 f i libucrt:output.obj
 0001:00017b74       ?type_case_o@?$output_processor@DV?$string_output_adapter@D@__crt_stdio_output@@V?$standard_base@DV?$string_output_adapter@D@__crt_stdio_output@@@2@@__crt_stdio_output@@AAE_NXZ 10018b74 f i libucrt:output.obj
 0001:00017b74       ?type_case_o@?$output_processor@_WV?$string_output_adapter@_W@__crt_stdio_output@@V?$standard_base@_WV?$string_output_adapter@_W@__crt_stdio_output@@@2@@__crt_stdio_output@@AAE_NXZ 10018b74 f i libucrt:output.obj
 0001:00017b93       ?type_case_p@?$output_processor@_WV?$string_output_adapter@_W@__crt_stdio_output@@V?$standard_base@_WV?$string_output_adapter@_W@__crt_stdio_output@@@2@@__crt_stdio_output@@AAE_NXZ 10018b93 f i libucrt:output.obj
 0001:00017b93       ?type_case_p@?$output_processor@DV?$string_output_adapter@D@__crt_stdio_output@@V?$standard_base@DV?$string_output_adapter@D@__crt_stdio_output@@@2@@__crt_stdio_output@@AAE_NXZ 10018b93 f i libucrt:output.obj
 0001:00017bab       ?type_case_s@?$output_processor@DV?$string_output_adapter@D@__crt_stdio_output@@V?$standard_base@DV?$string_output_adapter@D@__crt_stdio_output@@@2@@__crt_stdio_output@@AAE_NXZ 10018bab f i libucrt:output.obj
 0001:00017c1e       ?type_case_s@?$output_processor@_WV?$string_output_adapter@_W@__crt_stdio_output@@V?$standard_base@_WV?$string_output_adapter@_W@__crt_stdio_output@@@2@@__crt_stdio_output@@AAE_NXZ 10018c1e f i libucrt:output.obj
 0001:00017c92       ?type_case_s_compute_narrow_string_length@?$output_processor@_WV?$string_output_adapter@_W@__crt_stdio_output@@V?$standard_base@_WV?$string_output_adapter@_W@__crt_stdio_output@@@2@@__crt_stdio_output@@ABEHH_W@Z 10018c92 f i libucrt:output.obj
 0001:00017cd2       ?validate@?$string_output_adapter@D@__crt_stdio_output@@QBE_NXZ 10018cd2 f i libucrt:output.obj
 0001:00017cd2       ?validate@?$c_string_character_source@_W@__crt_strtox@@QBE_NXZ 10018cd2 f i libucrt:strtox.obj
 0001:00017cd2       ?validate@?$c_string_character_source@D@__crt_strtox@@QBE_NXZ 10018cd2 f i libucrt:strtox.obj
 0001:00017cd2       ?validate@?$string_output_adapter@_W@__crt_stdio_output@@QBE_NXZ 10018cd2 f i libucrt:output.obj
 0001:00017ced       ?write_character@?$string_output_adapter@D@__crt_stdio_output@@QBE_NDQAH@Z 10018ced f i libucrt:output.obj
 0001:00017d2f       ?write_character@?$string_output_adapter@_W@__crt_stdio_output@@QBE_N_WQAH@Z 10018d2f f i libucrt:output.obj
 0001:00017d74       ?write_stored_string_tchar@?$output_processor@DV?$string_output_adapter@D@__crt_stdio_output@@V?$standard_base@DV?$string_output_adapter@D@__crt_stdio_output@@@2@@__crt_stdio_output@@AAE_ND@Z 10018d74 f i libucrt:output.obj
 0001:00017e1b       ?write_stored_string_tchar@?$output_processor@_WV?$string_output_adapter@_W@__crt_stdio_output@@V?$standard_base@_WV?$string_output_adapter@_W@__crt_stdio_output@@@2@@__crt_stdio_output@@AAE_N_W@Z 10018e1b f i libucrt:output.obj
 0001:00017ea6       ?write_string@?$string_output_adapter@D@__crt_stdio_output@@QBEXQBDHQAH1@Z 10018ea6 f i libucrt:output.obj
 0001:00017f39       ?write_string@?$string_output_adapter@_W@__crt_stdio_output@@QBEXQB_WHQAH1@Z 10018f39 f i libucrt:output.obj
 0001:00017fd3       ___stdio_common_vsprintf   10018fd3 f   libucrt:output.obj
 0001:00017ff7       ___stdio_common_vswprintf  10018ff7 f   libucrt:output.obj
 0001:0001801b       _wcsncmp                   1001901b f   libucrt:wcsncmp.obj
 0001:00018055       ??$is_overflow_condition@K@__crt_strtox@@YA_NIK@Z 10019055 f i libucrt:strtox.obj
 0001:00018088       ??$make_c_string_character_source@_WPAPA_W@__crt_strtox@@YA?AV?$c_string_character_source@_W@0@QB_WQAPA_W@Z 10019088 f i libucrt:strtox.obj
 0001:00018088       ??$make_c_string_character_source@DPAPAD@__crt_strtox@@YA?AV?$c_string_character_source@D@0@QBDQAPAD@Z 10019088 f i libucrt:strtox.obj
 0001:000180a3       ??$parse_integer@KV?$c_string_character_source@D@__crt_strtox@@@__crt_strtox@@YAKQAU__crt_locale_pointers@@V?$c_string_character_source@D@0@H_N@Z 100190a3 f i libucrt:strtox.obj
 0001:000182cb       ??$parse_integer@KV?$c_string_character_source@_W@__crt_strtox@@@__crt_strtox@@YAKQAU__crt_locale_pointers@@V?$c_string_character_source@_W@0@H_N@Z 100192cb f i libucrt:strtox.obj
 0001:000189b0       ?unget@?$c_string_character_source@D@__crt_strtox@@QAEXD@Z 100199b0 f i libucrt:strtox.obj
 0001:000189d8       ?unget@?$c_string_character_source@_W@__crt_strtox@@QAEX_W@Z 100199d8 f i libucrt:strtox.obj
 0001:00018a04       __chvalidchk_l             10019a04 f i libucrt:strtox.obj
 0001:00018a2e       __ischartype_l             10019a2e f i libucrt:strtox.obj
 0001:00018a61       _strtol                    10019a61 f   libucrt:strtox.obj
[...]
 0002:00006290       Zero                       1002b290     libucrt:log10_pentium4.obj
 0002:000062a0       Two52                      1002b2a0     libucrt:log10_pentium4.obj
 0002:000062b0       Infs                       1002b2b0     libucrt:log10_pentium4.obj
 0002:000062c0       NaN                        1002b2c0     libucrt:log10_pentium4.obj
 0002:000062d0       coeff                      1002b2d0     libucrt:log10_pentium4.obj
 0002:0000632e       _log2max                   1002b32e     libucrt:87tran.obj
 0002:00006338       _smallarg                  1002b338     libucrt:87tran.obj
 0002:00006342       _half                      1002b342     libucrt:87tran.obj
 0002:0000638e       One                        1002b38e     libucrt:87disp.obj
 0002:00006396       Three                      1002b396     libucrt:87disp.obj
 0002:0000639e       XAMtoTagTab                1002b39e     libucrt:87disp.obj
 0002:000063b0       One                        1002b3b0     libucrt:common.obj
 0002:000063c4       DblMax                     1002b3c4     libucrt:common.obj
 0002:000063cc       DblMin                     1002b3cc     libucrt:common.obj
 0002:000063d4       IeeeAdjO                   1002b3d4     libucrt:common.obj
 0002:000063dc       IeeeAdjU                   1002b3dc     libucrt:common.obj
 0002:000063e4       _infinity                  1002b3e4     libucrt:common.obj
 0002:000063ec       _zero                      1002b3ec     libucrt:common.obj
 0002:00006428       _over                      1002b428     libucrt:fpctrl.obj
 0002:00006434       _under                     1002b434     libucrt:fpctrl.obj
 0002:00006cf8       ?_names@?1??_get_fname@@9@9 1002bcf8     libucrt:fpexcept.obj
 0002:00007720       __unwindtable$?LoadThSet@@YAHK@Z 1002c720     ConEmuTh.obj
 0002:00007728       __ehfuncinfo$?LoadThSet@@YAHK@Z 1002c728     ConEmuTh.obj
 0002:0000774c       __unwindtable$?StartPlugin@@YAXH@Z 1002c74c     ConEmuTh.obj
 0002:00007754       __ehfuncinfo$?StartPlugin@@YAXH@Z 1002c754     ConEmuTh.obj
 0002:00007778       __unwindtable$?CheckVarsInitialized@@YAXXZ 1002c778     ConEmuTh.obj
 0002:00007790       __ehfuncinfo$?CheckVarsInitialized@@YAXXZ 1002c790     ConEmuTh.obj
 0002:000077b8       __sehtable$?SetFrom@?$MFileMapping@Utag_DetectedDialog@@@@QAE_NPBUtag_DetectedDialog@@H@Z 1002c7b8     ConEmuTh.obj
 0002:000077d8       __sehtable$?GetTo@?$MFileMapping@UPanelViewSetMapping@@@@QAE_NPAUPanelViewSetMapping@@H@Z 1002c7d8     ConEmuTh.obj
 0002:000077f4       __unwindtable$?ReallocItems@CeFullPanelInfo@@QAEHH@Z 1002c7f4     Display.obj
 0002:000077fc       __ehfuncinfo$?ReallocItems@CeFullPanelInfo@@QAEHH@Z 1002c7fc     Display.obj
 0002:00007820       __unwindtable$?Paint@CeFullPanelInfo@@QAEXPAUHWND__@@AAUtagPAINTSTRUCT@@AAUtagRECT@@@Z 1002c820     Display.obj
 0002:00007828       __ehfuncinfo$?Paint@CeFullPanelInfo@@QAEXPAUHWND__@@AAUtagPAINTSTRUCT@@AAUtagRECT@@@Z 1002c828     Display.obj
 0002:0000784c       __ehfuncinfo$??1?$CQueueProcessor@PAUIMAGE_CACHE_INFO@@@@UAE@XZ 1002c84c     ImgCache.obj
 0002:0000784c       __ehfuncinfo$??1CRgnDetect@@QAE@XZ 1002c84c     common-user32:RgnDetect.obj
 0002:0000784c       __ehfuncinfo$??1CImgCache@@QAE@XZ 1002c84c     ImgCache.obj
 0002:00007870       __unwindtable$?RequestItem@CImgCache@@QAEHPAUCePluginPanelItem@@I@Z 1002c870     ImgCache.obj
 0002:00007878       __ehfuncinfo$?RequestItem@CImgCache@@QAEHPAUCePluginPanelItem@@I@Z 1002c878     ImgCache.obj
 0002:0000789c       __unwindtable$?FindOrCreate@?$CQueueProcessor@PAUIMAGE_CACHE_INFO@@@@AAEPAUProcessingItem@1@ABQAUIMAGE_CACHE_INFO@@J_NW4ProcessingPriority@@@Z 1002c89c     ImgCache.obj
 0002:000078a4       __ehfuncinfo$?FindOrCreate@?$CQueueProcessor@PAUIMAGE_CACHE_INFO@@@@AAEPAUProcessingItem@1@ABQAUIMAGE_CACHE_INFO@@J_NW4ProcessingPriority@@@Z 1002c8a4     ImgCache.obj
 0002:000078c8       __unwindtable$??0?$CQueueProcessor@PAUIMAGE_CACHE_INFO@@@@QAE@XZ 1002c8c8     ImgCache.obj
 0002:000078d0       __ehfuncinfo$??0?$CQueueProcessor@PAUIMAGE_CACHE_INFO@@@@QAE@XZ 1002c8d0     ImgCache.obj
 0002:000078f8       __sehtable$?ProcessItem@?$CQueueProcessor@PAUIMAGE_CACHE_INFO@@@@IAEJPAUProcessingItem@1@@Z 1002c8f8     ImgCache.obj
 0002:00007914       __unwindtable$?ProcessingStep@?$CQueueProcessor@PAUIMAGE_CACHE_INFO@@@@IAE_NXZ 1002c914     ImgCache.obj
 0002:0000791c       __ehfuncinfo$?ProcessingStep@?$CQueueProcessor@PAUIMAGE_CACHE_INFO@@@@IAE_NXZ 1002c91c     ImgCache.obj
 0002:00007998       __sehtable$?SetThreadName@@YAXKPAD@Z 1002c998     common-kernel32:WThreads.obj
 0002:000079b4       __ehfuncinfo$?SearchAppPaths@@YA_NPB_WAAUCEStr@@_NPAVCEnvRestorer@@@Z 1002c9b4     common-user32:WFiles.obj
 0002:000079d8       __unwindtable$?SearchAppPaths@@YA_NPB_WAAUCEStr@@_NPAVCEnvRestorer@@@Z 1002c9d8     common-user32:WFiles.obj
 0002:00007ab0       __sehtable$?dllmain_crt_process_attach@@YAHQAUHINSTANCE__@@QAX@Z 1002cab0     LIBCMT:dll_dllmain.obj
 0002:00007ad0       __sehtable$?dllmain_crt_process_detach@@YAH_N@Z 1002cad0     LIBCMT:dll_dllmain.obj
 0002:00007af0       __sehtable$?dllmain_dispatch@@YAHQAUHINSTANCE__@@KQAX@Z 1002caf0     LIBCMT:dll_dllmain.obj
 0002:00007b10       __sehtable$___scrt_is_nonwritable_in_current_image 1002cb10     LIBCMT:utility.obj
 0002:00007b30       __sehtable$?FrameUnwindToState@__FrameHandler3@@SAXPAUEHRegistrationNode@@PAXPBU_s_FuncInfo@@H@Z 1002cb30     libvcruntime:frame.obj
 0002:00007b58       __sehtable$?CallCatchBlock@@YAPAXPAUEHExceptionRecord@@PAUEHRegistrationNode@@PAU_CONTEXT@@PBU_s_FuncInfo@@PAXHK@Z 1002cb58     libvcruntime:frame.obj
 0002:00007b80       __catchsym$?CallUnexpected@@YAXPBU_s_ESTypeList@@@Z$2 1002cb80     libvcruntime:frame.obj
 0002:00007b90       __unwindtable$?CallUnexpected@@YAXPBU_s_ESTypeList@@@Z 1002cb90     libvcruntime:frame.obj
 0002:00007ba0       __tryblocktable$?CallUnexpected@@YAXPBU_s_ESTypeList@@@Z 1002cba0     libvcruntime:frame.obj
 0002:00007bb4       __ehfuncinfo$?CallUnexpected@@YAXPBU_s_ESTypeList@@@Z 1002cbb4     libvcruntime:frame.obj
 0002:00007bd8       __sehtable$??$BuildCatchObjectHelperInternal@$$CBU_s_HandlerType@@@@YAHPAUEHExceptionRecord@@PAXPBU_s_HandlerType@@PBU_s_CatchableType@@@Z 1002cbd8     libvcruntime:frame.obj
 0002:00007bf8       __sehtable$??$BuildCatchObjectInternal@$$CBU_s_HandlerType@@@@YAXPAUEHExceptionRecord@@PAXPBU_s_HandlerType@@PBU_s_CatchableType@@@Z 1002cbf8     libvcruntime:frame.obj
 0002:00007c50       __sehtable$___DestructExceptionObject 1002cc50     libvcruntime:ehhelpers.obj
 0002:00007c70       __sehtable$?common_exit@@YAXHW4_crt_exit_cleanup_mode@@W4_crt_exit_return_mode@@@Z 1002cc70     libucrt:exit.obj
 0002:00007c98       __sehtable$??$?RV<lambda_995298e7d72eb4c2aab26c0585b3abe5>@@AAV<lambda_275893d493268fdec8709772e3fcec0e>@@V<lambda_293819299cbf9a7022e18b56a874bb5c>@@@?$__crt_seh_guarded_call@H@@QAEH$$QAV<lambda_995298e7d72eb4c2aab26c0585b3abe5>@@AAV<lambda_275893d493268fdec8709772e3fcec0e>@@$$QAV<lambda_293819299cbf9a7022e18b56a874bb5c>@@@Z 1002cc98     libucrt:onexit.obj
 0002:00007cb8       __sehtable$_terminate      1002ccb8     libucrt:terminate.obj
 0002:00007cd8       __sehtable$??$?RV<lambda_9df27f884b057bc3edfc946cb5b7cf47>@@AAV<lambda_e69574bed617af4e071282c136b37893>@@V<lambda_cc0d902bcbbeb830f749456577db4721>@@@?$__crt_seh_guarded_call@X@@QAEX$$QAV<lambda_9df27f884b057bc3edfc946cb5b7cf47>@@AAV<lambda_e69574bed617af4e071282c136b37893>@@$$QAV<lambda_cc0d902bcbbeb830f749456577db4721>@@@Z 1002ccd8     libucrt:per_thread_data.obj
 0002:00007cf8       __sehtable$??$?RV<lambda_3518db117f0e7cdb002338c5d3c47b6c>@@AAV<lambda_b2ea41f6bbb362cd97d94c6828d90b61>@@V<lambda_abdedf541bb04549bc734292b4a045d4>@@@?$__crt_seh_guarded_call@X@@QAEX$$QAV<lambda_3518db117f0e7cdb002338c5d3c47b6c>@@AAV<lambda_b2ea41f6bbb362cd97d94c6828d90b61>@@$$QAV<lambda_abdedf541bb04549bc734292b4a045d4>@@@Z 1002ccf8     libucrt:per_thread_data.obj
 0002:00007d18       __sehtable$??$?RV<lambda_51b6e8b1eb166f2a3faf91f424b38130>@@AAV<lambda_6250bd4b2a391816dd638c3bf72b0bcb>@@V<lambda_0b5a4a3e68152e1d9b943535f5f47bed>@@@?$__crt_seh_guarded_call@X@@QAEX$$QAV<lambda_51b6e8b1eb166f2a3faf91f424b38130>@@AAV<lambda_6250bd4b2a391816dd638c3bf72b0bcb>@@$$QAV<lambda_0b5a4a3e68152e1d9b943535f5f47bed>@@@Z 1002cd18     libucrt:per_thread_data.obj
 0002:00007d38       __sehtable$??$?RV<lambda_5b71d36f03204c0beab531769a5b5694>@@AAV<lambda_be2b3da3f62db62e9dad5dc70221a656>@@V<lambda_8f9ce462984622f9bf76b59e2aaaf805>@@@?$__crt_seh_guarded_call@X@@QAEX$$QAV<lambda_5b71d36f03204c0beab531769a5b5694>@@AAV<lambda_be2b3da3f62db62e9dad5dc70221a656>@@$$QAV<lambda_8f9ce462984622f9bf76b59e2aaaf805>@@@Z 1002cd38     libucrt:per_thread_data.obj
 0002:00007d58       __sehtable$___acrt_uninitialize_locale 1002cd58     libucrt:wsetlocale.obj
 0002:00007d78       __sehtable$___acrt_initialize_lowio 1002cd78     libucrt:ioinit.obj
 0002:00007d98       __sehtable$___acrt_update_thread_multibyte_data 1002cd98     libucrt:mbctype.obj
 0002:00007db8       __sehtable$??$?RV<lambda_978dc153c237d78434369da87b74ff60>@@AAV<lambda_ad1ced32f4ac17aa236e5ef05d6b3b7c>@@V<lambda_4a8533e2866a575feecb8298ce776b0d>@@@?$__crt_seh_guarded_call@X@@QAEX$$QAV<lambda_978dc153c237d78434369da87b74ff60>@@AAV<lambda_ad1ced32f4ac17aa236e5ef05d6b3b7c>@@$$QAV<lambda_4a8533e2866a575feecb8298ce776b0d>@@@Z 1002cdb8     libucrt:mbctype.obj
 0002:00007dd8       __sehtable$__query_new_handler 1002cdd8     libucrt:new_handler.obj
 0002:00007df8       __sehtable$_raise          1002cdf8     libucrt:signal.obj
 0002:00007e18       __sehtable$??$?RV<lambda_a048d3beccc847880fc8490e18b82769>@@AAV<lambda_ec61778202f4f5fc7e7711acc23c3bca>@@V<lambda_f7496a158712204296dd6628a163878e>@@@?$__crt_seh_guarded_call@P6AXH@Z@@QAEP6AXH@Z$$QAV<lambda_a048d3beccc847880fc8490e18b82769>@@AAV<lambda_ec61778202f4f5fc7e7711acc23c3bca>@@$$QAV<lambda_f7496a158712204296dd6628a163878e>@@@Z 1002ce18     libucrt:signal.obj
 0002:00007e38       __sehtable$___acrt_update_thread_locale_data 1002ce38     libucrt:locale_refcounting.obj
 0002:00007e58       __sehtable$__fcloseall     1002ce58     libucrt:closeall.obj
 0002:00007e78       __sehtable$_common_flush_all 1002ce78     libucrt:fflush.obj
 0002:00007ea0       __sehtable$___acrt_lowio_ensure_fh_exists 1002cea0     libucrt:osfinfo.obj
 0002:00007ec0       __sehtable$__write         1002cec0     libucrt:write.obj
 0002:00007ee0       __sehtable$_fclose         1002cee0     libucrt:fclose.obj
 0002:00007f00       __sehtable$??$?RV<lambda_61cee617f5178ae960314fd4d05640a0>@@AAV<lambda_6978c1fb23f02e42e1d9e99668cc68aa>@@V<lambda_9cd88cf8ad10232537feb2133f08c833>@@@?$__crt_seh_guarded_call@H@@QAEH$$QAV<lambda_61cee617f5178ae960314fd4d05640a0>@@AAV<lambda_6978c1fb23f02e42e1d9e99668cc68aa>@@$$QAV<lambda_9cd88cf8ad10232537feb2133f08c833>@@@Z 1002cf00     libucrt:commit.obj
 0002:00007f20       __sehtable$??$?RV<lambda_123407a5e2ac06da108355a851863b7a>@@AAV<lambda_2fe9b910cf3cbf4a0ab98a02ba45b3ec>@@V<lambda_ae55bdf541ad94d75914d381c370e64d>@@@?$__crt_seh_guarded_call@H@@QAEH$$QAV<lambda_123407a5e2ac06da108355a851863b7a>@@AAV<lambda_2fe9b910cf3cbf4a0ab98a02ba45b3ec>@@$$QAV<lambda_ae55bdf541ad94d75914d381c370e64d>@@@Z 1002cf20     libucrt:close.obj
 0002:00007f40       __sehtable$__IsNonwritableInCurrentImage 1002cf40     LIBCMT:pesect.obj
 0002:00007f60       .edata                     1002cf60     ConEmuTh.exp
 0002:00007f88       rgpv                       1002cf88     ConEmuTh.exp
 0002:00007fbc       rgszName                   1002cfbc     ConEmuTh.exp
 0002:00007ff0       rgwOrd                     1002cff0     ConEmuTh.exp
 0002:0000800a       szName                     1002d00a     ConEmuTh.exp
 0002:00008017       $N00001                    1002d017     ConEmuTh.exp
 0002:00008026       $N00002                    1002d026     ConEmuTh.exp
 0002:0000802c       $N00003                    1002d02c     ConEmuTh.exp
 0002:00008034       $N00004                    1002d034     ConEmuTh.exp
 0002:0000803d       $N00005                    1002d03d     ConEmuTh.exp
 0002:0000804c       $N00006                    1002d04c     ConEmuTh.exp
 0002:0000805d       $N00007                    1002d05d     ConEmuTh.exp
 0002:0000806f       $N00008                    1002d06f     ConEmuTh.exp
 0002:0000807d       $N00009                    1002d07d     ConEmuTh.exp
 0002:00008088       $N00010                    1002d088     ConEmuTh.exp
 0002:00008094       $N00011                    1002d094     ConEmuTh.exp
 0002:000080a9       $N00012                    1002d0a9     ConEmuTh.exp
 0002:000080b8       $N00013                    1002d0b8     ConEmuTh.exp
 0002:000084d2       .idata$6                   1002d4d2     version:VERSION.dll
 0002:00008820       .idata$6                   1002d820     kernel32:KERNEL32.dll
 0002:00008a9e       .idata$6                   1002da9e     user32:USER32.dll
 0002:00008bf0       .idata$6                   1002dbf0     gdi32:GDI32.dll
 0002:00008c50       .idata$6                   1002dc50     advapi32:ADVAPI32.dll
 0002:00008c70       .idata$6                   1002dc70     shell32:SHELL32.dll
 0002:00008ca0       .idata$6                   1002dca0     ole32:ole32.dll
 0003:000000b0       ?__vcrt_flsindex@@3KA      1002f0b0     libvcruntime:per_thread_data.obj
 0003:000000d0       _errno_no_memory           1002f0d0     libucrt:errno.obj
 0003:000000d4       _doserrno_no_memory        1002f0d4     libucrt:errno.obj
 0003:000000e0       ___acrt_flsindex           1002f0e0     libucrt:per_thread_data.obj
 0003:00000258       ___rgctypeflag             1002f258     libucrt:mbctype.obj
 0003:00000260       ___rgcode_page_info        1002f260     libucrt:mbctype.obj
 0003:00021990       ?sbInClearing@?1??ProcessConsoleInput@@YAHHPAU_INPUT_RECORD@@KPAK@Z@4_NA 10050990     ConEmuTh.obj
 0003:000219ac       ?szMenu@?1??GetPluginInfoW1900@@YAXPAX@Z@4PAPA_WA 100509ac     ConEmuTh1900.obj
 0003:000219b0       ?szMenu1@?1??GetPluginInfoW1900@@YAXPAX@Z@4PA_WA 100509b0     ConEmuTh1900.obj
 0003:00021bb8       ?szMenu@?1??GetPluginInfoW2800@@YAXPAX@Z@4PAPA_WA 10050bb8     ConEmuTh2800.obj
 0003:00021bc0       ?szMenu1@?1??GetPluginInfoW2800@@YAXPAX@Z@4PA_WA 10050bc0     ConEmuTh2800.obj
 0003:00021dc8       ?gszRootKeyW995@@3PA_WA    10050dc8     ConEmuTh995.obj
 0003:00021dcc       ?szMenu@?1??GetPluginInfoW995@@YAXPAX@Z@4PAPA_WA 10050dcc     ConEmuTh995.obj
 0003:00021dd0       ?szMenu1@?1??GetPluginInfoW995@@YAXPAX@Z@4PA_WA 10050dd0     ConEmuTh995.obj
 0003:00021fd8       ?gszRootKeyA@@3PA_WA       10050fd8     ConEmuThA.obj
 0003:00021fdc       ?szMenu@?1??GetPluginInfo@@9@4@4PAPADA 10050fdc     ConEmuThA.obj
 0003:00021fe0       ?szMenu1@?1??GetPluginInfo@@9@4@4PADA 10050fe0     ConEmuThA.obj
 0003:000220fc       ?hClass@@3GA               100510fc     Display.obj
 0003:0002210c       ?gHeapInit@?A0x333b15f0@@3U?$atomic@H@std@@A 1005110c     common-kernel32:Memory.obj
 0003:00022110       ?gHeapCounter@?A0x333b15f0@@3U?$atomic@H@std@@A 10051110     common-kernel32:Memory.obj
 0003:00022130       ?szFile@?1??ModuleName@@YAPB_WPB_W@Z@4PA_WA 10051130     common-kernel32:ConEmuCheck.obj
 0003:00022170       ?terminalMode@?1??isTerminalMode@@YA_NXZ@4_NA 10051170     common-kernel32:MProcess.obj
 0003:00022171       ?terminalChecked@?1??isTerminalMode@@YA_NXZ@4_NA 10051171     common-kernel32:MProcess.obj
 0003:0002217c       ?gh_UnknownTerminatedThread@@3PAXA 1005117c     common-kernel32:WThreads.obj
 0003:00022180       ?g_Threads@@3PAUConEmuThreadInfo@@A 10051180     common-kernel32:WThreads.obj
 0003:00029984       ?rtlVerifyVersionInfo@?1??_VerifyVersionInfo@@YA_NPAU_OSVERSIONINFOEXW@@K_K@Z@4P6GH0K1@ZA 10058984     common-kernel32:WObjects.obj
 0003:00029988       ?hasRtl@?1??_VerifyVersionInfo@@YA_NPAU_OSVERSIONINFOEXW@@K_K@Z@4HA 10058988     common-kernel32:WObjects.obj
 0003:0002998c       ?ibIsWin7@?1??IsWin7@@YA_NXZ@4HA 1005898c     common-kernel32:WObjects.obj
 0003:00029990       ?is64bitOs@?1??IsWindows64@@YA_NXZ@4_NA 10058990     common-kernel32:WObjects.obj
 0003:00029991       ?isOsChecked@?1??IsWindows64@@YA_NXZ@4_NA 10058991     common-kernel32:WObjects.obj
 0003:00029992       ?gbInTransparentAssert@@3_NA 10058992     common-user32:RgnDetect.obj
 0003:00029994       ?__proc_attached@@3HA      10058994     LIBCMT:dll_dllmain.obj
 0003:00029998       _GS_ExceptionRecord        10058998     LIBCMT:gs_report.obj
 0003:000299e8       _GS_ContextRecord          100589e8     LIBCMT:gs_report.obj
 0003:00029cd0       ?is_initialized_as_dll@@3_NA 10058cd0     LIBCMT:utility.obj
 0003:00029cd1       ?module_local_atexit_table_initialized@@3_NA 10058cd1     LIBCMT:utility.obj
 0003:00029cd4       ?module_local_atexit_table@@3U_onexit_table_t@@A 10058cd4     LIBCMT:utility.obj
 0003:00029ce0       ?module_local_at_quick_exit_table@@3U_onexit_table_t@@A 10058ce0     LIBCMT:utility.obj
 0003:00029cf8       ?__vcrt_startup_thread_ptd@@3U__vcrt_ptd@@A 10058cf8     libvcruntime:per_thread_data.obj
 0003:00029d48       ?heap@@3V_HeapManager@@A   10058d48     libvcruntime:undname.obj
 0003:00029d5c       ___vcrt_lock_table         10058d5c     libvcruntime:locks.obj
 0003:00029d74       ___vcrt_locks_initialized  10058d74     libvcruntime:locks.obj
 0003:00029d78       ?module_handles@@3PAPAUHINSTANCE__@@A 10058d78     libvcruntime:winapi_downlevel.obj
 0003:00029d84       ?encoded_function_pointers@@3PAPAXA 10058d84     libvcruntime:winapi_downlevel.obj
 0003:00029da0       ___acrt_invalid_parameter_handler 10058da0     libucrt:invalid_parameter.obj
 0003:00029da4       _c_termination_complete    10058da4     libucrt:exit.obj
 0003:00029da8       _thread_local_exit_callback_func 10058da8     libucrt:exit.obj
 0003:00029dac       ?c_exit_complete@?5??common_exit@@YAXHW4_crt_exit_cleanup_mode@@W4_crt_exit_return_mode@@@Z@4_NA 10058dac     libucrt:exit.obj
 0003:00029db0       ?program_name@?5???$common_configure_argv@D@@YAHW4_crt_argv_mode@@@Z@4PADA 10058db0     libucrt:argv_parsing.obj
 0003:00029ee8       _enable_percent_n          10058ee8     libucrt:printf_count_output.obj
 0003:0002a108       ___acrt_lock_table         10059108     libucrt:locks.obj
 0003:0002a240       ___acrt_locks_initialized  10059240     libucrt:locks.obj
 0003:0002a248       _module_handles            10059248     libucrt:winapi_thunks.obj
 0003:0002a298       _encoded_function_pointers 10059298     libucrt:winapi_thunks.obj
 0003:0002a318       ?state_cache@?1??__acrt_is_packaged_app@@9@4JA 10059318     libucrt:winapi_thunks.obj
 0003:0002a334       _fSystemSet                10059334     libucrt:mbctype.obj
 0003:0002a338       ?initialized@?1??__acrt_initialize_multibyte@@9@4_NA 10059338     libucrt:mbctype.obj
 0003:0002a358       ___acrt_new_handler        10059358     libucrt:new_handler.obj
 0003:0002a35c       _ctrlc_action              1005935c     libucrt:signal.obj
 0003:0002a360       _ctrlbreak_action          10059360     libucrt:signal.obj
 0003:0002a364       _abort_action              10059364     libucrt:signal.obj
 0003:0002a368       _term_action               10059368     libucrt:signal.obj
 0003:0002a36c       _user_matherr              1005936c     libucrt:matherr.obj
 0003:0002a370       ___acrt_global_new_mode    10059370     libucrt:new_mode.obj
 0003:0002a37c       ___acrt_app_type           1005937c     libucrt:report_runtime_error.obj
 0003:0002a384       __pmatherr_set             10059384     libucrt:libm_error.obj
 0004:00000130       $R000000                   1005a130     ConEmuTh.res
 0004:00000448       $R000318                   1005a448     ConEmuTh.res
 0004:000014f0       $R0013C0                   1005b4f0     ConEmuTh.res
 0004:00001508       $R0013D8                   1005b508     ConEmuTh.res
