 ConEmu

 Timestamp is 60411505 (Thu Mar  4 18:12:37 2021)

 Preferred load address is 10000000

 Start         Length     Name                   Class
 0001:00000000 00000010H .text$di                CODE
 0001:00000010 00028625H .text$mn                CODE
 0001:00028635 0000055eH .text$x                 CODE
 0001:00028b93 0000000aH .text$yd                CODE
 0002:00000000 00000338H .idata$5                DATA
 0002:00000338 00000004H .00cfg                  DATA
 0002:0000033c 00000004H .CRT$XCA                DATA
 0002:00000340 00000004H .CRT$XCU                DATA
 0002:00000344 00000004H .CRT$XCZ                DATA
 0002:00000348 00000004H .CRT$XIA                DATA
 0002:0000034c 00000010H .CRT$XIC                DATA
 0002:0000035c 00000004H .CRT$XIZ                DATA
 0002:00000360 00000004H .CRT$XLA                DATA
 0002:00000364 00000004H .CRT$XLZ                DATA
 0002:00000368 00000004H .CRT$XPA                DATA
 0002:0000036c 00000008H .CRT$XPX                DATA
 0002:00000374 00000004H .CRT$XPXA               DATA
 0002:00000378 00000004H .CRT$XPZ                DATA
 0002:0000037c 00000004H .CRT$XTA                DATA
 0002:00000380 00000010H .CRT$XTZ                DATA
 0002:00000384 00000000H .gfids$x                DATA
 0002:00000384 00000000H .gfids$y                DATA
 0002:00000390 00009078H .rdata                  DATA
 0002:00009408 00000018H .rdata$T                DATA
 0002:00009420 000005b0H .rdata$r                DATA
 0002:000099d0 00000088H .rdata$sxdata           DATA
 0002:00009a58 000003c4H .rdata$zzzdbg           DATA
 0002:00009e1c 00000004H .rtc$IAA                DATA
 0002:00009e20 00000004H .rtc$IZZ                DATA
 0002:00009e24 00000004H .rtc$TAA                DATA
 0002:00009e28 00000004H .rtc$TZZ                DATA
 0002:00009e2c 00000004H .tls                    DATA
 0002:00009e30 00000004H .tls$                   DATA
 0002:00009e34 00000004H .tls$ZZZ                DATA
 0002:00009e38 00000b88H .xdata$x                DATA
 0002:0000a9c0 000002e0H .edata                  DATA
 0002:0000aca0 00000064H .idata$2                DATA
 0002:0000ad04 00000014H .idata$3                DATA
 0002:0000ad18 00000338H .idata$4                DATA
 0002:0000b050 00000e9eH .idata$6                DATA
 0003:00000000 00000988H .data                   DATA
 0003:00000988 00000388H .data$r                 DATA
 0003:00000d10 0000a248H .bss                    DATA
 0004:00000000 000000a0H .rsrc$01                DATA
 0004:000000a0 00000488H .rsrc$02                DATA

  Address         Publics by Value              Rva+Base       Lib:Object

 0000:00000000       ___guard_fids_count        00000000     <absolute>
 0000:00000000       ___hybrid_code_map_count   00000000     <absolute>
 0000:00000000       ___guard_iat_count         00000000     <absolute>
 0000:00000000       ___dynamic_value_reloc_table 00000000     <absolute>
 0000:00000000       ___guard_longjmp_count     00000000     <absolute>
 0000:00000000       __except_list              00000000     <absolute>
 0000:00000000       ___guard_fids_table        00000000     <absolute>
 0000:00000000       ___guard_longjmp_table     00000000     <absolute>
 0000:00000000       ___hybrid_auxiliary_iat    00000000     <absolute>
 0000:00000000       ___guard_iat_table         00000000     <absolute>
 0000:00000000       ___volatile_metadata       00000000     <absolute>
 0000:00000000       ___enclave_config          00000000     <absolute>
 0000:00000000       ___hybrid_code_map         00000000     <absolute>
 0000:00000022       ___safe_se_handler_count   00000022     <absolute>
 0000:0000002c       __tls_array                0000002c     <absolute>
 0000:00000100       ___guard_flags             00000100     <absolute>
 0000:00000000       ___ImageBase               10000000     <linker-defined>
 0001:00000010       ??$swprintf_c@$0EA@@@YAHAAY0EA@_WPB_WZZ 10001010 f i ConEmuInjects.obj
 0001:00000026       ??$swprintf_c@$0IA@@@YAHAAY0IA@_WPB_WZZ 10001026 f i ConEmuInjects.obj
 0001:0000003f       ??$swprintf_c@$0PP@@@YAHAAY0PP@_WPB_WZZ 1000103f f i ConEmuInjects.obj
 0001:00000058       ?ShutdownHooks@@YAXXZ      10001058 f   ConEmuInjects.obj
 0001:00000189       ?StartupConsoleHooks@@YAXXZ 10001189 f   ConEmuInjects.obj
 0001:000001f2       ?StartupHooks@@YA_NPAUHINSTANCE__@@@Z 100011f2 f   ConEmuInjects.obj
 0001:000004c3       ?StringCchVPrintfW@@YGJPA_WIPB_WPAD@Z 100014c3 f i ConEmuInjects.obj
 0001:0000051a       ___local_stdio_printf_options 1000151a f i ConEmuInjects.obj
 0001:00000520       __vsnwprintf_l             10001520 f i ConEmuInjects.obj
 0001:00000552       ?ProcessSynchroEventW3@@YGHPAX@Z 10001552 f   ConEmuPlugin.obj
 0001:00000562       ?ProcessEditorEventW3@@YGHPAX@Z 10001562 f   ConEmuPlugin.obj
 0001:00000572       ?ProcessViewerEventW3@@YGHPAX@Z 10001572 f   ConEmuPlugin.obj
 0001:00000582       ?ExitFARW3@@YGXPAX@Z       10001582 f   ConEmuPlugin.obj
 0001:000005c4       _ExitFARW@0                100015c4 f   ConEmuPlugin.obj
 0001:00000604       _ProcessEditorEventW@8     10001604 f   ConEmuPlugin.obj
 0001:00000604       ?ProcessEditorEvent@@YGHHPAX@Z 10001604 f   ConEmuPlugin.obj
 0001:0000061c       _ProcessSynchroEventW@8    1000161c f   ConEmuPlugin.obj
 0001:00000635       _ProcessViewerEventW@8     10001635 f   ConEmuPlugin.obj
 0001:00000635       ?ProcessViewerEvent@@YGHHPAX@Z 10001635 f   ConEmuPlugin.obj
 0001:0000064d       ?ActivateConsole@@YGHXZ    1000164d f   ConEmuPlugin.obj
 0001:000007f9       ?ExitFAR@@YGXXZ            100017f9 f   ConEmuPlugin.obj
 0001:00000839       ?GetFarHWND2@@YGPAUHWND__@@H@Z 10001839 f   ConEmuPlugin.obj
 0001:0000089a       ?GetFarHWND@@YGPAUHWND__@@XZ 1000189a f   ConEmuPlugin.obj
 0001:000008a2       ?GetFarVersion@@YGXPAUFarVersion@@@Z 100018a2 f   ConEmuPlugin.obj
 0001:000008bc       ?GetMinFarVersion@@YGHXZ   100018bc f   ConEmuPlugin.obj
 0001:000008da       ?GetPluginInfo@@YGXPAX@Z   100018da f   ConEmuPlugin.obj
 0001:0000090e       ?GetPluginInfoW@@YGXPAX@Z  1000190e f   ConEmuPlugin.obj
 0001:0000091e       ?IsConsoleActive@@YGHXZ    1000191e f   ConEmuPlugin.obj
 0001:0000095d       ?IsTerminalMode@@YGHXZ     1000195d f   ConEmuPlugin.obj
 0001:00000963       ?OpenPlugin@@YGPAXHH@Z     10001963 f   ConEmuPlugin.obj
 0001:0000097e       ?OpenW@@YGPAXPBX@Z         1000197e f   ConEmuPlugin.obj
 0001:0000098e       ?ProcessEditorInput@@YGHPBU_INPUT_RECORD@@@Z 1000198e f   ConEmuPlugin.obj
 0001:000009a6       ?RegisterBackground@@YGHPAURegisterBackgroundArg@@@Z 100019a6 f   ConEmuPlugin.obj
 0001:00000a15       ?RegisterPanelView@@YGHPAUPanelViewInit@@@Z 10001a15 f   ConEmuPlugin.obj
 0001:00000b45       ?SetStartupInfo@@YGXPAX@Z  10001b45 f   ConEmuPlugin.obj
 0001:00000b8b       ?SetupExportsFar3@@YAXXZ   10001b8b f   ConEmuPlugin.obj
 0001:00000b9e       ?SyncExecute@@YGHPAUHINSTANCE__@@P6GXJ@ZJ@Z 10001b9e f   ConEmuPlugin.obj
 0001:00000bdc       _DllMain@12                10001bdc f   ConEmuPlugin.obj
 0001:00000c03       _GetMinFarVersionW@0       10001c03 f   ConEmuPlugin.obj
 0001:00000c09       _OpenPluginW@8             10001c09 f   ConEmuPlugin.obj
 0001:00000c36       _ProcessEditorInputW@4     10001c36 f   ConEmuPlugin.obj
 0001:00000c46       _SetStartupInfoW@4         10001c46 f   ConEmuPlugin.obj
 0001:00000c68       ??0CPluginW1900@@QAE@XZ    10001c68 f   ConEmuPlugin1900.obj
 0001:00000df1       ??_GCPluginW1900@@UAEPAXI@Z 10001df1 f i ConEmuPlugin1900.obj
 0001:00000df1       ??_ECPluginW1900@@UAEPAXI@Z 10001df1 f i ConEmuPlugin1900.obj
 0001:0000116e       ?CheckPanelExist@CPluginW1900@@UAE_NXZ 1000216e f   ConEmuPlugin1900.obj
 0001:00001191       ?Color2BgIndex@Far3Color@@SAXKHAAGPBK@Z 10002191 f i ConEmuPlugin1900.obj
 0001:00001263       ?Color2FgIndex@Far3Color@@SAXKAAGPBK@Z 10002263 f i ConEmuPlugin1900.obj
 0001:0000131b       ?ExecuteSynchroApi@CPluginW1900@@UAE_NXZ 1000231b f   ConEmuPlugin1900.obj
 0001:0000133e       ?ExitFar@CPluginW1900@@UAEXXZ 1000233e f   ConEmuPlugin1900.obj
 0001:000013a5       ?FarColor_3_2@@YAEABUFarColor@@_N@Z 100023a5 f i ConEmuPlugin1900.obj
 0001:00001450       ?GetActiveWindowType@CPluginW1900@@UAEHXZ 10002450 f   ConEmuPlugin1900.obj
 0001:000014c9       ?GetEditorModifiedState@CPluginW1900@@UAEKXZ 100024c9 f   ConEmuPlugin1900.obj
 0001:00001505       ?GetFarRect@CPluginW1900@@UAE_NAAU_SMALL_RECT@@@Z 10002505 f   ConEmuPlugin1900.obj
 0001:00001592       ?GetMacroArea@CPluginW1900@@UAEHXZ 10002592 f   ConEmuPlugin1900.obj
 0001:000015a6       ?GetMsg@CPluginW1900@@UAEPB_WHPA_WI@Z 100025a6 f   ConEmuPlugin1900.obj
 0001:000015ec       ?GetPanelDir@CPluginW1900@@UAEPA_WKPA_WH@Z 100025ec f   ConEmuPlugin1900.obj
 0001:000016f1       ?GetPanelInfo@CPluginW1900@@UAE_NKPAUCEPanelInfo@@@Z 100026f1 f   ConEmuPlugin1900.obj
 0001:00001958       ?GetPanelItemInfo@CPluginW1900@@UAE_NABUCEPanelInfo@@_NHAAU_WIN32_FIND_DATAW@@PAPA_W@Z 10002958 f   ConEmuPlugin1900.obj
 0001:00001ab2       ?GetPluginInfoPtr@CPluginW1900@@UAEXPAX@Z 10002ab2 f   ConEmuPlugin1900.obj
 0001:00001afb       ?GetStdIndex@Far3Color@@SAHKPBK@Z 10002afb f i ConEmuPlugin1900.obj
 0001:00001b20       ?GetWindowCount@CPluginW1900@@UAEHXZ 10002b20 f   ConEmuPlugin1900.obj
 0001:00001b41       ?GetWindowTypeName@CPluginW995@@UAEPB_WH@Z 10002b41 f   ConEmuPlugin995.obj
 0001:00001b41       ?GetWindowTypeName@CPluginW2800@@UAEPB_WH@Z 10002b41 f   ConEmuPlugin2800.obj
 0001:00001b41       ?GetWindowTypeName@CPluginW1900@@UAEPB_WH@Z 10002b41 f   ConEmuPlugin1900.obj
 0001:00001b41       ?GetWindowTypeName@CPluginAnsi@@UAEPB_WH@Z 10002b41 f   ConEmuPluginA.obj
 0001:00001b98       ?GuiMacroDlg@CPluginW1900@@UAEXXZ 10002b98 f   ConEmuPlugin1900.obj
 0001:00001b9d       ?InputBox@CPluginW1900@@UAE_NPB_W000AAPA_W@Z 10002b9d f   ConEmuPlugin1900.obj
 0001:00001c27       ?IsMacroActive@CPluginW1900@@UAE_NXZ 10002c27 f   ConEmuPlugin1900.obj
 0001:00001c51       ?LoadFarColors@CPluginW1900@@UAEXAAY0BAA@E@Z 10002c51 f   ConEmuPlugin1900.obj
 0001:00001da8       ?LoadFarSettings@CPluginW1900@@UAEXPAUCEFarInterfaceSettings@@PAUCEFarPanelSettings@@@Z 10002da8 f   ConEmuPlugin1900.obj
 0001:00001eb6       ?Open@CPluginW1900@@UAEPAXPBX@Z 10002eb6 f   ConEmuPlugin1900.obj
 0001:00001f82       ?OpenEditor@CPluginW1900@@UAE_NPB_W_N11HH@Z 10002f82 f   ConEmuPlugin1900.obj
 0001:00002023       ?PanelControlApi@CPluginW1900@@UAEHPAXHH0@Z 10003023 f   ConEmuPlugin1900.obj
 0001:00002040       ?PostMacroApi@CPluginW1900@@UAEXPB_WPAU_INPUT_RECORD@@_N@Z 10003040 f   ConEmuPlugin1900.obj
 0001:00002529       ?ProcessEditorEventPtr@CPluginW1900@@UAEHPAX@Z 10003529 f   ConEmuPlugin1900.obj
 0001:00002529       ?ProcessEditorEventPtr@CPluginW2800@@UAEHPAX@Z 10003529 f   ConEmuPlugin2800.obj
 0001:0000253d       ?ProcessEditorInputPtr@CPluginW1900@@UAEHPBX@Z 1000353d f   ConEmuPlugin1900.obj
 0001:0000255b       ?ProcessSynchroEventPtr@CPluginW2800@@UAEHPAX@Z 1000355b f   ConEmuPlugin2800.obj
 0001:0000255b       ?ProcessSynchroEventPtr@CPluginW1900@@UAEHPAX@Z 1000355b f   ConEmuPlugin1900.obj
 0001:00002577       ?ProcessViewerEventPtr@CPluginW2800@@UAEHPAX@Z 10003577 f   ConEmuPlugin2800.obj
 0001:00002577       ?ProcessViewerEventPtr@CPluginW1900@@UAEHPAX@Z 10003577 f   ConEmuPlugin1900.obj
 0001:0000258b       ?RedrawAll@CPluginW1900@@UAEXXZ 1000358b f   ConEmuPlugin1900.obj
 0001:000025ac       ?SetStartupInfoPtr@CPluginW1900@@UAEXPAX@Z 100035ac f   ConEmuPlugin1900.obj
 0001:000026af       ?SetWindow@CPluginW1900@@UAEXH@Z 100036af f   ConEmuPlugin1900.obj
 0001:000026ea       ?ShowMessage@CPluginW1900@@UAEHPB_WH_N@Z 100036ea f   ConEmuPlugin1900.obj
 0001:0000274f       ?ShowPluginMenu@CPluginW1900@@UAEHPAUConEmuPluginMenuItem@@HH@Z 1000374f f   ConEmuPlugin1900.obj
 0001:0000288f       ?ShowUserScreen@CPluginW1900@@UAEX_N@Z 1000388f f   ConEmuPlugin1900.obj
 0001:000028b4       ?PlugServerInit@@YAXXZ     100038b4 f   PluginSrv.obj
 0001:000028b4       ?WaitEndSynchro@CPluginW1900@@UAEXXZ 100038b4 f   ConEmuPlugin1900.obj
 0001:000028b4       ?WaitEndSynchro@CPluginW2800@@UAEXXZ 100038b4 f   ConEmuPlugin2800.obj
 0001:000028b4       ?StopWaitEndSynchro@CPluginW2800@@UAEXXZ 100038b4 f   ConEmuPlugin2800.obj
 0001:000028b4       ?_Doraise@exception@stdext@@MBEXXZ 100038b4 f   common-kernel32:CEStr.obj
 0001:000028b4       @_guard_check_icall_nop@4  100038b4 f   LIBCMT:guard_support.obj
 0001:000028b4       ?StopWaitEndSynchro@CPluginW1900@@UAEXXZ 100038b4 f   ConEmuPlugin1900.obj
 0001:000028b4       ?StopWaitEndSynchro@CPluginAnsi@@UAEXXZ 100038b4 f   ConEmuPluginA.obj
 0001:000028b4       ?WaitEndSynchro@CPluginAnsi@@UAEXXZ 100038b4 f   ConEmuPluginA.obj
 0001:000028b4       ?ShutdownPluginStep@CPluginBase@@SAXPB_WHHHH@Z 100038b4 f   ConEmuPluginBase.obj
 0001:000028b5       ?UpdateConEmuTabsApi@CPluginW1900@@UAE_NH@Z 100038b5 f   ConEmuPlugin1900.obj
 0001:00002d0a       ??$_Emplace_reallocate@ABUWindowInfo@@@?$vector@UWindowInfo@@V?$MArrayAllocator@UWindowInfo@@@@@std@@QAEPAUWindowInfo@@QAU2@ABU2@@Z 10003d0a f i ConEmuPlugin2800.obj
 0001:00002dc7       ??$_Fill_unchecked1@PAUWindowInfo@@U1@@std@@YAXPAUWindowInfo@@0ABU1@U?$integral_constant@_N$0A@@0@@Z 10003dc7 f i ConEmuPlugin2800.obj
 0001:00002dea       ??$_Uninit_alloc_fill_n1@PAUWindowInfo@@IV?$MArrayAllocator@UWindowInfo@@@@@std@@YAPAUWindowInfo@@QAU1@IABU1@AAV?$MArrayAllocator@UWindowInfo@@@@U?$integral_constant@_N$0A@@0@@Z 10003dea f i ConEmuPlugin2800.obj
 0001:00002e0f       ??$_Uninitialized_fill_n@PAUWindowInfo@@IV?$MArrayAllocator@UWindowInfo@@@@@std@@YAPAUWindowInfo@@QAU1@IABU1@AAV?$MArrayAllocator@UWindowInfo@@@@@Z 10003e0f f i ConEmuPlugin2800.obj
 0001:00002e30       ??$emplace_back@ABUWindowInfo@@@?$vector@UWindowInfo@@V?$MArrayAllocator@UWindowInfo@@@@@std@@QAEXABUWindowInfo@@@Z 10003e30 f i ConEmuPlugin2800.obj
 0001:00002e5e       ??0CPluginW2800@@QAE@XZ    10003e5e f   ConEmuPlugin2800.obj
 0001:00002fe7       ??0bad_alloc@std@@QAE@ABV01@@Z 10003fe7 f i ConEmuPlugin2800.obj
 0001:00003002       ??0bad_alloc@std@@QAE@XZ   10004002 f i ConEmuPlugin2800.obj
 0001:0000301a       ??0exception@std@@QAE@ABV01@@Z 1000401a f i ConEmuPlugin2800.obj
 0001:00003046       ??1?$MArray@UWindowInfo@@@@QAE@XZ 10004046 f i ConEmuPlugin2800.obj
 0001:0000307e       ??1bad_alloc@std@@UAE@XZ   1000407e f i ConEmuPlugin2800.obj
 0001:0000307e       ??1length_error@std@@UAE@XZ 1000407e f i libcpmt:xthrow.obj
 0001:0000307e       ??1bad_exception@std@@UAE@XZ 1000407e f i libvcruntime:frame.obj
 0001:0000307e       ??1bad_function_call@std@@UAE@XZ 1000407e f i libcpmt:xthrow.obj
 0001:0000308f       ??_ECPluginW2800@@UAEPAXI@Z 1000408f f i ConEmuPlugin2800.obj
 0001:0000308f       ??_GCPluginW2800@@UAEPAXI@Z 1000408f f i ConEmuPlugin2800.obj
 0001:000030ba       ??_Eexception@std@@UAEPAXI@Z 100040ba f i ConEmuPlugin2800.obj
 0001:000030ba       ??_Gbad_function_call@std@@UAEPAXI@Z 100040ba f i libcpmt:xthrow.obj
 0001:000030ba       ??_Glength_error@std@@UAEPAXI@Z 100040ba f i libcpmt:xthrow.obj
 0001:000030ba       ??_Glogic_error@std@@UAEPAXI@Z 100040ba f i libcpmt:xthrow.obj
 0001:000030ba       ??_Ebad_alloc@std@@UAEPAXI@Z 100040ba f i ConEmuPlugin2800.obj
 0001:000030ba       ??_Ebad_exception@std@@UAEPAXI@Z 100040ba f i libvcruntime:frame.obj
 0001:000030ba       ??_Gbad_alloc@std@@UAEPAXI@Z 100040ba f i ConEmuPlugin2800.obj
 0001:000030ba       ??_Elogic_error@std@@UAEPAXI@Z 100040ba f i libcpmt:xthrow.obj
 0001:000030ba       ??_Gbad_exception@std@@UAEPAXI@Z 100040ba f i libvcruntime:frame.obj
 0001:000030ba       ??_Elength_error@std@@UAEPAXI@Z 100040ba f i libcpmt:xthrow.obj
 0001:000030ba       ??_Ebad_function_call@std@@UAEPAXI@Z 100040ba f i libcpmt:xthrow.obj
 0001:000030ba       ??_Gexception@std@@UAEPAXI@Z 100040ba f i ConEmuPlugin2800.obj
 0001:00003450       ?CheckPanelExist@CPluginW2800@@UAE_NXZ 10004450 f   ConEmuPlugin2800.obj
 0001:00003473       ?ExecuteSynchroApi@CPluginW2800@@UAE_NXZ 10004473 f   ConEmuPlugin2800.obj
 0001:00003496       ?ExitFar@CPluginW2800@@UAEXXZ 10004496 f   ConEmuPlugin2800.obj
 0001:00003510       ?GetActiveWindowType@CPluginW2800@@UAEHXZ 10004510 f   ConEmuPlugin2800.obj
 0001:0000358f       ?GetEditorModifiedState@CPluginW2800@@UAEKXZ 1000458f f   ConEmuPlugin2800.obj
 0001:000035cb       ?GetFarRect@CPluginW2800@@UAE_NAAU_SMALL_RECT@@@Z 100045cb f   ConEmuPlugin2800.obj
 0001:0000365b       ?GetMacroArea@CPluginW2800@@UAEHXZ 1000465b f   ConEmuPlugin2800.obj
 0001:0000366f       ?GetMsg@CPluginW2800@@UAEPB_WHPA_WI@Z 1000466f f   ConEmuPlugin2800.obj
 0001:000036b5       ?GetPanelDir@CPluginW2800@@UAEPA_WKPA_WH@Z 100046b5 f   ConEmuPlugin2800.obj
 0001:000037ba       ?GetPanelInfo@CPluginW2800@@UAE_NKPAUCEPanelInfo@@@Z 100047ba f   ConEmuPlugin2800.obj
 0001:00003a21       ?GetPanelItemInfo@CPluginW2800@@UAE_NABUCEPanelInfo@@_NHAAU_WIN32_FIND_DATAW@@PAPA_W@Z 10004a21 f   ConEmuPlugin2800.obj
 0001:00003b84       ?GetPluginInfoPtr@CPluginW2800@@UAEXPAX@Z 10004b84 f   ConEmuPlugin2800.obj
 0001:00003bcd       ?GetWindowCount@CPluginW2800@@UAEHXZ 10004bcd f   ConEmuPlugin2800.obj
 0001:00003bee       ?GuiMacroDlg@CPluginW2800@@UAEXXZ 10004bee f   ConEmuPlugin2800.obj
 0001:00003bf3       ?InputBox@CPluginW2800@@UAE_NPB_W000AAPA_W@Z 10004bf3 f   ConEmuPlugin2800.obj
 0001:00003c7d       ?IsMacroActive@CPluginW2800@@UAE_NXZ 10004c7d f   ConEmuPlugin2800.obj
 0001:00003ca7       ?LoadFarColors@CPluginW2800@@UAEXAAY0BAA@E@Z 10004ca7 f   ConEmuPlugin2800.obj
 0001:00003dfe       ?LoadFarSettings@CPluginW2800@@UAEXPAUCEFarInterfaceSettings@@PAUCEFarPanelSettings@@@Z 10004dfe f   ConEmuPlugin2800.obj
 0001:00003f06       ?Open@CPluginW2800@@UAEPAXPBX@Z 10004f06 f   ConEmuPlugin2800.obj
 0001:0000404d       ?OpenEditor@CPluginW2800@@UAE_NPB_W_N11HH@Z 1000504d f   ConEmuPlugin2800.obj
 0001:000040ee       ?PanelControlApi@CPluginW2800@@UAEHPAXHH0@Z 100050ee f   ConEmuPlugin2800.obj
 0001:0000410b       ?PostMacroApi@CPluginW2800@@UAEXPB_WPAU_INPUT_RECORD@@_N@Z 1000510b f   ConEmuPlugin2800.obj
 0001:0000439e       ?ProcessEditorInputPtr@CPluginW2800@@UAEHPBX@Z 1000539e f   ConEmuPlugin2800.obj
 0001:000043bc       ?RedrawAll@CPluginW2800@@UAEXXZ 100053bc f   ConEmuPlugin2800.obj
 0001:000043dd       ?SetStartupInfoPtr@CPluginW2800@@UAEXPAX@Z 100053dd f   ConEmuPlugin2800.obj
 0001:000044e0       ?SetWindow@CPluginW2800@@UAEXH@Z 100054e0 f   ConEmuPlugin2800.obj
 0001:000045c2       ?ShowMessage@CPluginW2800@@UAEHPB_WH_N@Z 100055c2 f   ConEmuPlugin2800.obj
 0001:00004627       ?ShowPluginMenu@CPluginW2800@@UAEHPAUConEmuPluginMenuItem@@HH@Z 10005627 f   ConEmuPlugin2800.obj
 0001:00004767       ?ShowUserScreen@CPluginW2800@@UAEX_N@Z 10005767 f   ConEmuPlugin2800.obj
 0001:0000478c       ?UpdateConEmuTabsApi@CPluginW2800@@UAE_NH@Z 1000578c f   ConEmuPlugin2800.obj
 0001:00004dda       ?_Calculate_growth@?$vector@UWindowInfo@@V?$MArrayAllocator@UWindowInfo@@@@@std@@ABEII@Z 10005dda f i ConEmuPlugin2800.obj
 0001:00004e05       ?_Change_array@?$vector@UWindowInfo@@V?$MArrayAllocator@UWindowInfo@@@@@std@@AAEXQAUWindowInfo@@II@Z 10005e05 f i ConEmuPlugin2800.obj
 0001:00004e34       ?_Tidy@?$vector@UWindowInfo@@V?$MArrayAllocator@UWindowInfo@@@@@std@@AAEXXZ 10005e34 f i ConEmuPlugin2800.obj
 0001:00004e50       ?_Xlength@?$vector@UWindowInfo@@V?$MArrayAllocator@UWindowInfo@@@@@std@@CAXXZ 10005e50 f i ConEmuPlugin2800.obj
 0001:00004e50       ?_Xlength@?$vector@UtagPROCESSENTRY32W@@V?$MArrayAllocator@UtagPROCESSENTRY32W@@@@@std@@CAXXZ 10005e50 f i common-kernel32:MProcess.obj
 0001:00004e5b       ?allocate@?$MArrayAllocator@UWindowInfo@@@@QAEPAUWindowInfo@@I@Z 10005e5b f i ConEmuPlugin2800.obj
 0001:00004e8b       ?erase@?$MArray@UWindowInfo@@@@QAEXHH@Z 10005e8b f i ConEmuPlugin2800.obj
 0001:00004ed6       ?erase@?$vector@UWindowInfo@@V?$MArrayAllocator@UWindowInfo@@@@@std@@QAE?AV?$_Vector_iterator@V?$_Vector_val@U?$_Simple_types@UWindowInfo@@@std@@@std@@@2@V?$_Vector_const_iterator@V?$_Vector_val@U?$_Simple_types@UWindowInfo@@@std@@@std@@@2@0@Z 10005ed6 f i ConEmuPlugin2800.obj
 0001:00004f0e       ?insert@?$MArray@UWindowInfo@@@@QAEHHABUWindowInfo@@H@Z 10005f0e f i ConEmuPlugin2800.obj
 0001:00004f66       ?insert@?$vector@UWindowInfo@@V?$MArrayAllocator@UWindowInfo@@@@@std@@QAE?AV?$_Vector_iterator@V?$_Vector_val@U?$_Simple_types@UWindowInfo@@@std@@@std@@@2@V?$_Vector_const_iterator@V?$_Vector_val@U?$_Simple_types@UWindowInfo@@@std@@@std@@@2@IABUWindowInfo@@@Z 10005f66 f i ConEmuPlugin2800.obj
 0001:00005131       ?what@exception@std@@UBEPBDXZ 10006131 f i ConEmuPlugin2800.obj
 0001:0000513f       _GetGlobalInfoW@4          1000613f f   ConEmuPlugin2800.obj
 0001:000051cf       ??0CPluginW995@@QAE@XZ     100061cf f   ConEmuPlugin995.obj
 0001:00005353       ??_GCPluginW995@@UAEPAXI@Z 10006353 f i ConEmuPlugin995.obj
 0001:00005353       ??_ECPluginW995@@UAEPAXI@Z 10006353 f i ConEmuPlugin995.obj
 0001:000056a8       ?CheckPanelExist@CPluginW995@@UAE_NXZ 100066a8 f   ConEmuPlugin995.obj
 0001:000056cb       ?ExecuteSynchroApi@CPluginW995@@UAE_NXZ 100066cb f   ConEmuPlugin995.obj
 0001:000056ea       ?ExitFar@CPluginW995@@UAEXXZ 100066ea f   ConEmuPlugin995.obj
 0001:00005751       ?GetActiveWindowType@CPluginW995@@UAEHXZ 10006751 f   ConEmuPlugin995.obj
 0001:000057f1       ?GetEditorModifiedState@CPluginW995@@UAEKXZ 100067f1 f   ConEmuPlugin995.obj
 0001:00005829       ?GetFarRect@CPluginW995@@UAE_NAAU_SMALL_RECT@@@Z 10006829 f   ConEmuPlugin995.obj
 0001:0000586c       ?GetMacroArea@CPluginW995@@UAEHXZ 1000686c f   ConEmuPlugin995.obj
 0001:000058a4       ?GetMsg@CPluginW995@@UAEPB_WHPA_WI@Z 100068a4 f   ConEmuPlugin995.obj
 0001:000058e8       ?GetPanelDir@CPluginW995@@UAEPA_WKPA_WH@Z 100068e8 f   ConEmuPlugin995.obj
 0001:000059b2       ?GetPanelInfo@CPluginW995@@UAE_NKPAUCEPanelInfo@@@Z 100069b2 f   ConEmuPlugin995.obj
 0001:00005b9c       ?GetPanelItemInfo@CPluginW995@@UAE_NABUCEPanelInfo@@_NHAAU_WIN32_FIND_DATAW@@PAPA_W@Z 10006b9c f   ConEmuPlugin995.obj
 0001:00005ce7       ?GetPluginInfoPtr@CPluginW995@@UAEXPAX@Z 10006ce7 f   ConEmuPlugin995.obj
 0001:00005d40       ?GetWindowCount@CPluginW995@@UAEHXZ 10006d40 f   ConEmuPlugin995.obj
 0001:00005d5d       ?GuiMacroDlg@CPluginW995@@UAEXXZ 10006d5d f   ConEmuPlugin995.obj
 0001:00005d62       ?InputBox@CPluginW995@@UAE_NPB_W000AAPA_W@Z 10006d62 f   ConEmuPlugin995.obj
 0001:00005de0       ?IsMacroActive@CPluginW995@@UAE_NXZ 10006de0 f   ConEmuPlugin995.obj
 0001:00005e2f       ?LoadFarColors@CPluginW995@@UAEXAAY0BAA@E@Z 10006e2f f   ConEmuPlugin995.obj
 0001:00005ee6       ?LoadFarSettings@CPluginW995@@UAEXPAUCEFarInterfaceSettings@@PAUCEFarPanelSettings@@@Z 10006ee6 f   ConEmuPlugin995.obj
 0001:00005f1d       ?Open@CPluginW995@@UAEPAXPBX@Z 10006f1d f i ConEmuPlugin995.obj
 0001:00005f1d       ?Open@CPluginAnsi@@UAEPAXPBX@Z 10006f1d f i ConEmuPluginA.obj
 0001:00005f26       ?OpenEditor@CPluginW995@@UAE_NPB_W_N11HH@Z 10006f26 f   ConEmuPlugin995.obj
 0001:00005fbf       ?PanelControlApi@CPluginW995@@UAEHPAXHH0@Z 10006fbf f   ConEmuPlugin995.obj
 0001:00005fdc       ?PostMacroApi@CPluginW995@@UAEXPB_WPAU_INPUT_RECORD@@_N@Z 10006fdc f   ConEmuPlugin995.obj
 0001:0000607e       ?ProcessEditorEventPtr@CPluginW995@@UAEHPAX@Z 1000707e f i ConEmuPlugin995.obj
 0001:0000607e       ?ProcessEditorInputPtr@CPluginAnsi@@UAEHPBX@Z 1000707e f i ConEmuPluginA.obj
 0001:0000607e       ?ProcessEditorEventPtr@CPluginAnsi@@UAEHPAX@Z 1000707e f i ConEmuPluginA.obj
 0001:0000607e       ?ProcessSynchroEventPtr@CPluginW995@@UAEHPAX@Z 1000707e f i ConEmuPlugin995.obj
 0001:0000607e       ?ProcessViewerEventPtr@CPluginAnsi@@UAEHPAX@Z 1000707e f i ConEmuPluginA.obj
 0001:0000607e       ?ProcessSynchroEventPtr@CPluginAnsi@@UAEHPAX@Z 1000707e f i ConEmuPluginA.obj
 0001:0000607e       ?ProcessViewerEventPtr@CPluginW995@@UAEHPAX@Z 1000707e f i ConEmuPlugin995.obj
 0001:00006083       ?ProcessEditorInputPtr@CPluginW995@@UAEHPBX@Z 10007083 f   ConEmuPlugin995.obj
 0001:0000609d       ?RedrawAll@CPluginW995@@UAEXXZ 1000709d f   ConEmuPlugin995.obj
 0001:000060ba       ?SetStartupInfoPtr@CPluginW995@@UAEXPAX@Z 100070ba f   ConEmuPlugin995.obj
 0001:000061ac       ?SetWindow@CPluginW995@@UAEXH@Z 100071ac f   ConEmuPlugin995.obj
 0001:000061e0       ?ShowMessage@CPluginW995@@UAEHPB_WH_N@Z 100071e0 f   ConEmuPlugin995.obj
 0001:00006229       ?ShowPluginMenu@CPluginW995@@UAEHPAUConEmuPluginMenuItem@@HH@Z 10007229 f   ConEmuPlugin995.obj
 0001:0000630e       ?ShowUserScreen@CPluginW995@@UAEX_N@Z 1000730e f   ConEmuPlugin995.obj
 0001:00006333       ?StopWaitEndSynchro@CPluginW995@@UAEXXZ 10007333 f   ConEmuPlugin995.obj
 0001:0000634c       ?UpdateConEmuTabsApi@CPluginW995@@UAE_NH@Z 1000734c f   ConEmuPlugin995.obj
 0001:00006593       ?WaitEndSynchro@CPluginW995@@UAEXXZ 10007593 f   ConEmuPlugin995.obj
 0001:000066a4       ??0CPluginAnsi@@QAE@XZ     100076a4 f   ConEmuPluginA.obj
 0001:000067f8       ??_ECPluginAnsi@@UAEPAXI@Z 100077f8 f i ConEmuPluginA.obj
 0001:000067f8       ??_GCPluginAnsi@@UAEPAXI@Z 100077f8 f i ConEmuPluginA.obj
 0001:00006c63       ?CheckPanelExist@CPluginAnsi@@UAE_NXZ 10007c63 f   ConEmuPluginA.obj
 0001:00006c87       ?ExecuteSynchroApi@CPluginAnsi@@UAE_NXZ 10007c87 f i ConEmuPluginA.obj
 0001:00006c8a       ?ExitFar@CPluginAnsi@@UAEXXZ 10007c8a f   ConEmuPluginA.obj
 0001:00006cbf       ?GetActiveWindowType@CPluginAnsi@@UAEHXZ 10007cbf f   ConEmuPluginA.obj
 0001:00006d30       ?GetEditorModifiedState@CPluginAnsi@@UAEKXZ 10007d30 f   ConEmuPluginA.obj
 0001:00006d6b       ?GetFarRect@CPluginAnsi@@UAE_NAAU_SMALL_RECT@@@Z 10007d6b f i ConEmuPluginA.obj
 0001:00006d70       ?GetMacroArea@CPluginAnsi@@UAEHXZ 10007d70 f   ConEmuPluginA.obj
 0001:00006d70       __get_startup_argv_mode    10007d70 f   LIBCMT:argv_mode.obj
 0001:00006d74       ?GetMsg@CPluginAnsi@@UAEPB_WHPA_WI@Z 10007d74 f   ConEmuPluginA.obj
 0001:00006de4       ?GetPanelDir@CPluginAnsi@@UAEPA_WKPA_WH@Z 10007de4 f   ConEmuPluginA.obj
 0001:00006ea6       ?GetPanelInfo@CPluginAnsi@@UAE_NKPAUCEPanelInfo@@@Z 10007ea6 f   ConEmuPluginA.obj
 0001:00007076       ?GetPanelItemInfo@CPluginAnsi@@UAE_NABUCEPanelInfo@@_NHAAU_WIN32_FIND_DATAW@@PAPA_W@Z 10008076 f   ConEmuPluginA.obj
 0001:00007172       ?GetPluginInfoPtr@CPluginAnsi@@UAEXPAX@Z 10008172 f   ConEmuPluginA.obj
 0001:000071df       ?GetWindowCount@CPluginAnsi@@UAEHXZ 100081df f   ConEmuPluginA.obj
 0001:00007202       ?GuiMacroDlg@CPluginAnsi@@UAEXXZ 10008202 f   ConEmuPluginA.obj
 0001:00007207       ?InputBox@CPluginAnsi@@UAE_NPB_W000AAPA_W@Z 10008207 f   ConEmuPluginA.obj
 0001:00007332       ?IsMacroActive@CPluginAnsi@@UAE_NXZ 10008332 f   ConEmuPluginA.obj
 0001:00007387       ?LoadFarColors@CPluginAnsi@@UAEXAAY0BAA@E@Z 10008387 f   ConEmuPluginA.obj
 0001:00007444       ?LoadFarSettings@CPluginAnsi@@UAEXPAUCEFarInterfaceSettings@@PAUCEFarPanelSettings@@@Z 10008444 f   ConEmuPluginA.obj
 0001:00007487       ?OpenEditor@CPluginAnsi@@UAE_NPB_W_N11HH@Z 10008487 f   ConEmuPluginA.obj
 0001:00007565       ?PanelControlApi@CPluginAnsi@@UAEHPAXHH0@Z 10008565 f   ConEmuPluginA.obj
 0001:0000758f       ?PostMacroApi@CPluginAnsi@@UAEXPB_WPAU_INPUT_RECORD@@_N@Z 1000858f f   ConEmuPluginA.obj
 0001:0000762f       ?RedrawAll@CPluginAnsi@@UAEXXZ 1000862f f   ConEmuPluginA.obj
 0001:00007652       ?SetStartupInfoPtr@CPluginAnsi@@UAEXPAX@Z 10008652 f   ConEmuPluginA.obj
 0001:00007753       ?SetWindow@CPluginAnsi@@UAEXH@Z 10008753 f   ConEmuPluginA.obj
 0001:00007793       ?ShowMessage@CPluginAnsi@@UAEHPB_WH_N@Z 10008793 f   ConEmuPluginA.obj
 0001:0000781d       ?ShowPluginMenu@CPluginAnsi@@UAEHPAUConEmuPluginMenuItem@@HH@Z 1000881d f   ConEmuPluginA.obj
 0001:00007943       ?ShowUserScreen@CPluginAnsi@@UAEX_N@Z 10008943 f   ConEmuPluginA.obj
 0001:00007969       ?UpdateConEmuTabsApi@CPluginAnsi@@UAE_NH@Z 10008969 f   ConEmuPluginA.obj
 0001:00007bd4       ??$swprintf_c@$0BAE@@@YAHAAY0BAE@_WPB_WZZ 10008bd4 f i ConEmuPluginBase.obj
 0001:00007bed       ??$swprintf_c@$0DAM@@@YAHAAY0DAM@_WPB_WZZ 10008bed f i ConEmuPluginBase.obj
 0001:00007c06       ??$swprintf_c@$0EAA@@@YAHAAY0EAA@_WPB_WZZ 10008c06 f i ConEmuPluginBase.obj
 0001:00007c1f       ??$swprintf_c@$0MI@@@YAHAAY0MI@_WPB_WZZ 10008c1f f i ConEmuPluginBase.obj
 0001:00007c38       ??0?$MFileMapping@UCESERVER_CONSOLE_MAPPING_HDR@@@@QAE@XZ 10008c38 f i ConEmuPluginBase.obj
 0001:00007c95       ??0CPluginBase@@QAE@XZ     10008c95 f   ConEmuPluginBase.obj
 0001:00007da6       ??0MWow64Disable@@QAE@XZ   10008da6 f i ConEmuPluginBase.obj
 0001:00007deb       ??1?$MFileMapping@UConEmuGuiMapping@@@@QAE@XZ 10008deb f i common-user32:ConEmuCheckEx.obj
 0001:00007deb       ??1?$MFileMapping@UCESERVER_CONSOLE_MAPPING_HDR@@@@QAE@XZ 10008deb f i ConEmuPluginBase.obj
 0001:00007deb       ??1?$MFileMapping@UPanelViewSetMapping@@@@QAE@XZ 10008deb f i PluginBackground.obj
 0001:00007df5       ??1CPluginBase@@UAE@XZ     10008df5 f   ConEmuPluginBase.obj
 0001:00007dfc       ??1MWow64Disable@@QAE@XZ   10008dfc f i ConEmuPluginBase.obj
 0001:00007e30       ??_G?$MFileMapping@UCESERVER_CONSOLE_MAPPING_HDR@@@@QAEPAXI@Z 10008e30 f i ConEmuPluginBase.obj
 0001:00007e5a       ??_ECPluginBase@@UAEPAXI@Z 10008e5a f i ConEmuPluginBase.obj
 0001:00007e5a       ??_GCPluginBase@@UAEPAXI@Z 10008e5a f i ConEmuPluginBase.obj
 0001:00007e80       ?ActivatePlugin@CPluginBase@@QAE_NKPAXK@Z 10008e80 f   ConEmuPluginBase.obj
 0001:00008013       ?AddTab@CPluginBase@@QAE_NAAHH_N1HPB_W2HHHH@Z 10009013 f   ConEmuPluginBase.obj
 0001:000082f4       ?AddTabFinish@CPluginBase@@QAEXH@Z 100092f4 f   ConEmuPluginBase.obj
 0001:00008306       ?Attach2Gui@CPluginBase@@QAE_N_N@Z 10009306 f   ConEmuPluginBase.obj
 0001:00008694       ?BackgroundMacroError@CPluginBase@@SGKPAX@Z 10009694 f   ConEmuPluginBase.obj
 0001:000086bb       ?CheckBufferEnabled@CPluginBase@@QAE_NXZ 100096bb f   ConEmuPluginBase.obj
 0001:00008714       ?CheckConEmuDetached@CPluginBase@@SAXXZ 10009714 f   ConEmuPluginBase.obj
 0001:000087af       ?CheckResources@CPluginBase@@QAEX_N@Z 100097af f   ConEmuPluginBase.obj
 0001:0000894f       ?CloseMap@?$MFileMapping@UCESERVER_CONSOLE_MAPPING_HDR@@@@QAEXXZ 1000994f f i ConEmuPluginBase.obj
 0001:0000894f       ?CloseMap@?$MFileMapping@UPanelViewSetMapping@@@@QAEXXZ 1000994f f i PluginBackground.obj
 0001:0000894f       ?CloseMap@?$MFileMapping@UConEmuGuiMapping@@@@QAEXXZ 1000994f f i common-kernel32:ConEmuCheck.obj
 0001:000089a0       ?CloseMapHeader@CPluginBase@@SAXXZ 100099a0 f   ConEmuPluginBase.obj
 0001:000089b7       ?ClosePtr@?$MFileMapping@UPanelViewSetMapping@@@@QAEXXZ 100099b7 f i PluginBackground.obj
 0001:000089b7       ?ClosePtr@?$MFileMapping@UCESERVER_CONSOLE_MAPPING_HDR@@@@QAEXXZ 100099b7 f i ConEmuPluginBase.obj
 0001:000089b7       ?ClosePtr@?$MFileMapping@UConEmuGuiMapping@@@@QAEXXZ 100099b7 f i common-kernel32:ConEmuCheck.obj
 0001:000089cf       ?CloseTabs@CPluginBase@@SAXXZ 100099cf f   ConEmuPluginBase.obj
 0001:00008a57       ?CommonPluginStartup@CPluginBase@@QAEXXZ 10009a57 f   ConEmuPluginBase.obj
 0001:00008b43       ?CreateTabs@CPluginBase@@SA_NH@Z 10009b43 f   ConEmuPluginBase.obj
 0001:00008bed       ?Disable@MWow64Disable@@QAEXXZ 10009bed f i ConEmuPluginBase.obj
 0001:00008c07       ?DllCheckUnique@CPluginBase@@KA_N_N@Z 10009c07 f   ConEmuPluginBase.obj
 0001:00008dcc       ?DllMain_ProcessAttach@CPluginBase@@KAXPAUHINSTANCE__@@@Z 10009dcc f   ConEmuPluginBase.obj
 0001:00008ec0       ?DllMain_ProcessDetach@CPluginBase@@KAXXZ 10009ec0 f   ConEmuPluginBase.obj
 0001:00008f90       ?EditViewConsoleOutput@CPluginBase@@QAEX_N@Z 10009f90 f   ConEmuPluginBase.obj
 0001:00009019       ?EmergencyShow@CPluginBase@@KAXXZ 1000a019 f   ConEmuPluginBase.obj
 0001:00009064       ?ExecuteSynchro@CPluginBase@@QAEXXZ 1000a064 f   ConEmuPluginBase.obj
 0001:000090d9       ?ExitFarCommon@CPluginBase@@QAEX_N@Z 1000a0d9 f   ConEmuPluginBase.obj
 0001:000090fc       ?FarSetConsoleSize@CPluginBase@@SA_NFF@Z 1000a0fc f   ConEmuPluginBase.obj
 0001:000091e0       ?FillLoadedParm@CPluginBase@@SAXPAUConEmuLoadedArg@@PAUHINSTANCE__@@H@Z 1000a1e0 f   ConEmuPluginBase.obj
 0001:0000926e       ?FillUpdateBackground@CPluginBase@@QAEXPAUPaintBackgroundArg@@@Z 1000a26e f   ConEmuPluginBase.obj
 0001:000093af       ?FindServerCmd@CPluginBase@@QAE_NKAAK_N@Z 1000a3af f   ConEmuPluginBase.obj
 0001:00009495       ?GetMainThreadId@CPluginBase@@SAKXZ 1000a495 f   ConEmuPluginBase.obj
 0001:00009520       ?GetPanelInfo@CPluginBase@@QAE_NKPAUBkPanelInfo@@@Z 1000a520 f   ConEmuPluginBase.obj
 0001:000095a0       ?InitHWND@CPluginBase@@SAXXZ 1000a5a0 f   ConEmuPluginBase.obj
 0001:000097b6       ?InitName@?$MFileMapping@UConEmuGuiMapping@@@@QAEPB_WPB_WKK@Z 1000a7b6 f i common-kernel32:ConEmuCheck.obj
 0001:000097b6       ?InitName@?$MFileMapping@UPanelViewSetMapping@@@@QAEPB_WPB_WKK@Z 1000a7b6 f i PluginBackground.obj
 0001:000097b6       ?InitName@?$MFileMapping@UCESERVER_CONSOLE_MAPPING_HDR@@@@QAEPB_WPB_WKK@Z 1000a7b6 f i ConEmuPluginBase.obj
 0001:000097e7       ?InitResources@CPluginBase@@QAEXXZ 1000a7e7 f   ConEmuPluginBase.obj
 0001:000099a3       ?InitRootRegKey@CPluginBase@@IAEXXZ 1000a9a3 f   ConEmuPluginBase.obj
 0001:00009a5f       ?InternalOpenCreate@?$MFileMapping@UCESERVER_CONSOLE_MAPPING_HDR@@@@IAEPAUCESERVER_CONSOLE_MAPPING_HDR@@_N0H@Z 1000aa5f f i ConEmuPluginBase.obj
 0001:00009a5f       ?InternalOpenCreate@?$MFileMapping@UConEmuGuiMapping@@@@IAEPAUConEmuGuiMapping@@_N0H@Z 1000aa5f f i common-kernel32:ConEmuCheck.obj
 0001:00009a5f       ?InternalOpenCreate@?$MFileMapping@UPanelViewSetMapping@@@@IAEPAUPanelViewSetMapping@@_N0H@Z 1000aa5f f i PluginBackground.obj
 0001:00009c41       ?IsCurrentTabModal@CPluginBase@@QAE_NXZ 1000ac41 f   ConEmuPluginBase.obj
 0001:00009cca       ?IsFarLua@FarVersion@@QBE_NXZ 1000acca f i ConEmuPluginBase.obj
 0001:00009dfb       ?LoadFarVersion@CPluginBase@@SA_NXZ 1000adfb f   ConEmuPluginBase.obj
 0001:0000a042       ?LoadPanelTabsFromRegistry@CPluginBase@@IAEXXZ 1000b042 f   ConEmuPluginBase.obj
 0001:0000a118       ?MonitorThreadProcW@CPluginBase@@SGKPAX@Z 1000b118 f   ConEmuPluginBase.obj
 0001:0000a4e6       ?NotifyConEmuUnloaded@CPluginBase@@SAXXZ 1000b4e6 f   ConEmuPluginBase.obj
 0001:0000a5e1       ?OnConsoleDetaching@CPluginBase@@SGHPAUHookCallbackArg@@@Z 1000b5e1 f   ConEmuPluginBase.obj
 0001:0000a6f5       ?OnConsolePeekInput@CPluginBase@@SGHPAUHookCallbackArg@@@Z 1000b6f5 f   ConEmuPluginBase.obj
 0001:0000a754       ?OnConsolePeekInputPost@CPluginBase@@SGHPAUHookCallbackArg@@@Z 1000b754 f   ConEmuPluginBase.obj
 0001:0000a784       ?OnConsolePeekReadInput@CPluginBase@@SAX_N@Z 1000b784 f   ConEmuPluginBase.obj
 0001:0000a93b       ?OnConsoleReadInput@CPluginBase@@SGHPAUHookCallbackArg@@@Z 1000b93b f   ConEmuPluginBase.obj
 0001:0000a94b       ?OnConsoleReadInputPost@CPluginBase@@SGHPAUHookCallbackArg@@@Z 1000b94b f   ConEmuPluginBase.obj
 0001:0000aacd       ?OnConsoleReadInputWork@CPluginBase@@SAHPAUHookCallbackArg@@@Z 1000bacd f   ConEmuPluginBase.obj
 0001:0000ab37       ?OnConsoleWasAttached@CPluginBase@@SGHPAUHookCallbackArg@@@Z 1000bb37 f   ConEmuPluginBase.obj
 0001:0000ab8d       ?OnCurDirChanged@CPluginBase@@SGXXZ 1000bb8d f   ConEmuPluginBase.obj
 0001:0000abe2       ?OnGetNumberOfConsoleInputEventsPost@CPluginBase@@SGHPAUHookCallbackArg@@@Z 1000bbe2 f   ConEmuPluginBase.obj
 0001:0000ac16       ?OnLibraryLoaded@CPluginBase@@SGXPAUHINSTANCE__@@@Z 1000bc16 f   ConEmuPluginBase.obj
 0001:0000ac84       ?OnMainThreadActivated@CPluginBase@@QAEXXZ 1000bc84 f   ConEmuPluginBase.obj
 0001:0000adee       ?OnPanelViewCallbacks@CPluginBase@@SA_NPAUHookCallbackArg@@P6GHPAXPAU_INPUT_RECORD@@KPAKPAH@Z5@Z 1000bdee f   ConEmuPluginBase.obj
 0001:0000ae8f       ?OnPostWriteConsoleOutput@CPluginBase@@SGHPAUHookCallbackArg@@@Z 1000be8f f   ConEmuPluginBase.obj
 0001:0000ae9a       ?OnShellExecuteExW_Except@CPluginBase@@SGHPAUHookCallbackArg@@@Z 1000be9a f   ConEmuPluginBase.obj
 0001:0000aecf       ?OnWriteConsoleOutput@CPluginBase@@SGHPAUHookCallbackArg@@@Z 1000becf f   ConEmuPluginBase.obj
 0001:0000af5c       ?OpenMapHeader@CPluginBase@@SAHXZ 1000bf5c f   ConEmuPluginBase.obj
 0001:0000b018       ?OpenPluginCommon@CPluginBase@@QAEPAXHH_N@Z 1000c018 f   ConEmuPluginBase.obj
 0001:0000b275       ?OutDataAlloc@CPluginBase@@SA_NK@Z 1000c275 f   ConEmuPluginBase.obj
 0001:0000b2c4       ?OutDataRealloc@CPluginBase@@SA_NK@Z 1000c2c4 f   ConEmuPluginBase.obj
 0001:0000b35b       ?OutDataWrite@CPluginBase@@SA_NPAXK@Z 1000c35b f   ConEmuPluginBase.obj
 0001:0000b3da       ?PanelControl@CPluginBase@@QAEHPAXHH0@Z 1000c3da f   ConEmuPluginBase.obj
 0001:0000b441       ?Plugin@@YAPAVCPluginBase@@XZ 1000c441 f   ConEmuPluginBase.obj
 0001:0000b510       ?PostMacro@CPluginBase@@QAEXPB_WPAU_INPUT_RECORD@@_N@Z 1000c510 f   ConEmuPluginBase.obj
 0001:0000b551       ?PrintText@CPluginBase@@QAE_NPB_W@Z 1000c551 f   ConEmuPluginBase.obj
 0001:0000b629       ?ProcessCommand@CPluginBase@@QAE_NKHPAXPAPAUCESERVER_REQ@@_N@Z 1000c629 f   ConEmuPluginBase.obj
 0001:0000ba39       ?ProcessCommandLine@CPluginBase@@QAE_NPA_W@Z 1000ca39 f   ConEmuPluginBase.obj
 0001:0000ba72       ?ProcessDragFrom@CPluginBase@@QAEXXZ 1000ca72 f   ConEmuPluginBase.obj
 0001:0000bfce       ?ProcessDragTo@CPluginBase@@QAEXXZ 1000cfce f   ConEmuPluginBase.obj
 0001:0000c2ec       ?ProcessEditorInputInternal@CPluginBase@@QAEXABU_INPUT_RECORD@@@Z 1000d2ec f   ConEmuPluginBase.obj
 0001:0000c31e       ?ProcessEditorViewerEvent@CPluginBase@@QAEHHH@Z 1000d31e f   ConEmuPluginBase.obj
 0001:0000c3bb       ?ProcessSetWindowCommand@CPluginBase@@QAEXXZ 1000d3bb f   ConEmuPluginBase.obj
 0001:0000c487       ?ProcessSynchroEvent@CPluginBase@@QAEHHPAX@Z 1000d487 f   ConEmuPluginBase.obj
 0001:0000c4f9       ?ReloadFarInfo@CPluginBase@@QAE_N_N@Z 1000d4f9 f   ConEmuPluginBase.obj
 0001:0000c714       ?ReloadFarInfoApi@CPluginBase@@IAE_NXZ 1000d714 f   ConEmuPluginBase.obj
 0001:0000c8a1       ?Restore@MWow64Disable@@QAEXXZ 1000d8a1 f i ConEmuPluginBase.obj
 0001:0000c8b8       ?RunExternalProgram@CPluginBase@@QAE_NPA_W@Z 1000d8b8 f   ConEmuPluginBase.obj
 0001:0000c9e8       ?RunExternalProgramW@CPluginBase@@SA_NPA_W0_N@Z 1000d9e8 f   ConEmuPluginBase.obj
 0001:0000cbbc       ?SendTabs@CPluginBase@@SAXH_N@Z 1000dbbc f   ConEmuPluginBase.obj
 0001:0000cd47       ?SetRootRegKey@CPluginBase@@IAEXPA_W@Z 1000dd47 f   ConEmuPluginBase.obj
 0001:0000cdca       ?ShowConsoleInfo@CPluginBase@@QAEXXZ 1000ddca f   ConEmuPluginBase.obj
 0001:0000cf3b       ?ShowMessage@CPluginBase@@QAEHHH@Z 1000df3b f   ConEmuPluginBase.obj
 0001:0000cf9f       ?ShowMessageBox@CPluginBase@@KAHPB_WI@Z 1000df9f f   ConEmuPluginBase.obj
 0001:0000d033       ?ShowMessageGui@CPluginBase@@QAEHHH@Z 1000e033 f   ConEmuPluginBase.obj
 0001:0000d09b       ?ShowPanelsList@CPluginBase@@QAEXXZ 1000e09b f   ConEmuPluginBase.obj
 0001:0000d19b       ?ShowPluginMenu@CPluginBase@@QAEXW4PluginCallCommands@@@Z 1000e19b f   ConEmuPluginBase.obj
 0001:0000d350       ?ShowProtocolWarning@CPluginBase@@KAXXZ 1000e350 f   ConEmuPluginBase.obj
 0001:0000d490       ?ShowTabsList@CPluginBase@@QAEXXZ 1000e490 f   ConEmuPluginBase.obj
 0001:0000d6b5       ?StartDebugger@CPluginBase@@QAE_NXZ 1000e6b5 f   ConEmuPluginBase.obj
 0001:0000d923       ?StopThread@CPluginBase@@QAEX_N@Z 1000e923 f   ConEmuPluginBase.obj
 0001:0000dae6       ?StorePanelDirs@CPluginBase@@QAE_NPB_W0@Z 1000eae6 f   ConEmuPluginBase.obj
 0001:0000dc02       ?StringCchCatW@@YGJPA_WIPB_W@Z 1000ec02 f i ConEmuPluginBase.obj
 0001:0000dc40       ?StringCchCopyW@@YGJPA_WIPB_W@Z 1000ec40 f i ConEmuPluginBase.obj
 0001:0000dd56       ?SwitchTabCommand@CPluginBase@@QAEXW4PluginMenuCommands@@@Z 1000ed56 f   ConEmuPluginBase.obj
 0001:0000ddce       ?ToOem@CPluginBase@@SAPADPB_W@Z 1000edce f   ConEmuPluginBase.obj
 0001:0000de0c       ?ToOem@CPluginBase@@SAXPB_WPADH@Z 1000ee0c f   ConEmuPluginBase.obj
 0001:0000de33       ?ToUnicode@CPluginBase@@SAPA_WPBD@Z 1000ee33 f   ConEmuPluginBase.obj
 0001:0000de8a       ?TouchReadPeekConsoleInputs@CPluginBase@@SAXH@Z 1000ee8a f   ConEmuPluginBase.obj
 0001:0000dec2       ?UngetDummyMouseEvent@CPluginBase@@SA_N_NPAUHookCallbackArg@@@Z 1000eec2 f   ConEmuPluginBase.obj
 0001:0000e03b       ?UpdateConEmuTabs@CPluginBase@@QAE_N_N@Z 1000f03b f   ConEmuPluginBase.obj
 0001:0000e233       ?UpdatePanelDirs@CPluginBase@@QAEXXZ 1000f233 f   ConEmuPluginBase.obj
 0001:0000e3a1       ?WaitPluginActivation@CPluginBase@@SAKKPAPAXHK@Z 1000f3a1 f   ConEmuPluginBase.obj
 0001:0000e487       ?cmd_CloseQSearch@CPluginBase@@QAEXXZ 1000f487 f   ConEmuPluginBase.obj
 0001:0000e4b1       ?cmd_ConSetFont@CPluginBase@@QAEXPAX@Z 1000f4b1 f   ConEmuPluginBase.obj
 0001:0000e4e3       ?cmd_EMenu@CPluginBase@@QAEXPAX@Z 1000f4e3 f   ConEmuPluginBase.obj
 0001:0000e57e       ?cmd_ExternalCallback@CPluginBase@@QAE_NPAX@Z 1000f57e f   ConEmuPluginBase.obj
 0001:0000e5c1       ?cmd_GuiChanged@CPluginBase@@QAEXPAX@Z 1000f5c1 f   ConEmuPluginBase.obj
 0001:0000e638       ?cmd_LeftClickSync@CPluginBase@@QAEXPAX@Z 1000f638 f   ConEmuPluginBase.obj
 0001:0000e705       ?cmd_OpenEditorLine@CPluginBase@@QAE_NPAUCESERVER_REQ_FAREDITOR@@@Z 1000f705 f   ConEmuPluginBase.obj
 0001:0000e798       ?cmd_RedrawFarCall@CPluginBase@@QAE_NAAPAUCESERVER_REQ@@PAPAU2@@Z 1000f798 f   ConEmuPluginBase.obj
 0001:0000e82c       ?cmd_SetWindow@CPluginBase@@QAE_NPAX_N@Z 1000f82c f   ConEmuPluginBase.obj
 0001:0000e89c       ?isEditorViewer@CPluginBase@@QAE_NXZ 1000f89c f   ConEmuPluginBase.obj
 0001:0000e8ba       ?isMacroActive@CPluginBase@@QAE_NAAH@Z 1000f8ba f   ConEmuPluginBase.obj
 0001:0000e8f2       ?isModalEditorViewer@CPluginBase@@QAE_NXZ 1000f8f2 f   ConEmuPluginBase.obj
 0001:0000e919       ?pcc_Disabled@CPluginBase@@SA_NW4PluginMenuCommands@@@Z 1000f919 f   ConEmuPluginBase.obj
 0001:0000e986       ?pcc_Selected@CPluginBase@@SA_NW4PluginMenuCommands@@@Z 1000f986 f   ConEmuPluginBase.obj
 0001:0000e9d9       _wmemcmp                   1000f9d9 f i ConEmuPluginBase.obj
 0001:0000ea0f       ??0?$MFileMapping@UPanelViewSetMapping@@@@QAE@XZ 1000fa0f f i PluginBackground.obj
 0001:0000ea6c       ??0CPluginBackground@@QAE@XZ 1000fa6c f   PluginBackground.obj
 0001:0000ebdd       ??1CPluginBackground@@QAE@XZ 1000fbdd f   PluginBackground.obj
 0001:0000ed48       ?CheckPanelFolders@CPluginBackground@@IAEXH@Z 1000fd48 f   PluginBackground.obj
 0001:0000edf5       ?GetTo@?$MFileMapping@UPanelViewSetMapping@@@@QAE_NPAUPanelViewSetMapping@@H@Z 1000fdf5 f i PluginBackground.obj
 0001:0000eec6       ?IsParmChanged@CPluginBackground@@IAE_NPAUPaintBackgroundArg@@0@Z 1000fec6 f   PluginBackground.obj
 0001:0000f0e7       ?LoadThSet@CPluginBackground@@IAEHH@Z 100100e7 f   PluginBackground.obj
 0001:0000f25c       ?MonitorBackground@CPluginBackground@@QAEXXZ 1001025c f   PluginBackground.obj
 0001:0000f2b4       ?OnMainThreadActivated@CPluginBackground@@QAEXHH@Z 100102b4 f   PluginBackground.obj
 0001:0000f36e       ?ReallocItems@CPluginBackground@@IAEXH@Z 1001036e f   PluginBackground.obj
 0001:0000f3b8       ?RegisterSubplugin@CPluginBackground@@QAEHPAURegisterBackgroundArg@@@Z 100103b8 f   PluginBackground.obj
 0001:0000f5c7       ?SetDcPanelRect@CPluginBackground@@IAEXPAUtagRECT@@PAUBkPanelInfo@@PAUPaintBackgroundArg@@@Z 100105c7 f   PluginBackground.obj
 0001:0000f6a2       ?SetForceThLoad@CPluginBackground@@QAEXXZ 100106a2 f   PluginBackground.obj
 0001:0000f6b5       ?SetForceUpdate@CPluginBackground@@QAEX_N@Z 100106b5 f   PluginBackground.obj
 0001:0000f6d7       ?UpdateBackground@CPluginBackground@@IAEXXZ 100106d7 f   PluginBackground.obj
 0001:0000fe32       ?UpdateBackground_Exec@CPluginBackground@@KAXPAURegisterBackgroundArg@@PAUPaintBackgroundArg@@@Z 10010e32 f   PluginBackground.obj
 0001:0000fea8       ??$swprintf_c@$09@@YAHAAY09_WPB_WZZ 10010ea8 f i PluginSrv.obj
 0001:0000febe       ??$wcscpy_c@$0BAE@@@YAHAAY0BAE@_WPB_W@Z 10010ebe f i PluginSrv.obj
 0001:0000fed3       ?AllocRequestBuf@PipeInst@?$PipeServer@UCESERVER_REQ@@@@QAEPAUCESERVER_REQ@@K@Z 10010ed3 f i PluginSrv.obj
 0001:0000ff0f       ?DumpError@?$PipeServer@UCESERVER_REQ@@@@IAEXPAUPipeInst@1@PB_WH@Z 10010f0f f i PluginSrv.obj
 0001:0000ffe2       ?PipeServerRead@?$PipeServer@UCESERVER_REQ@@@@IAEHPAUPipeInst@1@@Z 10010fe2 f i PluginSrv.obj
 0001:00010245       ?PipeServerThread@?$PipeServer@UCESERVER_REQ@@@@IAEKPAUPipeInst@1@@Z 10011245 f i PluginSrv.obj
 0001:00010472       ?PipeServerWrite@?$PipeServer@UCESERVER_REQ@@@@IAEHPAUPipeInst@1@PBXKPAKH@Z 10011472 f i PluginSrv.obj
 0001:0001054e       ?PlugServerCommand@@YGHPAXPAUCESERVER_REQ@@AAPAU1@AAK3J@Z 1001154e f   PluginSrv.obj
 0001:000109c5       ?PlugServerFree@@YGXPAUCESERVER_REQ@@J@Z 100119c5 f   PluginSrv.obj
 0001:000109d6       ?PlugServerStart@@YA_NXZ   100119d6 f   PluginSrv.obj
 0001:00010a85       ?PlugServerStop@@YAX_N@Z   10011a85 f   PluginSrv.obj
 0001:00010abe       ?SetMaxCount@?$PipeServer@UCESERVER_REQ@@@@QAEXH@Z 10011abe f i PluginSrv.obj
 0001:00010ae5       ?StartPipeInstance@?$PipeServer@UCESERVER_REQ@@@@IAE_NPAUPipeInst@1@@Z 10011ae5 f i PluginSrv.obj
 0001:00010c14       ?StartPipeServer@?$PipeServer@UCESERVER_REQ@@@@QAE_N_NPB_WJPAU_SECURITY_ATTRIBUTES@@P6GHPAXPAUCESERVER_REQ@@AAPAU3@AAK6J@ZP6GX4J@ZP6GH3J@Z99@Z 10011c14 f i PluginSrv.obj
 0001:00010d46       ?StopPipeServer@?$PipeServer@UCESERVER_REQ@@@@QAEX_NAA_N@Z 10011d46 f i PluginSrv.obj
 0001:0001101f       ?TerminatePipeThread@?$PipeServer@UCESERVER_REQ@@@@KAXAAPAXABUPipeInst@1@AA_N@Z 1001201f f i PluginSrv.obj
 0001:00011075       ?WaitForClient@?$PipeServer@UCESERVER_REQ@@@@IAE_NPAUPipeInst@1@AAH1@Z 10012075 f i PluginSrv.obj
 0001:00011307       ?WaitOverlapped@?$PipeServer@UCESERVER_REQ@@@@IAEHPAUPipeInst@1@PAK@Z 10012307 f i PluginSrv.obj
 0001:00011456       ?WriteDummyAnswer@?$PipeServer@UCESERVER_REQ@@@@IAEHPAUPipeInst@1@@Z 10012456 f i PluginSrv.obj
 0001:000114ae       ?_Disconnect@?$PipeServer@UCESERVER_REQ@@@@IAEXPAUPipeInst@1@_N11@Z 100124ae f i PluginSrv.obj
 0001:00011502       ?_PipeServerThread@?$PipeServer@UCESERVER_REQ@@@@KGKPAX@Z 10012502 f i PluginSrv.obj
 0001:00011549       ?cmd_FarSetChanged@@YAXPAUFAR_REQ_FARSETCHANGED@@@Z 10012549 f   PluginSrv.obj
 0001:00011597       _GetFileVersionInfoSizeW@8 10012597 f   version:VERSION.dll
 0001:0001159d       _GetFileVersionInfoW@16    1001259d f   version:VERSION.dll
 0001:000115a3       _VerQueryValueW@16         100125a3 f   version:VERSION.dll
 0001:000115a9       _CreateToolhelp32Snapshot@8 100125a9 f   kernel32:KERNEL32.dll
 0001:000115af       _Thread32First@8           100125af f   kernel32:KERNEL32.dll
 0001:000115b5       _Thread32Next@8            100125b5 f   kernel32:KERNEL32.dll
 0001:000115bb       _Module32FirstW@8          100125bb f   kernel32:KERNEL32.dll
 0001:000115c1       _Module32NextW@8           100125c1 f   kernel32:KERNEL32.dll
 0001:000115c7       ??2@YAPAXI@Z               100125c7 f   common-kernel32:Memory.obj
 0001:000115e8       ??3@YAXPAX@Z               100125e8 f   common-kernel32:Memory.obj
 0001:000115e8       ??_V@YAXPAX@Z              100125e8 f   common-kernel32:Memory.obj
 0001:000115ed       ??_U@YAPAXI@Z              100125ed f   common-kernel32:Memory.obj
 0001:000115f6       ?HeapDeinitialize@@YAXXZ   100125f6 f   common-kernel32:Memory.obj
 0001:0001164c       ?HeapInitialize@@YA_NXZ    1001264c f   common-kernel32:Memory.obj
 0001:0001167a       ?xf_calloc@@YAPAXII@Z      1001267a f   common-kernel32:Memory.obj
 0001:000116a5       ?xf_free@@YAXPAX@Z         100126a5 f   common-kernel32:Memory.obj
 0001:000116e5       ?xf_malloc@@YAPAXI@Z       100126e5 f   common-kernel32:Memory.obj
 0001:0001170b       ?xf_realloc@@YAPAXPAXI@Z   1001270b f   common-kernel32:Memory.obj
 0001:00011732       ??0?$MFileMapping@UConEmuGuiMapping@@@@QAE@XZ 10012732 f i common-kernel32:ConEmuCheck.obj
 0001:0001178f       ?ExecuteCmd@@YAPAUCESERVER_REQ@@PB_WPAU1@KPAUHWND__@@HKH@Z 1001278f f   common-kernel32:ConEmuCheck.obj
 0001:00011964       ?ExecuteFreeResult@@YAXAAPAUCESERVER_REQ@@@Z 10012964 f   common-kernel32:ConEmuCheck.obj
 0001:0001197c       ?ExecuteGuiCmd@@YAPAUCESERVER_REQ@@PAUHWND__@@PAU1@0H@Z 1001297c f   common-kernel32:ConEmuCheck.obj
 0001:000119fd       ?ExecuteNewCmd@@YAPAUCESERVER_REQ@@KI@Z 100129fd f   common-kernel32:ConEmuCheck.obj
 0001:00011a3b       ?ExecuteNewCmd@@YA_NAAPAUCESERVER_REQ@@AAKKI@Z 10012a3b f   common-kernel32:ConEmuCheck.obj
 0001:00011a99       ?ExecuteOpenPipe@@YAPAXPB_WAAY0CAI@_W0KKHPAXH@Z 10012a99 f   common-kernel32:ConEmuCheck.obj
 0001:00011bd3       ?ExecutePrepareCmd@@YAXPAUCESERVER_REQ@@KI@Z 10012bd3 f   common-kernel32:ConEmuCheck.obj
 0001:00011c0a       ?ExecutePrepareCmd@@YAXPAUCESERVER_REQ_HDR@@KI@Z 10012c0a f   common-kernel32:ConEmuCheck.obj
 0001:00011c72       ?ExecuteSrvCmd@@YAPAUCESERVER_REQ@@KPAU1@PAUHWND__@@HKH@Z 10012c72 f   common-kernel32:ConEmuCheck.obj
 0001:00011d09       ?GetConEmuHWND@@YAPAUHWND__@@H@Z 10012d09 f   common-kernel32:ConEmuCheck.obj
 0001:00011e12       ?GuiMessageBox@@YAHPAUHWND__@@PB_W1H@Z 10012e12 f   common-kernel32:ConEmuCheck.obj
 0001:00011f2f       ?LoadSrvMapping@@YAHPAUHWND__@@AAUCESERVER_CONSOLE_MAPPING_HDR@@@Z 10012f2f f   common-kernel32:ConEmuCheck.obj
 0001:00011fe3       ?ModuleName@@YAPB_WPB_W@Z  10012fe3 f   common-kernel32:ConEmuCheck.obj
 0001:00012079       ?StringCchCopyNW@@YGJPA_WIPB_WI@Z 10013079 f i common-kernel32:ConEmuCheck.obj
 0001:000120c5       ?isConsoleClass@@YA_NPB_W@Z 100130c5 f   common-kernel32:ConEmuCheck.obj
 0001:000120ff       ?isConsoleWindow@@YA_NPAUHWND__@@@Z 100130ff f   common-kernel32:ConEmuCheck.obj
 0001:000121c6       ?myGetConsoleWindow@@YAPAUHWND__@@XZ 100131c6 f   common-kernel32:ConEmuCheck.obj
 0001:0001225b       ?StringCchVPrintfA@@YGJPADIPBD0@Z 1001325b f i common-kernel32:MStrSafe.obj
 0001:000122b0       ?lstrcmpni@@YAHPB_W0H@Z    100132b0 f   common-kernel32:MStrSafe.obj
 0001:0001239b       ?msprintf@@YAPB_WPA_WIPB_WZZ 1001339b f   common-kernel32:MStrSafe.obj
 0001:000123b5       ?mvsprintf@@YAPB_WPA_WIPB_WPAD@Z 100133b5 f   common-kernel32:MStrSafe.obj
 0001:00012818       ?sprintf_c@@YAHPADHPBDZZ   10013818 f   common-kernel32:MStrSafe.obj
 0001:0001283b       ?swprintf_c@@YAHPA_WHPB_WZZ 1001383b f   common-kernel32:MStrSafe.obj
 0001:0001285e       __vsnprintf_l              1001385e f i common-kernel32:MStrSafe.obj
 0001:00012890       ?IsFilePath@@YA_NPB_W_N@Z  10013890 f   common-kernel32:CmdLine.obj
 0001:00012a04       ?PointToExt@@YAPB_WPB_W@Z  10013a04 f   common-kernel32:CmdLine.obj
 0001:00012a22       ?PointToName@@YAPB_WPB_W@Z 10013a22 f   common-kernel32:CmdLine.obj
 0001:00012a64       ?Unquote@@YAPB_WPA_W_N@Z   10013a64 f   common-kernel32:CmdLine.obj
 0001:00012aaf       ??$sprintf_c@$0CI@@@YAHAAY0CI@DPBDZZ 10013aaf f i common-kernel32:WThreads.obj
 0001:00012ac5       ?SetThreadName@@YAXKPAD@Z  10013ac5 f   common-kernel32:WThreads.obj
 0001:00012b1e       ?apiCreateThread@@YAPAXP6GKPAX@Z0PAKPBDH@Z 10013b1e f   common-kernel32:WThreads.obj
 0001:00012c16       ?apiTerminateThreadEx@@YAHPAXKPBDH@Z 10013c16 f   common-kernel32:WThreads.obj
 0001:00012cea       ?apiThreadHelper@@YGKPAX@Z 10013cea f   common-kernel32:WThreads.obj
 0001:00012e76       ?lstrdup@@YAPA_WPB_WI@Z    10013e76 f   common-kernel32:MStrDup.obj
 0001:00012ec2       ?lstrmerge@@YAPA_WPB_W00000000@Z 10013ec2 f   common-kernel32:MStrDup.obj
 0001:00012fbc       ?lstrmerge@@YA_NPAPA_WPB_W1111111@Z 10013fbc f   common-kernel32:MStrDup.obj
 0001:00013005       ??0CEStr@@QAE@$$QAPA_W@Z   10014005 f   common-kernel32:CEStr.obj
 0001:00013021       ??0CEStr@@QAE@$$QAU0@@Z    10014021 f   common-kernel32:CEStr.obj
 0001:0001304a       ??0CEStr@@QAE@PB_W00000000@Z 1001404a f   common-kernel32:CEStr.obj
 0001:0001308f       ??0CEStr@@QAE@XZ           1001408f f   common-kernel32:CEStr.obj
 0001:00013099       ??0bad_alloc@stdext@@QAE@ABV01@@Z 10014099 f i common-kernel32:CEStr.obj
 0001:000130b7       ??0bad_alloc@stdext@@QAE@XZ 100140b7 f i common-kernel32:CEStr.obj
 0001:000130c7       ??0exception@stdext@@QAE@ABV01@@Z 100140c7 f i common-kernel32:CEStr.obj
 0001:000130df       ??1CEStr@@QAE@XZ           100140df f   common-kernel32:CEStr.obj
 0001:000130e4       ??1bad_alloc@stdext@@UAE@XZ 100140e4 f i common-kernel32:CEStr.obj
 0001:000130eb       ??4CEStr@@QAEAAU0@$$QAU0@@Z 100140eb f   common-kernel32:CEStr.obj
 0001:00013120       ??4CEStr@@QAEAAU0@PB_W@Z   10014120 f   common-kernel32:CEStr.obj
 0001:0001313c       ??BCEStr@@QBEPB_WXZ        1001413c f   common-kernel32:CEStr.obj
 0001:0001313c       ?data@CEStr@@QBEPA_WXZ     1001413c f   common-kernel32:CEStr.obj
 0001:0001313f       ??BCEStr@@QBE_NXZ          1001413f f   common-kernel32:CEStr.obj
 0001:00013147       ??_Gbad_alloc@stdext@@UAEPAXI@Z 10014147 f i common-kernel32:CEStr.obj
 0001:00013147       ??_Gexception@stdext@@UAEPAXI@Z 10014147 f i common-kernel32:CEStr.obj
 0001:00013147       ??_Ebad_alloc@stdext@@UAEPAXI@Z 10014147 f i common-kernel32:CEStr.obj
 0001:00013147       ??_Eexception@stdext@@UAEPAXI@Z 10014147 f i common-kernel32:CEStr.obj
 0001:0001316a       ?AttachInt@CEStr@@AAEPB_WAAPA_W@Z 1001416a f   common-kernel32:CEStr.obj
 0001:000131cd       ?Clear@CEStr@@QAEXXZ       100141cd f   common-kernel32:CEStr.obj
 0001:000131db       ?Compare@CEStr@@QBEHPB_W_N@Z 100141db f   common-kernel32:CEStr.obj
 0001:00013216       ?Detach@CEStr@@QAEPA_WXZ   10014216 f   common-kernel32:CEStr.obj
 0001:00013220       ?GetBuffer@CEStr@@QAEPA_WH@Z 10014220 f   common-kernel32:CEStr.obj
 0001:000132b2       ?GetLen@CEStr@@QBEHXZ      100142b2 f   common-kernel32:CEStr.obj
 0001:000132dc       ?GetMaxCount@CEStr@@QAEHXZ 100142dc f   common-kernel32:CEStr.obj
 0001:000132f8       ?IsEmpty@CEStr@@QBE_NXZ    100142f8 f   common-kernel32:CEStr.obj
 0001:00013308       ?Release@CEStr@@QAEXXZ     10014308 f   common-kernel32:CEStr.obj
 0001:0001331d       ?Set@CEStr@@QAEPB_WPB_WH@Z 1001431d f   common-kernel32:CEStr.obj
 0001:000133e2       ?SetAt@CEStr@@QAE_WH_W@Z   100143e2 f   common-kernel32:CEStr.obj
 0001:00013418       ?_Doraise@bad_alloc@stdext@@MBEXXZ 10014418 f i common-kernel32:CEStr.obj
 0001:00013425       ?c_str@CEStr@@QBEPB_WPB_W@Z 10014425 f   common-kernel32:CEStr.obj
 0001:00013435       ?what@exception@stdext@@UBEPBDXZ 10014435 f i common-kernel32:CEStr.obj
 0001:00013650       ??0CEnvStrings@@QAE@PA_W@Z 10014650 f   common-kernel32:EnvVar.obj
 0001:000136ae       ??1CEnvStrings@@QAE@XZ     100146ae f   common-kernel32:EnvVar.obj
 0001:000136c3       ?Clear@CEnvRestorer@@QAEXXZ 100146c3 f   common-kernel32:EnvVar.obj
 0001:000136da       ?ExpandEnvStr@@YA?AUCEStr@@PB_W@Z 100146da f   common-kernel32:EnvVar.obj
 0001:000136fb       ?GetEnvVar@@YA?AUCEStr@@PB_W@Z 100146fb f   common-kernel32:EnvVar.obj
 0001:00013717       ?SavePathVar@CEnvRestorer@@QAEXPB_W@Z 10014717 f   common-kernel32:EnvVar.obj
 0001:00013743       ?CommonShutdown@@YAXXZ     10014743 f   common-kernel32:Common.obj
 0001:00013752       ?GetCommand@CESERVER_REQ_NEWCMD@@QAEPA_WXZ 10014752 f   common-kernel32:Common.obj
 0001:0001376b       ?GetEnvStrings@CESERVER_REQ_NEWCMD@@QAEPA_WXZ 1001476b f   common-kernel32:Common.obj
 0001:00013788       ?IsEnvBlockVariableValid@@YA_NPB_W@Z 10014788 f   common-kernel32:Common.obj
 0001:000137b4       ?IsEnvBlockVariableValid@@YA_NPB_WAAPB_W@Z 100147b4 f   common-kernel32:Common.obj
 0001:000137ea       ?SetCommand@CESERVER_REQ_NEWCMD@@QAEXPB_W@Z 100147ea f   common-kernel32:Common.obj
 0001:00013836       ?SetEnvStrings@CESERVER_REQ_NEWCMD@@QAEXPB_WK@Z 10014836 f   common-kernel32:Common.obj
 0001:00013902       ??0MNullDesc@@QAE@XZ       10014902 f i common-kernel32:MSecurity.obj
 0001:00013924       ??1MNullDesc@@QAE@XZ       10014924 f i common-kernel32:MSecurity.obj
 0001:0001395c       ?LoadAdvApi@MNullDesc@@IAEHXZ 1001495c f i common-kernel32:MSecurity.obj
 0001:00013a34       ?LocalSecurity@@YAPAU_SECURITY_ATTRIBUTES@@XZ 10014a34 f   common-kernel32:MSecurity.obj
 0001:00013a60       ?LocalSecurity@MNullDesc@@QAEPAU_SECURITY_ATTRIBUTES@@XZ 10014a60 f i common-kernel32:MSecurity.obj
 0001:00013b7d       ?ShutdownSecurity@@YAXXZ   10014b7d f   common-kernel32:MSecurity.obj
 0001:00013ba2       ?UnloadAdvApi@MNullDesc@@IAEXXZ 10014ba2 f i common-kernel32:MSecurity.obj
 0001:00013bba       ??$?0P6GHPAX@ZX@?$function@$$A6AXPAX@Z@std@@QAE@P6GHPAX@Z@Z 10014bba f i common-kernel32:WObjects.obj
 0001:00013bda       ??$GetProcAddress@$$A6GHPAU_OSVERSIONINFOEXW@@K_K@Z@MModule@@QBE_NQBDAAP6GHPAU_OSVERSIONINFOEXW@@K_K@Z@Z 10014bda f i common-kernel32:WObjects.obj
 0001:00013c17       ??0MHandle@@QAE@PAXV?$function@$$A6AXPAX@Z@std@@@Z 10014c17 f i common-kernel32:WObjects.obj
 0001:00013c41       ??R?$_Func_class@XPAX@std@@QBEXPAX@Z 10014c41 f i common-kernel32:WObjects.obj
 0001:00013c5e       ?Close@MHandle@@QAEXXZ     10014c5e f i common-kernel32:WObjects.obj
 0001:00013c8b       ?FileExists@@YA_NPB_WPA_K@Z 10014c8b f   common-kernel32:WObjects.obj
 0001:00013e73       ?IsWin6@@YA_NXZ            10014e73 f   common-kernel32:WObjects.obj
 0001:00013ea1       ?IsWin7@@YA_NXZ            10014ea1 f   common-kernel32:WObjects.obj
 0001:00013ecf       ?IsWinVerOrHigher@@YA_NG@Z 10014ecf f   common-kernel32:WObjects.obj
 0001:00013f4c       ?IsWindows64@@YA_NXZ       10014f4c f   common-kernel32:WObjects.obj
 0001:00013fbc       ?MakeOsVersionEx@@YA?AU_OSVERSIONINFOEXW@@KK@Z 10014fbc f   common-kernel32:WObjects.obj
 0001:00013fed       ?SetHandle@MHandle@@QAE_NPAXV?$function@$$A6AXPAX@Z@std@@@Z 10014fed f i common-kernel32:WObjects.obj
 0001:00014041       ?_Move@?$_Func_impl_no_alloc@P6GHPAX@ZXPAX@std@@EAEPAV?$_Func_base@XPAX@2@PAX@Z 10015041 f i common-kernel32:WObjects.obj
 0001:00014041       ?_Copy@?$_Func_impl_no_alloc@P6GHPAX@ZXPAX@std@@EBEPAV?$_Func_base@XPAX@2@PAX@Z 10015041 f i common-kernel32:WObjects.obj
 0001:00014057       ?_Delete_this@?$_Func_impl_no_alloc@P6GHPAX@ZXPAX@std@@EAEX_N@Z 10015057 f i common-kernel32:WObjects.obj
 0001:00014057       ?_Delete_this@?$_Func_impl_no_alloc@V<lambda_9e7323793ed24b1a5fadb4d27ba29021>@@_NABUtagPROCESSENTRY32W@@@std@@EAEX_N@Z 10015057 f i common-kernel32:MProcess.obj
 0001:0001406e       ?_Do_call@?$_Func_impl_no_alloc@P6GHPAX@ZXPAX@std@@EAEX$$QAPAX@Z 1001506e f i common-kernel32:WObjects.obj
 0001:0001407d       ?_Get@?$_Func_impl_no_alloc@V<lambda_9e7323793ed24b1a5fadb4d27ba29021>@@_NABUtagPROCESSENTRY32W@@@std@@EBEPBXXZ 1001507d f i common-kernel32:MProcess.obj
 0001:0001407d       ?_Get@?$_Func_impl_no_alloc@P6GHPAX@ZXPAX@std@@EBEPBXXZ 1001507d f i common-kernel32:WObjects.obj
 0001:00014081       ?_Reset_move@?$_Func_class@XPAX@std@@IAEX$$QAV12@@Z 10015081 f i common-kernel32:WObjects.obj
 0001:000140b5       ?_Target_type@?$_Func_impl_no_alloc@P6GHPAX@ZXPAX@std@@EBEABVtype_info@@XZ 100150b5 f i common-kernel32:WObjects.obj
 0001:000140bb       ?_Tidy@?$_Func_class@XPAX@std@@IAEXXZ 100150bb f i common-kernel32:WObjects.obj
 0001:000140bb       ?_Tidy@?$_Func_class@_NABUtagPROCESSENTRY32W@@@std@@IAEXXZ 100150bb f i common-kernel32:MProcess.obj
 0001:000140d9       ?_VerifyVersionInfo@@YA_NPAU_OSVERSIONINFOEXW@@K_K@Z 100150d9 f   common-kernel32:WObjects.obj
 0001:00014153       ?Init@HkFunc@@QAE_NPB_WPAUHINSTANCE__@@@Z 10015153 f   common-kernel32:HkFunc.obj
 0001:000141b1       ?isConEmuHk@HkFunc@@QAE_NXZ 100151b1 f   common-kernel32:HkFunc.obj
 0001:000141b8       ??$_Emplace_reallocate@ABUtagPROCESSENTRY32W@@@?$vector@UtagPROCESSENTRY32W@@V?$MArrayAllocator@UtagPROCESSENTRY32W@@@@@std@@QAEPAUtagPROCESSENTRY32W@@QAU2@ABU2@@Z 100151b8 f i common-kernel32:MProcess.obj
 0001:0001427b       ??$emplace_back@ABUtagPROCESSENTRY32W@@@?$vector@UtagPROCESSENTRY32W@@V?$MArrayAllocator@UtagPROCESSENTRY32W@@@@@std@@QAEXABUtagPROCESSENTRY32W@@@Z 1001527b f i common-kernel32:MProcess.obj
 0001:000142ae       ??0?$MToolHelp@UtagPROCESSENTRY32W@@$1?Process32FirstW@@YGHPAXPAU1@@Z$1?Process32NextW@@YGH01@Z@@QAE@KK@Z 100152ae f i common-kernel32:MProcess.obj
 0001:0001431c       ??1?$MToolHelp@UtagPROCESSENTRY32W@@$1?Process32FirstW@@YGHPAXPAU1@@Z$1?Process32NextW@@YGH01@Z@@UAE@XZ 1001531c f i common-kernel32:MProcess.obj
 0001:00014336       ??_GMToolHelpProcess@@UAEPAXI@Z 10015336 f i common-kernel32:MProcess.obj
 0001:00014336       ??_E?$MToolHelp@UtagPROCESSENTRY32W@@$1?Process32FirstW@@YGHPAXPAU1@@Z$1?Process32NextW@@YGH01@Z@@UAEPAXI@Z 10015336 f i common-kernel32:MProcess.obj
 0001:00014336       ??_EMToolHelpProcess@@UAEPAXI@Z 10015336 f i common-kernel32:MProcess.obj
 0001:00014336       ??_G?$MToolHelp@UtagPROCESSENTRY32W@@$1?Process32FirstW@@YGHPAXPAU1@@Z$1?Process32NextW@@YGH01@Z@@UAEPAXI@Z 10015336 f i common-kernel32:MProcess.obj
 0001:0001435b       ?Close@?$MToolHelp@UtagPROCESSENTRY32W@@$1?Process32FirstW@@YGHPAXPAU1@@Z$1?Process32NextW@@YGH01@Z@@QAEXXZ 1001535b f i common-kernel32:MProcess.obj
 0001:000143c8       ?Filter@?$MToolHelp@UtagPROCESSENTRY32W@@$1?Process32FirstW@@YGHPAXPAU1@@Z$1?Process32NextW@@YGH01@Z@@MAE_NABUtagPROCESSENTRY32W@@@Z 100153c8 f i common-kernel32:MProcess.obj
 0001:000143cd       ?Find@?$MToolHelp@UtagPROCESSENTRY32W@@$1?Process32FirstW@@YGHPAXPAU1@@Z$1?Process32NextW@@YGH01@Z@@QAE_NABV?$function@$$A6A_NABUtagPROCESSENTRY32W@@@Z@std@@AAUtagPROCESSENTRY32W@@@Z 100153cd f i common-kernel32:MProcess.obj
 0001:00014467       ?Find@MToolHelpProcess@@QAE_NKAAUtagPROCESSENTRY32W@@@Z 10015467 f i common-kernel32:MProcess.obj
 0001:000144b0       ?Next@?$MToolHelp@UtagPROCESSENTRY32W@@$1?Process32FirstW@@YGHPAXPAU1@@Z$1?Process32NextW@@YGH01@Z@@QAE_NAAUtagPROCESSENTRY32W@@@Z 100154b0 f i common-kernel32:MProcess.obj
 0001:00014508       ?Open@?$MToolHelp@UtagPROCESSENTRY32W@@$1?Process32FirstW@@YGHPAXPAU1@@Z$1?Process32NextW@@YGH01@Z@@QAE_NXZ 10015508 f i common-kernel32:MProcess.obj
 0001:00014567       ?_Calculate_growth@?$vector@UtagPROCESSENTRY32W@@V?$MArrayAllocator@UtagPROCESSENTRY32W@@@@@std@@ABEII@Z 10015567 f i common-kernel32:MProcess.obj
 0001:00014594       ?_Change_array@?$vector@UtagPROCESSENTRY32W@@V?$MArrayAllocator@UtagPROCESSENTRY32W@@@@@std@@AAEXQAUtagPROCESSENTRY32W@@II@Z 10015594 f i common-kernel32:MProcess.obj
 0001:000145c9       ?_Copy@?$_Func_impl_no_alloc@V<lambda_9e7323793ed24b1a5fadb4d27ba29021>@@_NABUtagPROCESSENTRY32W@@@std@@EBEPAV?$_Func_base@_NABUtagPROCESSENTRY32W@@@2@PAX@Z 100155c9 f i common-kernel32:MProcess.obj
 0001:000145c9       ?_Move@?$_Func_impl_no_alloc@V<lambda_9e7323793ed24b1a5fadb4d27ba29021>@@_NABUtagPROCESSENTRY32W@@@std@@EAEPAV?$_Func_base@_NABUtagPROCESSENTRY32W@@@2@PAX@Z 100155c9 f i common-kernel32:MProcess.obj
 0001:000145df       ?_Do_call@?$_Func_impl_no_alloc@V<lambda_9e7323793ed24b1a5fadb4d27ba29021>@@_NABUtagPROCESSENTRY32W@@@std@@EAE_NABUtagPROCESSENTRY32W@@@Z 100155df f i common-kernel32:MProcess.obj
 0001:000145f2       ?_Target_type@?$_Func_impl_no_alloc@V<lambda_9e7323793ed24b1a5fadb4d27ba29021>@@_NABUtagPROCESSENTRY32W@@@std@@EBEABVtype_info@@XZ 100155f2 f i common-kernel32:MProcess.obj
 0001:000145f8       ?_Tidy@?$vector@UtagPROCESSENTRY32W@@V?$MArrayAllocator@UtagPROCESSENTRY32W@@@@@std@@AAEXXZ 100155f8 f i common-kernel32:MProcess.obj
 0001:00014614       ?allocate@?$MArrayAllocator@UtagPROCESSENTRY32W@@@@QAEPAUtagPROCESSENTRY32W@@I@Z 10015614 f i common-kernel32:MProcess.obj
 0001:00014646       ?getNext@?$MToolHelp@UtagPROCESSENTRY32W@@$1?Process32FirstW@@YGHPAXPAU1@@Z$1?Process32NextW@@YGH01@Z@@IAE_NXZ 10015646 f i common-kernel32:MProcess.obj
 0001:000146c7       ?isTerminalMode@@YA_NXZ    100156c7 f   common-kernel32:MProcess.obj
 0001:000147ba       ?push_back@?$MArray@UtagPROCESSENTRY32W@@@@QAEHABUtagPROCESSENTRY32W@@@Z 100157ba f i common-kernel32:MProcess.obj
 0001:000147dc       ?swap@?$vector@UtagPROCESSENTRY32W@@V?$MArrayAllocator@UtagPROCESSENTRY32W@@@@@std@@QAEXAAV12@@Z 100157dc f i common-kernel32:MProcess.obj
 0001:00014810       ??0MSection@@QAE@XZ        10015810 f   common-kernel32:MSection.obj
 0001:0001486f       ??0MSectionLock@@QAE@XZ    1001586f f   common-kernel32:MSection.obj
 0001:0001487c       ??0MSectionThread@@QAE@PAVMSection@@@Z 1001587c f   common-kernel32:MSection.obj
 0001:00014897       ??1MSection@@QAE@XZ        10015897 f   common-kernel32:MSection.obj
 0001:000148f1       ??1MSectionLock@@QAE@XZ    100158f1 f   common-kernel32:MSection.obj
 0001:0001490a       ??1MSectionThread@@QAE@XZ  1001590a f   common-kernel32:MSection.obj
 0001:00014920       ?AddRef@MSection@@IAEXK@Z  10015920 f   common-kernel32:MSection.obj
 0001:00014989       ?Lock@MSection@@IAEHHK@Z   10015989 f   common-kernel32:MSection.obj
 0001:00014a4f       ?Lock@MSectionLock@@QAEHPAVMSection@@HK@Z 10015a4f f   common-kernel32:MSection.obj
 0001:00014a9a       ?MyEnterCriticalSection@MSection@@IAE_NK@Z 10015a9a f   common-kernel32:MSection.obj
 0001:00014b82       ?ReleaseRef@MSection@@IAEHK@Z 10015b82 f   common-kernel32:MSection.obj
 0001:00014bef       ?ThreadTerminated@MSection@@QAEXK@Z 10015bef f   common-kernel32:MSection.obj
 0001:00014c15       ?Unlock@MSection@@IAEXH@Z  10015c15 f   common-kernel32:MSection.obj
 0001:00014c53       ?Unlock@MSectionLock@@QAEXXZ 10015c53 f   common-kernel32:MSection.obj
 0001:00014c70       ?WaitUnlocked@MSection@@IAEXKK@Z 10015c70 f   common-kernel32:MSection.obj
 0001:00014ccb       ?CheckCallbackPtr@@YA_NPAUHINSTANCE__@@IPAP6GHXZHHH@Z 10015ccb f   common-kernel32:WModuleCheck.obj
 0001:00014d98       ?IsModuleValid@@YA_NPAUHINSTANCE__@@H@Z 10015d98 f   common-kernel32:WModuleCheck.obj
 0001:00014e70       ??0MModule@@QAE@PAUHINSTANCE__@@@Z 10015e70 f   common-kernel32:MModule.obj
 0001:00014e86       ??1MModule@@QAE@XZ         10015e86 f   common-kernel32:MModule.obj
 0001:00014e8b       ?Free@MModule@@QAEXXZ      10015e8b f   common-kernel32:MModule.obj
 0001:00014eb6       ??0MSectionSimple@@QAE@_N@Z 10015eb6 f   common-kernel32:MSectionSimple.obj
 0001:00014ee0       ??1MSectionSimple@@QAE@XZ  10015ee0 f   common-kernel32:MSectionSimple.obj
 0001:00014ee5       ?Close@MSectionSimple@@QAEXXZ 10015ee5 f   common-kernel32:MSectionSimple.obj
 0001:00014efb       ?Enter@MSectionSimple@@QAEXXZ 10015efb f   common-kernel32:MSectionSimple.obj
 0001:00014f03       ?Init@MSectionSimple@@QAEXXZ 10015f03 f   common-kernel32:MSectionSimple.obj
 0001:00014f19       ?Leave@MSectionSimple@@QAEXXZ 10015f19 f   common-kernel32:MSectionSimple.obj
 0001:00014f21       ?RecreateAndLock@MSectionSimple@@QAE_NXZ 10015f21 f   common-kernel32:MSectionSimple.obj
 0001:00014f68       ?TryEnter@MSectionSimple@@QAE_NXZ 10015f68 f   common-kernel32:MSectionSimple.obj
 0001:00014f87       ?SetConEmuEnvHWND@@YAXPB_WPAUHWND__@@@Z 10015f87 f   common-user32:SetEnvVar.obj
 0001:00014fd2       ?SetConEmuEnvVar@@YAXPAUHWND__@@@Z 10015fd2 f   common-user32:SetEnvVar.obj
 0001:0001503c       ?SetConEmuEnvVarChild@@YAXPAUHWND__@@0@Z 1001603c f   common-user32:SetEnvVar.obj
 0001:0001505e       ??$wcscpy_add@$0BAF@@@YAHPA_WAAY0BAF@_WPB_W@Z 1001605e f i common-user32:ConEmuCheckEx.obj
 0001:0001508b       ??$wcscpy_c@$0BAF@@@YAHAAY0BAF@_WPB_W@Z 1001608b f i common-user32:ConEmuCheckEx.obj
 0001:000150a0       ?FindConEmuBaseDir@@YAHAAY0BAF@_W0PAUHINSTANCE__@@@Z 100160a0 f   common-user32:ConEmuCheckEx.obj
 0001:00015546       ?IsConEmuExeExist@@YAHPB_WAAY0BAF@_W@Z 10016546 f   common-user32:ConEmuCheckEx.obj
 0001:000155bd       ??$swprintf_c@$0FA@@@YAHAAY0FA@_WPB_WZZ 100165bd f i common-user32:EmergencyShow.obj
 0001:000155d3       ?CorrectConsolePos@@YAXPAUHWND__@@@Z 100165d3 f   common-user32:EmergencyShow.obj
 0001:000156a8       ?EmergencyShow@@YAXPAUHWND__@@HH@Z 100166a8 f   common-user32:EmergencyShow.obj
 0001:00015799       ?EvaluateDefaultFontWidth@@YAHHPB_W@Z 10016799 f   common-user32:EmergencyShow.obj
 0001:00015889       ?SetUserFriendlyFont@@YAXPAUHWND__@@HH@Z 10016889 f   common-user32:EmergencyShow.obj
 0001:00015bb9       ??0MSetter@@QAE@PAJ@Z      10016bb9 f   common-user32:MSetter.obj
 0001:00015bdd       ??1MSetter@@QAE@XZ         10016bdd f   common-user32:MSetter.obj
 0001:00015be2       ?Unlock@MSetter@@QAEXXZ    10016be2 f   common-user32:MSetter.obj
 0001:00015c3d       ?IsDotsName@@YA_NPB_W@Z    10016c3d f   common-user32:WFiles.obj
 0001:00015c6d       ?SearchAppPaths@@YA_NPB_WAAUCEStr@@_NPAVCEnvRestorer@@@Z 10016c6d f   common-user32:WFiles.obj
 0001:00016067       ??1ConsoleSectionHelper@@QAE@XZ 10017067 f i common-user32:WConsoleEx.obj
 0001:0001608f       ?CreateConsoleData@ConsoleSectionHelper@@QAEPAUCONSOLE_INFO@@XZ 1001708f f i common-user32:WConsoleEx.obj
 0001:000160b4       ?CreateConsoleSection@ConsoleSectionHelper@@QAEPAXXZ 100170b4 f i common-user32:WConsoleEx.obj
 0001:000160d5       ?GetConsoleSizeInfo@@YAXPAUCONSOLE_INFO@@@Z 100170d5 f   common-user32:WConsoleEx.obj
 0001:00016147       ?SetConsoleFontSizeTo@@YAXPAUHWND__@@HHPB_WGG@Z 10017147 f   common-user32:WConsoleEx.obj
 0001:00016464       ?SetConsoleInfo@@YAHPAUHWND__@@PAUCONSOLE_INFO@@@Z 10017464 f   common-user32:WConsoleEx.obj
 0001:0001663c       ?SetEnvVarExpanded@@YAXPB_W0@Z 1001763c f   common-user32:WUser.obj
 0001:000166e8       ?UpdateComspec@@YAXPAUConEmuComspec@@_N@Z 100176e8 f   common-user32:WUser.obj
 0001:0001697b       ?apiShowWindow@@YA_NPAUHWND__@@H@Z 1001797b f   common-user32:WUser.obj
 0001:00016991       ?apiShowWindowAsync@@YA_NPAUHWND__@@H@Z 10017991 f   common-user32:WUser.obj
 0001:000169a7       ?RegGetStringValue@@YAHPAUHKEY__@@PB_W1AAUCEStr@@K@Z 100179a7 f   common-user32:WRegistry.obj
 0001:00016b01       ?FindMonitorsWorkspace@@YGHPAUHMONITOR__@@PAUHDC__@@PAUtagRECT@@J@Z 10017b01 f   common-user32:Monitors.obj
 0001:00016b3a       ?GetAllMonitorsWorkspace@@YA?AUtagRECT@@XZ 10017b3a f   common-user32:Monitors.obj
 0001:00016b8a       ??0bad_function_call@std@@QAE@ABV01@@Z 10017b8a f i libcpmt:xthrow.obj
 0001:00016ba5       ??0bad_function_call@std@@QAE@XZ 10017ba5 f i libcpmt:xthrow.obj
 0001:00016bb6       ??0exception@std@@QAE@QBD@Z 10017bb6 f i libcpmt:xthrow.obj
 0001:00016beb       ??0length_error@std@@QAE@ABV01@@Z 10017beb f i libcpmt:xthrow.obj
 0001:00016c06       ??0length_error@std@@QAE@PBD@Z 10017c06 f i libcpmt:xthrow.obj
 0001:00016c25       ??0logic_error@std@@QAE@ABV01@@Z 10017c25 f i libcpmt:xthrow.obj
 0001:00016c40       ?_Xbad_function_call@std@@YAXXZ 10017c40 f   libcpmt:xthrow.obj
 0001:00016c5d       ?_Xlength_error@std@@YAXPBD@Z 10017c5d f   libcpmt:xthrow.obj
 0001:00016c7d       ?what@bad_function_call@std@@UBEPBDXZ 10017c7d f i libcpmt:xthrow.obj
 0001:00016c83       @__security_check_cookie@4 10017c83 f   LIBCMT:secchk.obj
 0001:00016c94       ??3@YAXPAXI@Z              10017c94 f   LIBCMT:delete_scalar_size.obj
 0001:00016ca2       __EH_epilog3               10017ca2 f   LIBCMT:ehprolg3.obj
 0001:00016cb7       __EH_epilog3_GS            10017cb7 f   LIBCMT:ehprolg3.obj
 0001:00016cc8       __EH_prolog3               10017cc8 f   LIBCMT:ehprolg3.obj
 0001:00016cfc       __EH_prolog3_GS            10017cfc f   LIBCMT:ehprolg3.obj
 0001:00016d33       __EH_prolog3_catch         10017d33 f   LIBCMT:ehprolg3.obj
 0001:00016d70       __chkstk                   10017d70 f   LIBCMT:chkstk.obj
 0001:00016d70       __alloca_probe             10017d70 f   LIBCMT:chkstk.obj
 0001:00016da0       __aullshr                  10017da0 f   LIBCMT:ullshr.obj
 0001:00016dbf       ??_Etype_info@@UAEPAXI@Z   10017dbf f i LIBCMT:std_type_info_static.obj
 0001:00016dbf       ??_Gtype_info@@UAEPAXI@Z   10017dbf f i LIBCMT:std_type_info_static.obj
 0001:00016e09       ??$__crt_fast_encode_pointer@P6GHPAU_RTL_CONDITION_VARIABLE@@PAU_RTL_CRITICAL_SECTION@@K@Z@@YAP6GHPAU_RTL_CONDITION_VARIABLE@@PAU_RTL_CRITICAL_SECTION@@K@ZQ6GH01K@Z@Z 10017e09 f i LIBCMT:thread_safe_statics.obj
 0001:00016e09       ??$__crt_fast_encode_pointer@PAP6AXXZ@@YAPAP6AXXZQAP6AXXZ@Z 10017e09 f i LIBCMT:utility.obj
 0001:00016e09       ??$__crt_fast_encode_pointer@PAX@@YAPAXQAX@Z 10017e09 f i libvcruntime:winapi_downlevel.obj
 0001:00016e09       ??$__crt_fast_encode_pointer@P6GXPAU_RTL_CONDITION_VARIABLE@@@Z@@YAP6GXPAU_RTL_CONDITION_VARIABLE@@@ZQ6GX0@Z@Z 10017e09 f i LIBCMT:thread_safe_statics.obj
 0001:00016f31       __Init_thread_footer       10017f31 f   LIBCMT:thread_safe_statics.obj
 0001:00016f7b       __Init_thread_header       10017f7b f   LIBCMT:thread_safe_statics.obj
 0001:00016fcf       __Init_thread_notify       10017fcf f   LIBCMT:thread_safe_statics.obj
 0001:00017011       __Init_thread_wait         10018011 f   LIBCMT:thread_safe_statics.obj
 0001:00017080       __SEH_prolog4              10018080 f   LIBCMT:sehprolg4.obj
 0001:000170c6       __SEH_epilog4              100180c6 f   LIBCMT:sehprolg4.obj
 0001:000173fb       __DllMainCRTStartup@12     100183fb f   LIBCMT:dll_dllmain.obj
 0001:00017462       ___scrt_acquire_startup_lock 10018462 f   LIBCMT:utility.obj
 0001:00017494       ___scrt_dllmain_after_initialize_c 10018494 f   LIBCMT:utility.obj
 0001:000174bf       ___scrt_dllmain_before_initialize_c 100184bf f   LIBCMT:utility.obj
 0001:000174cd       ___scrt_dllmain_crt_thread_attach 100184cd f   LIBCMT:utility.obj
 0001:000174ec       ___scrt_dllmain_crt_thread_detach 100184ec f   LIBCMT:utility.obj
 0001:000174f9       ___scrt_dllmain_exception_filter 100184f9 f   LIBCMT:utility.obj
 0001:0001752d       ___scrt_dllmain_uninitialize_c 1001852d f   LIBCMT:utility.obj
 0001:00017550       ___scrt_dllmain_uninitialize_critical 10018550 f   LIBCMT:utility.obj
 0001:0001755d       ___scrt_initialize_crt     1001855d f   LIBCMT:utility.obj
 0001:00017596       ___scrt_initialize_onexit_tables 10018596 f   LIBCMT:utility.obj
 0001:0001763b       ___scrt_is_nonwritable_in_current_image 1001863b f   LIBCMT:utility.obj
 0001:000176cf       ___scrt_release_startup_lock 100186cf f   LIBCMT:utility.obj
 0001:000176ec       ___scrt_uninitialize_crt   100186ec f   LIBCMT:utility.obj
 0001:00017714       __onexit                   10018714 f   LIBCMT:utility.obj
 0001:0001774f       _atexit                    1001874f f   LIBCMT:utility.obj
 0001:00017764       ___raise_securityfailure   10018764 f   LIBCMT:gs_report.obj
 0001:0001778c       ___report_gsfailure        1001878c f   LIBCMT:gs_report.obj
 0001:00017885       ___scrt_fastfail           10018885 f   LIBCMT:utility_desktop.obj
 0001:0001799f       __crt_debugger_hook        1001899f f   LIBCMT:utility_desktop.obj
 0001:000179f4       ___security_init_cookie    100189f4 f   LIBCMT:gs_support.obj
 0001:00017a3f       ?__scrt_initialize_type_info@@YAXXZ 10018a3f f   LIBCMT:tncleanup.obj
 0001:00017a4b       ?__scrt_uninitialize_type_info@@YAXXZ 10018a4b f   LIBCMT:tncleanup.obj
 0001:00017a57       ___local_stdio_scanf_options 10018a57 f i LIBCMT:default_local_stdio_options.obj
 0001:00017a5d       ___scrt_initialize_default_local_stdio_options 10018a5d f   LIBCMT:default_local_stdio_options.obj
 0001:00017a7a       ___scrt_get_dyn_tls_init_callback 10018a7a f   LIBCMT:dyn_tls_init.obj
 0001:00017a80       __RTC_Initialize           10018a80 f   LIBCMT:initsect.obj
 0001:00017aac       __RTC_Terminate            10018aac f   LIBCMT:initsect.obj
 0001:00017ad8       ___isa_available_init      10018ad8 f   LIBCMT:cpu_disp.obj
 0001:00017c6f       ___scrt_is_ucrt_dll_in_use 10018c6f f   LIBCMT:ucrt_detection.obj
 0001:00017c7b       ?GetRangeOfTrysToCheck@__FrameHandler3@@SA?AU?$pair@Viterator@TryBlockMap@__FrameHandler3@@V123@@std@@AAVTryBlockMap@1@HH@Z 10018c7b f   libvcruntime:trnsctrl.obj
 0001:00017cfd       ?_CallCatchBlock2@@YAPAXPAUEHRegistrationNode@@PBU_s_FuncInfo@@PAXHK@Z 10018cfd f   libvcruntime:trnsctrl.obj
 0001:00017d5b       ?_CallSETranslator@@YAHPAUEHExceptionRecord@@PAUEHRegistrationNode@@PAX2PBU_s_FuncInfo@@H1@Z 10018d5b f   libvcruntime:trnsctrl.obj
 0001:00017e36       ?_JumpToContinuation@@YGXPAXPAUEHRegistrationNode@@@Z 10018e36 f   libvcruntime:trnsctrl.obj
 0001:00017e66       ?_UnwindNestedFrames@@YGXPAUEHRegistrationNode@@PAUEHExceptionRecord@@@Z 10018e66 f   libvcruntime:trnsctrl.obj
 0001:00017eb9       __CatchGuardHandler        10018eb9 f   libvcruntime:trnsctrl.obj
 0001:00017eea       __CreateFrameInfo          10018eea f   libvcruntime:trnsctrl.obj
 0001:00017f0e       __FindAndUnlinkFrame       10018f0e f   libvcruntime:trnsctrl.obj
 0001:00017f53       __TranslatorGuardHandler   10018f53 f   libvcruntime:trnsctrl.obj
 0001:00017ff0       ___CxxFrameHandler3        10018ff0 f   libvcruntime:trnsctrl.obj
 0001:00018026       _wcschr                    10019026 f   libvcruntime:wcschr.obj
 0001:000180ed       _wcsstr                    100190ed f   libvcruntime:wcsstr.obj
 0001:00018370       _memmove                   10019370 f   libvcruntime:memmove.obj
 0001:000188f0       _memset                    100198f0 f   libvcruntime:memset.obj
 0001:00018a4a       ___DestructExceptionObject 10019a4a f   libvcruntime:ehhelpers.obj
 0001:00018aea       ?_CallMemberFunction0@@YGXQAX0@Z 10019aea f i libvcruntime:ehhelpers.obj
 0001:00018af7       __IsExceptionObjectToBeDestroyed 10019af7 f   libvcruntime:ehhelpers.obj
 0001:00018b1d       ___AdjustPointer           10019b1d f   libvcruntime:ehhelpers.obj
 0001:00018b42       ___FrameUnwindFilter       10019b42 f   libvcruntime:ehhelpers.obj
 0001:00018b87       ___std_terminate           10019b87 f   libvcruntime:ehhelpers.obj
 0001:00018b8c       ___std_exception_copy      10019b8c f   libvcruntime:std_exception.obj
 0001:00018bef       ___std_exception_destroy   10019bef f   libvcruntime:std_exception.obj
 0001:00018c0e       __CxxThrowException@8      10019c0e f   libvcruntime:throw.obj
 0001:00018c7b       __get_purecall_handler     10019c7b f   libvcruntime:purevirt.obj
 0001:00018c90       __purecall                 10019c90 f   libvcruntime:purevirt.obj
 0001:00018cac       _wcsrchr                   10019cac f   libvcruntime:wcsrchr.obj
 0001:00018d50       _memcpy                    10019d50 f   libvcruntime:memcpy.obj
 0001:00019310       __except_handler4          1001a310 f   libvcruntime:chandler4.obj
 0001:00019470       _strrchr                   1001a470 f   libvcruntime:strrchr.obj
 0001:000195b0       _strchr                    1001a5b0 f   libvcruntime:strchr.obj
 0001:0001961e       ___from_strstr_to_strchr   1001a61e     libvcruntime:strchr.obj
 0001:000196db       ___vcrt_initialize         1001a6db f   libvcruntime:initialization.obj
 0001:00019704       ___vcrt_thread_attach      1001a704 f   libvcruntime:initialization.obj
 0001:0001970f       ___vcrt_thread_detach      1001a70f f   libvcruntime:initialization.obj
 0001:0001971a       ___vcrt_uninitialize       1001a71a f   libvcruntime:initialization.obj
 0001:00019739       ___vcrt_uninitialize_critical 1001a739 f   libvcruntime:initialization.obj
 0001:00019741       ___std_type_info_compare   1001a741 f   libvcruntime:std_type_info.obj
 0001:0001977d       ___std_type_info_destroy_list 1001a77d f   libvcruntime:std_type_info.obj
 0001:000197a0       ___vcrt_freefls@4          1001a7a0 f   libvcruntime:per_thread_data.obj
 0001:000197bc       ___vcrt_freeptd            1001a7bc f   libvcruntime:per_thread_data.obj
 0001:000197f2       ___vcrt_getptd             1001a7f2 f   libvcruntime:per_thread_data.obj
 0001:00019800       ___vcrt_getptd_noexit      1001a800 f   libvcruntime:per_thread_data.obj
[...]
 0002:0000a3cc       __ehfuncinfo$?SearchAppPaths@@YA_NPB_WAAUCEStr@@_NPAVCEnvRestorer@@@Z 100343cc     common-user32:WFiles.obj
 0002:0000a3f0       __unwindtable$?SearchAppPaths@@YA_NPB_WAAUCEStr@@_NPAVCEnvRestorer@@@Z 100343f0     common-user32:WFiles.obj
 0002:0000a418       __unwindtable$?UpdateComspec@@YAXPAUConEmuComspec@@_N@Z 10034418     common-user32:WUser.obj
 0002:0000a438       __ehfuncinfo$?UpdateComspec@@YAXPAUConEmuComspec@@_N@Z 10034438     common-user32:WUser.obj
 0002:0000a4f0       __sehtable$?dllmain_crt_process_attach@@YAHQAUHINSTANCE__@@QAX@Z 100344f0     LIBCMT:dll_dllmain.obj
 0002:0000a510       __sehtable$?dllmain_crt_process_detach@@YAH_N@Z 10034510     LIBCMT:dll_dllmain.obj
 0002:0000a530       __sehtable$?dllmain_dispatch@@YAHQAUHINSTANCE__@@KQAX@Z 10034530     LIBCMT:dll_dllmain.obj
 0002:0000a550       __sehtable$___scrt_is_nonwritable_in_current_image 10034550     LIBCMT:utility.obj
 0002:0000a570       __sehtable$___DestructExceptionObject 10034570     libvcruntime:ehhelpers.obj
 0002:0000a590       __sehtable$?FrameUnwindToState@__FrameHandler3@@SAXPAUEHRegistrationNode@@PAXPBU_s_FuncInfo@@H@Z 10034590     libvcruntime:frame.obj
 0002:0000a5b8       __sehtable$?CallCatchBlock@@YAPAXPAUEHExceptionRecord@@PAUEHRegistrationNode@@PAU_CONTEXT@@PBU_s_FuncInfo@@PAXHK@Z 100345b8     libvcruntime:frame.obj
 0002:0000a5e0       __catchsym$?CallUnexpected@@YAXPBU_s_ESTypeList@@@Z$2 100345e0     libvcruntime:frame.obj
 0002:0000a5f0       __unwindtable$?CallUnexpected@@YAXPBU_s_ESTypeList@@@Z 100345f0     libvcruntime:frame.obj
 0002:0000a600       __tryblocktable$?CallUnexpected@@YAXPBU_s_ESTypeList@@@Z 10034600     libvcruntime:frame.obj
 0002:0000a614       __ehfuncinfo$?CallUnexpected@@YAXPBU_s_ESTypeList@@@Z 10034614     libvcruntime:frame.obj
 0002:0000a638       __sehtable$??$BuildCatchObjectHelperInternal@$$CBU_s_HandlerType@@@@YAHPAUEHExceptionRecord@@PAXPBU_s_HandlerType@@PBU_s_CatchableType@@@Z 10034638     libvcruntime:frame.obj
 0002:0000a658       __sehtable$??$BuildCatchObjectInternal@$$CBU_s_HandlerType@@@@YAXPAUEHExceptionRecord@@PAXPBU_s_HandlerType@@PBU_s_CatchableType@@@Z 10034658     libvcruntime:frame.obj
 0002:0000a6b0       __sehtable$?common_exit@@YAXHW4_crt_exit_cleanup_mode@@W4_crt_exit_return_mode@@@Z 100346b0     libucrt:exit.obj
 0002:0000a6d8       __sehtable$??$?RV<lambda_800076c951b434888f4765a74a194fcc>@@AAV<lambda_4e60a939b0d047cfe11ddc22648dfba9>@@V<lambda_6dbb1268764f43b569ce7b67e331d33a>@@@?$__crt_seh_guarded_call@H@@QAEH$$QAV<lambda_800076c951b434888f4765a74a194fcc>@@AAV<lambda_4e60a939b0d047cfe11ddc22648dfba9>@@$$QAV<lambda_6dbb1268764f43b569ce7b67e331d33a>@@@Z 100346d8     libucrt:onexit.obj
 0002:0000a6f8       __sehtable$??$?RV<lambda_995298e7d72eb4c2aab26c0585b3abe5>@@AAV<lambda_275893d493268fdec8709772e3fcec0e>@@V<lambda_293819299cbf9a7022e18b56a874bb5c>@@@?$__crt_seh_guarded_call@H@@QAEH$$QAV<lambda_995298e7d72eb4c2aab26c0585b3abe5>@@AAV<lambda_275893d493268fdec8709772e3fcec0e>@@$$QAV<lambda_293819299cbf9a7022e18b56a874bb5c>@@@Z 100346f8     libucrt:onexit.obj
 0002:0000a718       __sehtable$_terminate      10034718     libucrt:terminate.obj
 0002:0000a738       __sehtable$??$?RV<lambda_9df27f884b057bc3edfc946cb5b7cf47>@@AAV<lambda_e69574bed617af4e071282c136b37893>@@V<lambda_cc0d902bcbbeb830f749456577db4721>@@@?$__crt_seh_guarded_call@X@@QAEX$$QAV<lambda_9df27f884b057bc3edfc946cb5b7cf47>@@AAV<lambda_e69574bed617af4e071282c136b37893>@@$$QAV<lambda_cc0d902bcbbeb830f749456577db4721>@@@Z 10034738     libucrt:per_thread_data.obj
 0002:0000a758       __sehtable$??$?RV<lambda_3518db117f0e7cdb002338c5d3c47b6c>@@AAV<lambda_b2ea41f6bbb362cd97d94c6828d90b61>@@V<lambda_abdedf541bb04549bc734292b4a045d4>@@@?$__crt_seh_guarded_call@X@@QAEX$$QAV<lambda_3518db117f0e7cdb002338c5d3c47b6c>@@AAV<lambda_b2ea41f6bbb362cd97d94c6828d90b61>@@$$QAV<lambda_abdedf541bb04549bc734292b4a045d4>@@@Z 10034758     libucrt:per_thread_data.obj
 0002:0000a778       __sehtable$??$?RV<lambda_51b6e8b1eb166f2a3faf91f424b38130>@@AAV<lambda_6250bd4b2a391816dd638c3bf72b0bcb>@@V<lambda_0b5a4a3e68152e1d9b943535f5f47bed>@@@?$__crt_seh_guarded_call@X@@QAEX$$QAV<lambda_51b6e8b1eb166f2a3faf91f424b38130>@@AAV<lambda_6250bd4b2a391816dd638c3bf72b0bcb>@@$$QAV<lambda_0b5a4a3e68152e1d9b943535f5f47bed>@@@Z 10034778     libucrt:per_thread_data.obj
 0002:0000a798       __sehtable$??$?RV<lambda_5b71d36f03204c0beab531769a5b5694>@@AAV<lambda_be2b3da3f62db62e9dad5dc70221a656>@@V<lambda_8f9ce462984622f9bf76b59e2aaaf805>@@@?$__crt_seh_guarded_call@X@@QAEX$$QAV<lambda_5b71d36f03204c0beab531769a5b5694>@@AAV<lambda_be2b3da3f62db62e9dad5dc70221a656>@@$$QAV<lambda_8f9ce462984622f9bf76b59e2aaaf805>@@@Z 10034798     libucrt:per_thread_data.obj
 0002:0000a7b8       __sehtable$___acrt_uninitialize_locale 100347b8     libucrt:wsetlocale.obj
 0002:0000a7d8       __sehtable$___acrt_initialize_lowio 100347d8     libucrt:ioinit.obj
 0002:0000a7f8       __sehtable$___acrt_update_thread_multibyte_data 100347f8     libucrt:mbctype.obj
 0002:0000a818       __sehtable$??$?RV<lambda_978dc153c237d78434369da87b74ff60>@@AAV<lambda_ad1ced32f4ac17aa236e5ef05d6b3b7c>@@V<lambda_4a8533e2866a575feecb8298ce776b0d>@@@?$__crt_seh_guarded_call@X@@QAEX$$QAV<lambda_978dc153c237d78434369da87b74ff60>@@AAV<lambda_ad1ced32f4ac17aa236e5ef05d6b3b7c>@@$$QAV<lambda_4a8533e2866a575feecb8298ce776b0d>@@@Z 10034818     libucrt:mbctype.obj
 0002:0000a838       __sehtable$__query_new_handler 10034838     libucrt:new_handler.obj
 0002:0000a858       __sehtable$_raise          10034858     libucrt:signal.obj
 0002:0000a878       __sehtable$??$?RV<lambda_a048d3beccc847880fc8490e18b82769>@@AAV<lambda_ec61778202f4f5fc7e7711acc23c3bca>@@V<lambda_f7496a158712204296dd6628a163878e>@@@?$__crt_seh_guarded_call@P6AXH@Z@@QAEP6AXH@Z$$QAV<lambda_a048d3beccc847880fc8490e18b82769>@@AAV<lambda_ec61778202f4f5fc7e7711acc23c3bca>@@$$QAV<lambda_f7496a158712204296dd6628a163878e>@@@Z 10034878     libucrt:signal.obj
 0002:0000a898       __sehtable$___acrt_update_thread_locale_data 10034898     libucrt:locale_refcounting.obj
 0002:0000a8b8       __sehtable$__fcloseall     100348b8     libucrt:closeall.obj
 0002:0000a8d8       __sehtable$_common_flush_all 100348d8     libucrt:fflush.obj
 0002:0000a900       __sehtable$___acrt_lowio_ensure_fh_exists 10034900     libucrt:osfinfo.obj
 0002:0000a920       __sehtable$__write         10034920     libucrt:write.obj
 0002:0000a940       __sehtable$_fclose         10034940     libucrt:fclose.obj
 0002:0000a960       __sehtable$??$?RV<lambda_61cee617f5178ae960314fd4d05640a0>@@AAV<lambda_6978c1fb23f02e42e1d9e99668cc68aa>@@V<lambda_9cd88cf8ad10232537feb2133f08c833>@@@?$__crt_seh_guarded_call@H@@QAEH$$QAV<lambda_61cee617f5178ae960314fd4d05640a0>@@AAV<lambda_6978c1fb23f02e42e1d9e99668cc68aa>@@$$QAV<lambda_9cd88cf8ad10232537feb2133f08c833>@@@Z 10034960     libucrt:commit.obj
 0002:0000a980       __sehtable$??$?RV<lambda_123407a5e2ac06da108355a851863b7a>@@AAV<lambda_2fe9b910cf3cbf4a0ab98a02ba45b3ec>@@V<lambda_ae55bdf541ad94d75914d381c370e64d>@@@?$__crt_seh_guarded_call@H@@QAEH$$QAV<lambda_123407a5e2ac06da108355a851863b7a>@@AAV<lambda_2fe9b910cf3cbf4a0ab98a02ba45b3ec>@@$$QAV<lambda_ae55bdf541ad94d75914d381c370e64d>@@@Z 10034980     libucrt:close.obj
 0002:0000a9a0       __sehtable$__IsNonwritableInCurrentImage 100349a0     LIBCMT:pesect.obj
 0002:0000a9c0       .edata                     100349c0     ConEmu.exp
 0002:0000a9e8       rgpv                       100349e8     ConEmu.exp
 0002:0000aa54       rgszName                   10034a54     ConEmu.exp
 0002:0000aac0       rgwOrd                     10034ac0     ConEmu.exp
 0002:0000aaf6       szName                     10034af6     ConEmu.exp
 0002:0000ab01       $N00001                    10034b01     ConEmu.exp
 0002:0000ab11       $N00002                    10034b11     ConEmu.exp
 0002:0000ab19       $N00003                    10034b19     ConEmu.exp
 0002:0000ab25       $N00004                    10034b25     ConEmu.exp
 0002:0000ab30       $N00005                    10034b30     ConEmu.exp
 0002:0000ab3e       $N00006                    10034b3e     ConEmu.exp
 0002:0000ab4f       $N00007                    10034b4f     ConEmu.exp
 0002:0000ab5d       $N00008                    10034b5d     ConEmu.exp
 0002:0000ab6c       $N00009                    10034b6c     ConEmu.exp
 0002:0000ab7c       $N00010                    10034b7c     ConEmu.exp
 0002:0000ab87       $N00011                    10034b87     ConEmu.exp
 0002:0000ab8d       $N00012                    10034b8d     ConEmu.exp
 0002:0000aba0       $N00013                    10034ba0     ConEmu.exp
 0002:0000abb3       $N00014                    10034bb3     ConEmu.exp
 0002:0000abc6       $N00015                    10034bc6     ConEmu.exp
 0002:0000abd9       $N00016                    10034bd9     ConEmu.exp
 0002:0000abeb       $N00017                    10034beb     ConEmu.exp
 0002:0000abfa       $N00018                    10034bfa     ConEmu.exp
 0002:0000ac06       $N00019                    10034c06     ConEmu.exp
 0002:0000ac0f       $N00020                    10034c0f     ConEmu.exp
 0002:0000ac1e       $N00021                    10034c1e     ConEmu.exp
 0002:0000ac30       $N00022                    10034c30     ConEmu.exp
 0002:0000ac3c       $N00023                    10034c3c     ConEmu.exp
 0002:0000ac50       $N00024                    10034c50     ConEmu.exp
 0002:0000ac64       $N00025                    10034c64     ConEmu.exp
 0002:0000ac79       $N00026                    10034c79     ConEmu.exp
 0002:0000ac8d       $N00027                    10034c8d     ConEmu.exp
 0002:0000b092       .idata$6                   10035092     version:VERSION.dll
 0002:0000b5fc       .idata$6                   100355fc     kernel32:KERNEL32.dll
 0002:0000b708       .idata$6                   10035708     user32:USER32.dll
 0002:0000b7a8       .idata$6                   100357a8     gdi32:GDI32.dll
 0002:0000b7e4       .idata$6                   100357e4     advapi32:ADVAPI32.dll
 0003:00000100       ?val@?CE@??Open@CPluginW2800@@UAEPAXPBX@Z@4UFarMacroValue@@A 10036100     ConEmuPlugin2800.obj
 0003:00000240       ?__vcrt_flsindex@@3KA      10036240     libvcruntime:per_thread_data.obj
 0003:00000260       _errno_no_memory           10036260     libucrt:errno.obj
 0003:00000264       _doserrno_no_memory        10036264     libucrt:errno.obj
 0003:00000270       ___acrt_flsindex           10036270     libucrt:per_thread_data.obj
 0003:000003e8       ___rgctypeflag             100363e8     libucrt:mbctype.obj
 0003:000003f0       ___rgcode_page_info        100363f0     libucrt:mbctype.obj
 0003:00000d50       ?store@?M@??GetPanelInfo@CPluginW1900@@UAE_NKPAUCEPanelInfo@@@Z@4UPanelInfo@@A 10036d50     ConEmuPlugin1900.obj
 0003:00000da0       ?szMenu@?1??GetPluginInfoPtr@CPluginW1900@@UAEXPAX@Z@4PAPA_WA 10036da0     ConEmuPlugin1900.obj
 0003:00000da8       ?szMenu1@?1??GetPluginInfoPtr@CPluginW1900@@UAEXPAX@Z@4PA_WA 10036da8     ConEmuPlugin1900.obj
 0003:00000fa8       ?WLastActive@?1??UpdateConEmuTabsApi@CPluginW1900@@UAE_NH@Z@4UWindowInfo@@A 10036fa8     ConEmuPlugin1900.obj
 0003:00000fd8       ?pwList@@3PAV?$MArray@UWindowInfo@@@@A 10036fd8     ConEmuPlugin2800.obj
 0003:00000fe0       ?store@?M@??GetPanelInfo@CPluginW2800@@UAE_NKPAUCEPanelInfo@@@Z@4UPanelInfo@@A 10036fe0     ConEmuPlugin2800.obj
 0003:00001030       ?szMenu@?1??GetPluginInfoPtr@CPluginW2800@@UAEXPAX@Z@4PAPA_WA 10037030     ConEmuPlugin2800.obj
 0003:00001038       ?szMenu1@?1??GetPluginInfoPtr@CPluginW2800@@UAEXPAX@Z@4PA_WA 10037038     ConEmuPlugin2800.obj
 0003:00001238       ?WLastActive@?1??UpdateConEmuTabsApi@CPluginW2800@@UAE_NH@Z@4UWindowInfo@@A 10037238     ConEmuPlugin2800.obj
 0003:00001260       ?rc@?CE@??Open@CPluginW2800@@UAEPAXPBX@Z@4UFarMacroCall@@A 10037260     ConEmuPlugin2800.obj
 0003:0000127c       ?ghSyncDlg@@3PAXA          1003727c     ConEmuPlugin995.obj
 0003:00001280       ?store@?M@??GetPanelInfo@CPluginW995@@UAE_NKPAUCEPanelInfo@@@Z@4UPanelInfo@@A 10037280     ConEmuPlugin995.obj
 0003:000012c4       ?szMenu@?1??GetPluginInfoPtr@CPluginW995@@UAEXPAX@Z@4PAPA_WA 100372c4     ConEmuPlugin995.obj
 0003:000012c8       ?szMenu1@?1??GetPluginInfoPtr@CPluginW995@@UAEXPAX@Z@4PA_WA 100372c8     ConEmuPlugin995.obj
 0003:000014d0       ?store@?M@??GetPanelInfo@CPluginAnsi@@UAE_NKPAUCEPanelInfo@@@Z@4UPanelInfo@@A 100374d0     ConEmuPluginA.obj
 0003:000016c0       ?szMenu@?1??GetPluginInfoPtr@CPluginAnsi@@UAEXPAX@Z@4PAPADA 100376c0     ConEmuPluginA.obj
 0003:000016c8       ?szMenu1@?1??GetPluginInfoPtr@CPluginAnsi@@UAEXPAX@Z@4PADA 100376c8     ConEmuPluginA.obj
 0003:000029a8       ?gbTryOpenMapHeader@@3HA   100389a8     ConEmuPluginBase.obj
 0003:000029ac       ?gbStartupHooksAfterMap@@3HA 100389ac     ConEmuPluginBase.obj
 0003:000029b0       ?siEnabled@?1??CheckBufferEnabled@CPluginBase@@QAE_NXZ@4HA 100389b0     ConEmuPluginBase.obj
 0003:000029b4       ?dwLastTickCount@?7??CheckResources@CPluginBase@@QAEX_N@Z@4KA 100389b4     ConEmuPluginBase.obj
 0003:000029b8       ?$TSS0@?7??CheckResources@CPluginBase@@QAEX_N@Z@4HA 100389b8     ConEmuPluginBase.obj
 0003:000029bc       ?dwLastTickCount@?9??OnConsolePeekReadInput@CPluginBase@@SAX_N@Z@4KA 100389bc     ConEmuPluginBase.obj
 0003:00002c04       ?gHeapInit@?A0x333b15f0@@3U?$atomic@H@std@@A 10038c04     common-kernel32:Memory.obj
 0003:00002c08       ?gHeapCounter@?A0x333b15f0@@3U?$atomic@H@std@@A 10038c08     common-kernel32:Memory.obj
 0003:00002c20       ?szFile@?1??ModuleName@@YAPB_WPB_W@Z@4PA_WA 10038c20     common-kernel32:ConEmuCheck.obj
 0003:00002c64       ?gh_UnknownTerminatedThread@@3PAXA 10038c64     common-kernel32:WThreads.obj
 0003:00002c68       ?g_Threads@@3PAUConEmuThreadInfo@@A 10038c68     common-kernel32:WThreads.obj
 0003:0000a46c       ?szNil@?1??GetCommand@CESERVER_REQ_NEWCMD@@QAEPA_WXZ@4PA_WA 1004046c     common-kernel32:Common.obj
 0003:0000a478       ?rtlVerifyVersionInfo@?1??_VerifyVersionInfo@@YA_NPAU_OSVERSIONINFOEXW@@K_K@Z@4P6GH0K1@ZA 10040478     common-kernel32:WObjects.obj
 0003:0000a47c       ?hasRtl@?1??_VerifyVersionInfo@@YA_NPAU_OSVERSIONINFOEXW@@K_K@Z@4HA 1004047c     common-kernel32:WObjects.obj
 0003:0000a480       ?ibIsWin6@?1??IsWin6@@YA_NXZ@4HA 10040480     common-kernel32:WObjects.obj
 0003:0000a484       ?ibIsWin7@?1??IsWin7@@YA_NXZ@4HA 10040484     common-kernel32:WObjects.obj
 0003:0000a488       ?is64bitOs@?1??IsWindows64@@YA_NXZ@4_NA 10040488     common-kernel32:WObjects.obj
 0003:0000a489       ?isOsChecked@?1??IsWindows64@@YA_NXZ@4_NA 10040489     common-kernel32:WObjects.obj
 0003:0000a490       ?terminalMode@?1??isTerminalMode@@YA_NXZ@4_NA 10040490     common-kernel32:MProcess.obj
 0003:0000a491       ?terminalChecked@?1??isTerminalMode@@YA_NXZ@4_NA 10040491     common-kernel32:MProcess.obj
 0003:0000a492       ?bSysInfoRetrieved@?1??IsModuleValid@@YA_NPAUHINSTANCE__@@H@Z@4_NA 10040492     common-kernel32:WModuleCheck.obj
 0003:0000a494       ?si@?1??IsModuleValid@@YA_NPAUHINSTANCE__@@H@Z@4U_SYSTEM_INFO@@A 10040494     common-kernel32:WModuleCheck.obj
 0003:0000a4c4       ?_Tss_mutex@@3U_RTL_CRITICAL_SECTION@@A 100404c4     LIBCMT:thread_safe_statics.obj
 0003:0000a4dc       ?_Tss_cv@@3U_RTL_CONDITION_VARIABLE@@A 100404dc     LIBCMT:thread_safe_statics.obj
 0003:0000a4e0       ?_Tss_event@@3PAXA         100404e0     LIBCMT:thread_safe_statics.obj
 0003:0000a4e4       ?encoded_sleep_condition_variable_cs@@3P6GHPAU_RTL_CONDITION_VARIABLE@@PAU_RTL_CRITICAL_SECTION@@K@ZA 100404e4     LIBCMT:thread_safe_statics.obj
 0003:0000a4e8       ?encoded_wake_all_condition_variable@@3P6GXPAU_RTL_CONDITION_VARIABLE@@@ZA 100404e8     LIBCMT:thread_safe_statics.obj
 0003:0000a4ec       ?__proc_attached@@3HA      100404ec     LIBCMT:dll_dllmain.obj
 0003:0000a4f8       ?is_initialized_as_dll@@3_NA 100404f8     LIBCMT:utility.obj
 0003:0000a4f9       ?module_local_atexit_table_initialized@@3_NA 100404f9     LIBCMT:utility.obj
 0003:0000a4fc       ?module_local_atexit_table@@3U_onexit_table_t@@A 100404fc     LIBCMT:utility.obj
 0003:0000a508       ?module_local_at_quick_exit_table@@3U_onexit_table_t@@A 10040508     LIBCMT:utility.obj
 0003:0000a518       _GS_ExceptionRecord        10040518     LIBCMT:gs_report.obj
 0003:0000a568       _GS_ContextRecord          10040568     LIBCMT:gs_report.obj
 0003:0000a854       ?__vcrt_startup_thread_ptd@@3U__vcrt_ptd@@A 10040854     libvcruntime:per_thread_data.obj
 0003:0000a880       ___vcrt_lock_table         10040880     libvcruntime:locks.obj
 0003:0000a898       ___vcrt_locks_initialized  10040898     libvcruntime:locks.obj
 0003:0000a89c       ?module_handles@@3PAPAUHINSTANCE__@@A 1004089c     libvcruntime:winapi_downlevel.obj
 0003:0000a8a8       ?encoded_function_pointers@@3PAPAXA 100408a8     libvcruntime:winapi_downlevel.obj
 0003:0000a8e4       ?heap@@3V_HeapManager@@A   100408e4     libvcruntime:undname.obj
 0003:0000a8f8       ___acrt_invalid_parameter_handler 100408f8     libucrt:invalid_parameter.obj
 0003:0000a8fc       _c_termination_complete    100408fc     libucrt:exit.obj
 0003:0000a900       _thread_local_exit_callback_func 10040900     libucrt:exit.obj
 0003:0000a904       ?c_exit_complete@?5??common_exit@@YAXHW4_crt_exit_cleanup_mode@@W4_crt_exit_return_mode@@@Z@4_NA 10040904     libucrt:exit.obj
 0003:0000a908       ?program_name@?5???$common_configure_argv@D@@YAHW4_crt_argv_mode@@@Z@4PADA 10040908     libucrt:argv_parsing.obj
 0003:0000aa40       _enable_percent_n          10040a40     libucrt:printf_count_output.obj
 0003:0000ac60       ___acrt_lock_table         10040c60     libucrt:locks.obj
 0003:0000ad98       ___acrt_locks_initialized  10040d98     libucrt:locks.obj
 0003:0000ada0       _module_handles            10040da0     libucrt:winapi_thunks.obj
 0003:0000adf0       _encoded_function_pointers 10040df0     libucrt:winapi_thunks.obj
 0003:0000ae70       ?state_cache@?1??__acrt_is_packaged_app@@9@4JA 10040e70     libucrt:winapi_thunks.obj
 0003:0000ae8c       _fSystemSet                10040e8c     libucrt:mbctype.obj
 0003:0000ae90       ?initialized@?1??__acrt_initialize_multibyte@@9@4_NA 10040e90     libucrt:mbctype.obj
 0003:0000aeb0       ___acrt_new_handler        10040eb0     libucrt:new_handler.obj
 0003:0000aeb4       _ctrlc_action              10040eb4     libucrt:signal.obj
 0003:0000aeb8       _ctrlbreak_action          10040eb8     libucrt:signal.obj
 0003:0000aebc       _abort_action              10040ebc     libucrt:signal.obj
 0003:0000aec0       _term_action               10040ec0     libucrt:signal.obj
 0003:0000aec4       _user_matherr              10040ec4     libucrt:matherr.obj
 0003:0000aec8       ___acrt_global_new_mode    10040ec8     libucrt:new_mode.obj
 0003:0000aed4       ___acrt_app_type           10040ed4     libucrt:report_runtime_error.obj
 0003:0000aedc       __pmatherr_set             10040edc     libucrt:libm_error.obj
 0003:0000af34       ?gbPauseConsoleWasRequested@@3_NA 10040f34     common-kernel32:WConsole.obj
 0003:0000af38       ?GetCurrentConsoleFontEx@?1??apiGetCurrentConsoleFontEx@@YAHPAXHPAUMY_CONSOLE_FONT_INFOEX@@@Z@4P6GH0H1@ZA 10040f38     common-kernel32:WConsole.obj
 0003:0000af3c       ?bFuncChecked@?1??apiGetCurrentConsoleFontEx@@YAHPAXHPAUMY_CONSOLE_FONT_INFOEX@@@Z@4_NA 10040f3c     common-kernel32:WConsole.obj
 0003:0000af40       ?SetCurrentConsoleFontEx@?1??apiSetCurrentConsoleFontEx@@YAHPAXHPAUMY_CONSOLE_FONT_INFOEX@@@Z@4P6GH0H1@ZA 10040f40     common-kernel32:WConsole.obj
 0003:0000af44       ?bFuncChecked@?1??apiSetCurrentConsoleFontEx@@YAHPAXHPAUMY_CONSOLE_FONT_INFOEX@@@Z@4_NA 10040f44     common-kernel32:WConsole.obj
 0004:000000a0       $R000000                   100410a0     ConEmu.res
 0004:000003a8       $R000308                   100413a8     ConEmu.res
